<?xml version="1.0" encoding="ISO-8859-1" ?>
<link_info>
   <banner>TI ARM Linker PC v20.2.5.LTS</banner>
   <copyright>Copyright (c) 1996-2018 Texas Instruments Incorporated</copyright>
   <link_time>0x6284504d</link_time>
   <link_errors>0x0</link_errors>
   <output_file>COFFEE_MACHINE.out</output_file>
   <entry_point>
      <name>_c_int00_noargs</name>
      <address>0x6351</address>
   </entry_point>
   <input_file_list>
      <input_file id="fl-2">
         <path>.\</path>
         <kind>object</kind>
         <file>coffee.obj</file>
         <name>coffee.obj</name>
      </input_file>
      <input_file id="fl-3">
         <path>.\</path>
         <kind>object</kind>
         <file>digitalswitch.obj</file>
         <name>digitalswitch.obj</name>
      </input_file>
      <input_file id="fl-4">
         <path>.\</path>
         <kind>object</kind>
         <file>heap_2.obj</file>
         <name>heap_2.obj</name>
      </input_file>
      <input_file id="fl-5">
         <path>.\</path>
         <kind>object</kind>
         <file>key.obj</file>
         <name>key.obj</name>
      </input_file>
      <input_file id="fl-6">
         <path>.\</path>
         <kind>object</kind>
         <file>lcd.obj</file>
         <name>lcd.obj</name>
      </input_file>
      <input_file id="fl-7">
         <path>.\</path>
         <kind>object</kind>
         <file>led.obj</file>
         <name>led.obj</name>
      </input_file>
      <input_file id="fl-8">
         <path>.\</path>
         <kind>object</kind>
         <file>list.obj</file>
         <name>list.obj</name>
      </input_file>
      <input_file id="fl-9">
         <path>.\</path>
         <kind>object</kind>
         <file>log.obj</file>
         <name>log.obj</name>
      </input_file>
      <input_file id="fl-a">
         <path>.\</path>
         <kind>object</kind>
         <file>main.obj</file>
         <name>main.obj</name>
      </input_file>
      <input_file id="fl-b">
         <path>.\</path>
         <kind>object</kind>
         <file>payment.obj</file>
         <name>payment.obj</name>
      </input_file>
      <input_file id="fl-c">
         <path>.\</path>
         <kind>object</kind>
         <file>port.obj</file>
         <name>port.obj</name>
      </input_file>
      <input_file id="fl-d">
         <path>.\</path>
         <kind>object</kind>
         <file>portasm.obj</file>
         <name>portasm.obj</name>
      </input_file>
      <input_file id="fl-e">
         <path>.\</path>
         <kind>object</kind>
         <file>queue.obj</file>
         <name>queue.obj</name>
      </input_file>
      <input_file id="fl-f">
         <path>.\</path>
         <kind>object</kind>
         <file>report.obj</file>
         <name>report.obj</name>
      </input_file>
      <input_file id="fl-10">
         <path>.\</path>
         <kind>object</kind>
         <file>startup_frt.obj</file>
         <name>startup_frt.obj</name>
      </input_file>
      <input_file id="fl-11">
         <path>.\</path>
         <kind>object</kind>
         <file>switch.obj</file>
         <name>switch.obj</name>
      </input_file>
      <input_file id="fl-12">
         <path>.\</path>
         <kind>object</kind>
         <file>systick_frt.obj</file>
         <name>systick_frt.obj</name>
      </input_file>
      <input_file id="fl-13">
         <path>.\</path>
         <kind>object</kind>
         <file>tasks.obj</file>
         <name>tasks.obj</name>
      </input_file>
      <input_file id="fl-14">
         <path>.\</path>
         <kind>object</kind>
         <file>uart0.obj</file>
         <name>uart0.obj</name>
      </input_file>
      <input_file id="fl-18">
         <kind>object</kind>
         <file>&lt;internal&gt;</file>
         <name>&lt;internal&gt;</name>
      </input_file>
      <input_file id="fl-ce">
         <path>C:\ti\ccs1110\ccs\tools\compiler\ti-cgt-arm_20.2.5.LTS\lib\</path>
         <kind>archive</kind>
         <file>rtsv7M4_T_le_v4SPD16_eabi.lib</file>
         <name>vsprintf.c.obj</name>
      </input_file>
      <input_file id="fl-cf">
         <path>C:\ti\ccs1110\ccs\tools\compiler\ti-cgt-arm_20.2.5.LTS\lib\</path>
         <kind>archive</kind>
         <file>rtsv7M4_T_le_v4SPD16_eabi.lib</file>
         <name>memcpy_t2.asm.obj</name>
      </input_file>
      <input_file id="fl-d0">
         <path>C:\ti\ccs1110\ccs\tools\compiler\ti-cgt-arm_20.2.5.LTS\lib\</path>
         <kind>archive</kind>
         <file>rtsv7M4_T_le_v4SPD16_eabi.lib</file>
         <name>copy_zero_init.c.obj</name>
      </input_file>
      <input_file id="fl-d1">
         <path>C:\ti\ccs1110\ccs\tools\compiler\ti-cgt-arm_20.2.5.LTS\lib\</path>
         <kind>archive</kind>
         <file>rtsv7M4_T_le_v4SPD16_eabi.lib</file>
         <name>copy_decompress_none.c.obj</name>
      </input_file>
      <input_file id="fl-d2">
         <path>C:\ti\ccs1110\ccs\tools\compiler\ti-cgt-arm_20.2.5.LTS\lib\</path>
         <kind>archive</kind>
         <file>rtsv7M4_T_le_v4SPD16_eabi.lib</file>
         <name>copy_decompress_lzss.c.obj</name>
      </input_file>
      <input_file id="fl-d3">
         <path>C:\ti\ccs1110\ccs\tools\compiler\ti-cgt-arm_20.2.5.LTS\lib\</path>
         <kind>archive</kind>
         <file>rtsv7M4_T_le_v4SPD16_eabi.lib</file>
         <name>strcmp.c.obj</name>
      </input_file>
      <input_file id="fl-d4">
         <path>C:\ti\ccs1110\ccs\tools\compiler\ti-cgt-arm_20.2.5.LTS\lib\</path>
         <kind>archive</kind>
         <file>rtsv7M4_T_le_v4SPD16_eabi.lib</file>
         <name>strcpy.c.obj</name>
      </input_file>
      <input_file id="fl-d5">
         <path>C:\ti\ccs1110\ccs\tools\compiler\ti-cgt-arm_20.2.5.LTS\lib\</path>
         <kind>archive</kind>
         <file>rtsv7M4_T_le_v4SPD16_eabi.lib</file>
         <name>boot_cortex_m.c.obj</name>
      </input_file>
      <input_file id="fl-d6">
         <path>C:\ti\ccs1110\ccs\tools\compiler\ti-cgt-arm_20.2.5.LTS\lib\</path>
         <kind>archive</kind>
         <file>rtsv7M4_T_le_v4SPD16_eabi.lib</file>
         <name>_printfi.c.obj</name>
      </input_file>
      <input_file id="fl-d7">
         <path>C:\ti\ccs1110\ccs\tools\compiler\ti-cgt-arm_20.2.5.LTS\lib\</path>
         <kind>archive</kind>
         <file>rtsv7M4_T_le_v4SPD16_eabi.lib</file>
         <name>s_frexp.c.obj</name>
      </input_file>
      <input_file id="fl-d8">
         <path>C:\ti\ccs1110\ccs\tools\compiler\ti-cgt-arm_20.2.5.LTS\lib\</path>
         <kind>archive</kind>
         <file>rtsv7M4_T_le_v4SPD16_eabi.lib</file>
         <name>s_scalbn.c.obj</name>
      </input_file>
      <input_file id="fl-d9">
         <path>C:\ti\ccs1110\ccs\tools\compiler\ti-cgt-arm_20.2.5.LTS\lib\</path>
         <kind>archive</kind>
         <file>rtsv7M4_T_le_v4SPD16_eabi.lib</file>
         <name>wcslen.c.obj</name>
      </input_file>
      <input_file id="fl-da">
         <path>C:\ti\ccs1110\ccs\tools\compiler\ti-cgt-arm_20.2.5.LTS\lib\</path>
         <kind>archive</kind>
         <file>rtsv7M4_T_le_v4SPD16_eabi.lib</file>
         <name>fd_add_t2.asm.obj</name>
      </input_file>
      <input_file id="fl-db">
         <path>C:\ti\ccs1110\ccs\tools\compiler\ti-cgt-arm_20.2.5.LTS\lib\</path>
         <kind>archive</kind>
         <file>rtsv7M4_T_le_v4SPD16_eabi.lib</file>
         <name>fd_cmp_t2.asm.obj</name>
      </input_file>
      <input_file id="fl-dc">
         <path>C:\ti\ccs1110\ccs\tools\compiler\ti-cgt-arm_20.2.5.LTS\lib\</path>
         <kind>archive</kind>
         <file>rtsv7M4_T_le_v4SPD16_eabi.lib</file>
         <name>fd_div_t2.asm.obj</name>
      </input_file>
      <input_file id="fl-dd">
         <path>C:\ti\ccs1110\ccs\tools\compiler\ti-cgt-arm_20.2.5.LTS\lib\</path>
         <kind>archive</kind>
         <file>rtsv7M4_T_le_v4SPD16_eabi.lib</file>
         <name>fd_mul_t2.asm.obj</name>
      </input_file>
      <input_file id="fl-de">
         <path>C:\ti\ccs1110\ccs\tools\compiler\ti-cgt-arm_20.2.5.LTS\lib\</path>
         <kind>archive</kind>
         <file>rtsv7M4_T_le_v4SPD16_eabi.lib</file>
         <name>fd_toi_t2.asm.obj</name>
      </input_file>
      <input_file id="fl-df">
         <path>C:\ti\ccs1110\ccs\tools\compiler\ti-cgt-arm_20.2.5.LTS\lib\</path>
         <kind>archive</kind>
         <file>rtsv7M4_T_le_v4SPD16_eabi.lib</file>
         <name>i_tofd_t2.asm.obj</name>
      </input_file>
      <input_file id="fl-e0">
         <path>C:\ti\ccs1110\ccs\tools\compiler\ti-cgt-arm_20.2.5.LTS\lib\</path>
         <kind>archive</kind>
         <file>rtsv7M4_T_le_v4SPD16_eabi.lib</file>
         <name>ull_div_t2.asm.obj</name>
      </input_file>
      <input_file id="fl-e1">
         <path>C:\ti\ccs1110\ccs\tools\compiler\ti-cgt-arm_20.2.5.LTS\lib\</path>
         <kind>archive</kind>
         <file>rtsv7M4_T_le_v4SPD16_eabi.lib</file>
         <name>memset_t2.asm.obj</name>
      </input_file>
      <input_file id="fl-e2">
         <path>C:\ti\ccs1110\ccs\tools\compiler\ti-cgt-arm_20.2.5.LTS\lib\</path>
         <kind>archive</kind>
         <file>rtsv7M4_T_le_v4SPD16_eabi.lib</file>
         <name>autoinit.c.obj</name>
      </input_file>
      <input_file id="fl-e3">
         <path>C:\ti\ccs1110\ccs\tools\compiler\ti-cgt-arm_20.2.5.LTS\lib\</path>
         <kind>archive</kind>
         <file>rtsv7M4_T_le_v4SPD16_eabi.lib</file>
         <name>pre_init.c.obj</name>
      </input_file>
      <input_file id="fl-e4">
         <path>C:\ti\ccs1110\ccs\tools\compiler\ti-cgt-arm_20.2.5.LTS\lib\</path>
         <kind>archive</kind>
         <file>rtsv7M4_T_le_v4SPD16_eabi.lib</file>
         <name>cpy_tbl.c.obj</name>
      </input_file>
      <input_file id="fl-e5">
         <path>C:\ti\ccs1110\ccs\tools\compiler\ti-cgt-arm_20.2.5.LTS\lib\</path>
         <kind>archive</kind>
         <file>rtsv7M4_T_le_v4SPD16_eabi.lib</file>
         <name>exit.c.obj</name>
      </input_file>
      <input_file id="fl-e6">
         <path>C:\ti\ccs1110\ccs\tools\compiler\ti-cgt-arm_20.2.5.LTS\lib\</path>
         <kind>archive</kind>
         <file>rtsv7M4_T_le_v4SPD16_eabi.lib</file>
         <name>_lock.c.obj</name>
      </input_file>
      <input_file id="fl-e7">
         <path>C:\ti\ccs1110\ccs\tools\compiler\ti-cgt-arm_20.2.5.LTS\lib\</path>
         <kind>archive</kind>
         <file>rtsv7M4_T_le_v4SPD16_eabi.lib</file>
         <name>_ltoa.c.obj</name>
      </input_file>
      <input_file id="fl-e8">
         <path>C:\ti\ccs1110\ccs\tools\compiler\ti-cgt-arm_20.2.5.LTS\lib\</path>
         <kind>archive</kind>
         <file>rtsv7M4_T_le_v4SPD16_eabi.lib</file>
         <name>args_main.c.obj</name>
      </input_file>
      <input_file id="fl-e9">
         <path>C:\ti\ccs1110\ccs\tools\compiler\ti-cgt-arm_20.2.5.LTS\lib\</path>
         <kind>archive</kind>
         <file>rtsv7M4_T_le_v4SPD16_eabi.lib</file>
         <name>atoi.c.obj</name>
      </input_file>
      <input_file id="fl-ea">
         <path>C:\ti\ccs1110\ccs\tools\compiler\ti-cgt-arm_20.2.5.LTS\lib\</path>
         <kind>archive</kind>
         <file>rtsv7M4_T_le_v4SPD16_eabi.lib</file>
         <name>ctype.c.obj</name>
      </input_file>
      <input_file id="fl-eb">
         <path>C:\ti\ccs1110\ccs\tools\compiler\ti-cgt-arm_20.2.5.LTS\lib\</path>
         <kind>archive</kind>
         <file>rtsv7M4_T_le_v4SPD16_eabi.lib</file>
         <name>memccpy.c.obj</name>
      </input_file>
      <input_file id="fl-ec">
         <path>C:\ti\ccs1110\ccs\tools\compiler\ti-cgt-arm_20.2.5.LTS\lib\</path>
         <kind>archive</kind>
         <file>rtsv7M4_T_le_v4SPD16_eabi.lib</file>
         <name>strchr.c.obj</name>
      </input_file>
      <input_file id="fl-ed">
         <path>C:\ti\ccs1110\ccs\tools\compiler\ti-cgt-arm_20.2.5.LTS\lib\</path>
         <kind>archive</kind>
         <file>rtsv7M4_T_le_v4SPD16_eabi.lib</file>
         <name>strlen.c.obj</name>
      </input_file>
      <input_file id="fl-ee">
         <path>C:\ti\ccs1110\ccs\tools\compiler\ti-cgt-arm_20.2.5.LTS\lib\</path>
         <kind>archive</kind>
         <file>rtsv7M4_T_le_v4SPD16_eabi.lib</file>
         <name>errno.c.obj</name>
      </input_file>
      <input_file id="fl-ef">
         <path>C:\ti\ccs1110\ccs\tools\compiler\ti-cgt-arm_20.2.5.LTS\lib\</path>
         <kind>archive</kind>
         <file>rtsv7M4_T_le_v4SPD16_eabi.lib</file>
         <name>s_copysign.c.obj</name>
      </input_file>
      <input_file id="fl-f0">
         <path>C:\ti\ccs1110\ccs\tools\compiler\ti-cgt-arm_20.2.5.LTS\lib\</path>
         <kind>archive</kind>
         <file>rtsv7M4_T_le_v4SPD16_eabi.lib</file>
         <name>div0.asm.obj</name>
      </input_file>
   </input_file_list>
   <object_component_list>
      <object_component id="oc-12">
         <name>.intvecs</name>
         <load_address>0x0</load_address>
         <run_address>0x0</run_address>
         <size>0x26c</size>
         <input_file_ref idref="fl-10"/>
      </object_component>
      <object_component id="oc-7f">
         <name>.text</name>
         <load_address>0x26c</load_address>
         <run_address>0x26c</run_address>
         <size>0x14f4</size>
         <input_file_ref idref="fl-13"/>
      </object_component>
      <object_component id="oc-203">
         <name>.text</name>
         <load_address>0x1760</load_address>
         <run_address>0x1760</run_address>
         <size>0xd50</size>
         <input_file_ref idref="fl-e"/>
      </object_component>
      <object_component id="oc-2a9">
         <name>.text:__TI_printfi</name>
         <load_address>0x24b0</load_address>
         <run_address>0x24b0</run_address>
         <size>0xa4e</size>
         <input_file_ref idref="fl-d6"/>
      </object_component>
      <object_component id="oc-3fb">
         <name>.text</name>
         <load_address>0x2efe</load_address>
         <run_address>0x2efe</run_address>
         <size>0x2</size>
         <input_file_ref idref="fl-f0"/>
      </object_component>
      <object_component id="oc-153">
         <name>.text</name>
         <load_address>0x2f00</load_address>
         <run_address>0x2f00</run_address>
         <size>0x5f8</size>
         <input_file_ref idref="fl-2"/>
      </object_component>
      <object_component id="oc-14d">
         <name>.text</name>
         <load_address>0x34f8</load_address>
         <run_address>0x34f8</run_address>
         <size>0x4cc</size>
         <input_file_ref idref="fl-b"/>
      </object_component>
      <object_component id="oc-147">
         <name>.text</name>
         <load_address>0x39c4</load_address>
         <run_address>0x39c4</run_address>
         <size>0x420</size>
         <input_file_ref idref="fl-6"/>
      </object_component>
      <object_component id="oc-16f">
         <name>.text</name>
         <load_address>0x3de4</load_address>
         <run_address>0x3de4</run_address>
         <size>0x3e8</size>
         <input_file_ref idref="fl-f"/>
      </object_component>
      <object_component id="oc-12f">
         <name>.text</name>
         <load_address>0x41cc</load_address>
         <run_address>0x41cc</run_address>
         <size>0x290</size>
         <input_file_ref idref="fl-14"/>
      </object_component>
      <object_component id="oc-33a">
         <name>.text:_pconv_a</name>
         <load_address>0x445c</load_address>
         <run_address>0x445c</run_address>
         <size>0x270</size>
         <input_file_ref idref="fl-d6"/>
      </object_component>
      <object_component id="oc-13b">
         <name>.text</name>
         <load_address>0x46cc</load_address>
         <run_address>0x46cc</run_address>
         <size>0x1dc</size>
         <input_file_ref idref="fl-5"/>
      </object_component>
      <object_component id="oc-328">
         <name>.text:_pconv_g</name>
         <load_address>0x48a8</load_address>
         <run_address>0x48a8</run_address>
         <size>0x1d0</size>
         <input_file_ref idref="fl-d6"/>
      </object_component>
      <object_component id="oc-165">
         <name>.text</name>
         <load_address>0x4a78</load_address>
         <run_address>0x4a78</run_address>
         <size>0x1c8</size>
         <input_file_ref idref="fl-9"/>
      </object_component>
      <object_component id="oc-de">
         <name>.text</name>
         <load_address>0x4c40</load_address>
         <run_address>0x4c40</run_address>
         <size>0x1b8</size>
         <input_file_ref idref="fl-4"/>
      </object_component>
      <object_component id="oc-3a2">
         <name>.text</name>
         <load_address>0x4df8</load_address>
         <run_address>0x4df8</run_address>
         <size>0x1b6</size>
         <input_file_ref idref="fl-da"/>
      </object_component>
      <object_component id="oc-c2">
         <name>.text</name>
         <load_address>0x4fb0</load_address>
         <run_address>0x4fb0</run_address>
         <size>0x174</size>
         <input_file_ref idref="fl-a"/>
      </object_component>
      <object_component id="oc-141">
         <name>.text</name>
         <load_address>0x5124</load_address>
         <run_address>0x5124</run_address>
         <size>0x150</size>
         <input_file_ref idref="fl-3"/>
      </object_component>
      <object_component id="oc-334">
         <name>.text:_pconv_e</name>
         <load_address>0x5274</load_address>
         <run_address>0x5274</run_address>
         <size>0x13c</size>
         <input_file_ref idref="fl-d6"/>
      </object_component>
      <object_component id="oc-32">
         <name>.text</name>
         <load_address>0x53b0</load_address>
         <run_address>0x53b0</run_address>
         <size>0x13c</size>
         <input_file_ref idref="fl-c"/>
      </object_component>
      <object_component id="oc-388">
         <name>.text</name>
         <load_address>0x54ec</load_address>
         <run_address>0x54ec</run_address>
         <size>0x136</size>
         <input_file_ref idref="fl-dc"/>
      </object_component>
      <object_component id="oc-e4">
         <name>.text</name>
         <load_address>0x5622</load_address>
         <run_address>0x5622</run_address>
         <size>0x12a</size>
         <input_file_ref idref="fl-8"/>
      </object_component>
      <object_component id="oc-3b4">
         <name>.text:fcvt</name>
         <load_address>0x574c</load_address>
         <run_address>0x574c</run_address>
         <size>0x124</size>
         <input_file_ref idref="fl-d6"/>
      </object_component>
      <object_component id="oc-3c8">
         <name>.text:scalbn</name>
         <load_address>0x5870</load_address>
         <run_address>0x5870</run_address>
         <size>0x110</size>
         <input_file_ref idref="fl-d8"/>
      </object_component>
      <object_component id="oc-383">
         <name>.text</name>
         <load_address>0x5980</load_address>
         <run_address>0x5980</run_address>
         <size>0xfc</size>
         <input_file_ref idref="fl-dd"/>
      </object_component>
      <object_component id="oc-2d">
         <name>.text</name>
         <load_address>0x5a7c</load_address>
         <run_address>0x5a7c</run_address>
         <size>0xda</size>
         <input_file_ref idref="fl-d"/>
      </object_component>
      <object_component id="oc-31d">
         <name>.text:_ltostr</name>
         <load_address>0x5b58</load_address>
         <run_address>0x5b58</run_address>
         <size>0xb1</size>
         <input_file_ref idref="fl-d6"/>
      </object_component>
      <object_component id="oc-46">
         <name>.text</name>
         <load_address>0x5c0a</load_address>
         <run_address>0x5c0a</run_address>
         <size>0x9c</size>
         <input_file_ref idref="fl-cf"/>
      </object_component>
      <object_component id="oc-37c">
         <name>.text</name>
         <load_address>0x5ca6</load_address>
         <run_address>0x5ca6</run_address>
         <size>0x96</size>
         <input_file_ref idref="fl-e0"/>
      </object_component>
      <object_component id="oc-323">
         <name>.text:__aeabi_cdcmple</name>
         <load_address>0x5d3c</load_address>
         <run_address>0x5d3c</run_address>
         <size>0x86</size>
         <input_file_ref idref="fl-db"/>
      </object_component>
      <object_component id="oc-38d">
         <name>.text:__aeabi_cdrcmple</name>
         <load_address>0x5dc2</load_address>
         <run_address>0x5dc2</run_address>
         <size>0x86</size>
         <input_file_ref idref="fl-db"/>
      </object_component>
      <object_component id="oc-b6">
         <name>.text</name>
         <load_address>0x5e48</load_address>
         <run_address>0x5e48</run_address>
         <size>0x7a</size>
         <input_file_ref idref="fl-e1"/>
      </object_component>
      <object_component id="oc-159">
         <name>.text</name>
         <load_address>0x5ec4</load_address>
         <run_address>0x5ec4</run_address>
         <size>0x70</size>
         <input_file_ref idref="fl-11"/>
      </object_component>
      <object_component id="oc-3ad">
         <name>.text:_mcpy</name>
         <load_address>0x5f34</load_address>
         <run_address>0x5f34</run_address>
         <size>0x6e</size>
         <input_file_ref idref="fl-d6"/>
      </object_component>
      <object_component id="oc-135">
         <name>.text</name>
         <load_address>0x5fa4</load_address>
         <run_address>0x5fa4</run_address>
         <size>0x6c</size>
         <input_file_ref idref="fl-12"/>
      </object_component>
      <object_component id="oc-15">
         <name>.text:decompress:lzss:__TI_decompress_lzss</name>
         <load_address>0x6010</load_address>
         <run_address>0x6010</run_address>
         <size>0x68</size>
         <input_file_ref idref="fl-d2"/>
      </object_component>
      <object_component id="oc-3c2">
         <name>.text:frexp</name>
         <load_address>0x6078</load_address>
         <run_address>0x6078</run_address>
         <size>0x64</size>
         <input_file_ref idref="fl-d7"/>
      </object_component>
      <object_component id="oc-15f">
         <name>.text</name>
         <load_address>0x60dc</load_address>
         <run_address>0x60dc</run_address>
         <size>0x60</size>
         <input_file_ref idref="fl-7"/>
      </object_component>
      <object_component id="oc-32e">
         <name>.text:_pconv_f</name>
         <load_address>0x613c</load_address>
         <run_address>0x613c</run_address>
         <size>0x56</size>
         <input_file_ref idref="fl-d6"/>
      </object_component>
      <object_component id="oc-397">
         <name>.text:__TI_ltoa</name>
         <load_address>0x6192</load_address>
         <run_address>0x6192</run_address>
         <size>0x54</size>
         <input_file_ref idref="fl-e7"/>
      </object_component>
      <object_component id="oc-3a7">
         <name>.text:_ecpy</name>
         <load_address>0x61e6</load_address>
         <run_address>0x61e6</run_address>
         <size>0x52</size>
         <input_file_ref idref="fl-d6"/>
      </object_component>
      <object_component id="oc-317">
         <name>.text:atoi</name>
         <load_address>0x6238</load_address>
         <run_address>0x6238</run_address>
         <size>0x4c</size>
         <input_file_ref idref="fl-e9"/>
      </object_component>
      <object_component id="oc-392">
         <name>.text</name>
         <load_address>0x6284</load_address>
         <run_address>0x6284</run_address>
         <size>0x48</size>
         <input_file_ref idref="fl-de"/>
      </object_component>
      <object_component id="oc-182">
         <name>.text:__TI_auto_init_nobinit_nopinit:__TI_auto_init_nobinit_nopinit</name>
         <load_address>0x62cc</load_address>
         <run_address>0x62cc</run_address>
         <size>0x44</size>
         <input_file_ref idref="fl-e2"/>
      </object_component>
      <object_component id="oc-3ba">
         <name>.text:_fcpy</name>
         <load_address>0x6310</load_address>
         <run_address>0x6310</run_address>
         <size>0x3e</size>
         <input_file_ref idref="fl-d6"/>
      </object_component>
      <object_component id="oc-64">
         <name>.text:_c_int00_noargs:_c_int00_noargs</name>
         <load_address>0x6350</load_address>
         <run_address>0x6350</run_address>
         <size>0x34</size>
         <input_file_ref idref="fl-d5"/>
      </object_component>
      <object_component id="oc-39d">
         <name>.text</name>
         <load_address>0x6384</load_address>
         <run_address>0x6384</run_address>
         <size>0x2e</size>
         <input_file_ref idref="fl-df"/>
      </object_component>
      <object_component id="oc-209">
         <name>.text:vsprintf</name>
         <load_address>0x63b4</load_address>
         <run_address>0x63b4</run_address>
         <size>0x28</size>
         <input_file_ref idref="fl-ce"/>
      </object_component>
      <object_component id="oc-340">
         <name>.text:memccpy</name>
         <load_address>0x63dc</load_address>
         <run_address>0x63dc</run_address>
         <size>0x1c</size>
         <input_file_ref idref="fl-eb"/>
      </object_component>
      <object_component id="oc-414">
         <name>.text:copysign</name>
         <load_address>0x63f8</load_address>
         <run_address>0x63f8</run_address>
         <size>0x1a</size>
         <input_file_ref idref="fl-ef"/>
      </object_component>
      <object_component id="oc-2af">
         <name>.text:_outs</name>
         <load_address>0x6412</load_address>
         <run_address>0x6412</run_address>
         <size>0x18</size>
         <input_file_ref idref="fl-ce"/>
      </object_component>
      <object_component id="oc-24f">
         <name>.text:strcmp</name>
         <load_address>0x642a</load_address>
         <run_address>0x642a</run_address>
         <size>0x18</size>
         <input_file_ref idref="fl-d3"/>
      </object_component>
      <object_component id="oc-3ce">
         <name>.text:strchr</name>
         <load_address>0x6442</load_address>
         <run_address>0x6442</run_address>
         <size>0x16</size>
         <input_file_ref idref="fl-ec"/>
      </object_component>
      <object_component id="oc-23e">
         <name>.text:strcpy</name>
         <load_address>0x6458</load_address>
         <run_address>0x6458</run_address>
         <size>0x14</size>
         <input_file_ref idref="fl-d4"/>
      </object_component>
      <object_component id="oc-311">
         <name>.text:strlen</name>
         <load_address>0x646c</load_address>
         <run_address>0x646c</run_address>
         <size>0x14</size>
         <input_file_ref idref="fl-ed"/>
      </object_component>
      <object_component id="oc-346">
         <name>.text:wcslen</name>
         <load_address>0x6480</load_address>
         <run_address>0x6480</run_address>
         <size>0x12</size>
         <input_file_ref idref="fl-d9"/>
      </object_component>
      <object_component id="oc-1b">
         <name>.text:decompress:none:__TI_decompress_none</name>
         <load_address>0x6492</load_address>
         <run_address>0x6492</run_address>
         <size>0xe</size>
         <input_file_ref idref="fl-d1"/>
      </object_component>
      <object_component id="oc-58">
         <name>.text:decompress:ZI:__TI_zero_init</name>
         <load_address>0x64a0</load_address>
         <run_address>0x64a0</run_address>
         <size>0xc</size>
         <input_file_ref idref="fl-d0"/>
      </object_component>
      <object_component id="oc-27">
         <name>.text</name>
         <load_address>0x64ac</load_address>
         <run_address>0x64ac</run_address>
         <size>0xc</size>
         <input_file_ref idref="fl-10"/>
      </object_component>
      <object_component id="oc-2b5">
         <name>.text:_outc</name>
         <load_address>0x64b8</load_address>
         <run_address>0x64b8</run_address>
         <size>0xa</size>
         <input_file_ref idref="fl-ce"/>
      </object_component>
      <object_component id="oc-34c">
         <name>.text:__aeabi_errno_addr</name>
         <load_address>0x64c4</load_address>
         <run_address>0x64c4</run_address>
         <size>0x8</size>
         <input_file_ref idref="fl-ee"/>
      </object_component>
      <object_component id="oc-bc">
         <name>.text:_system_pre_init</name>
         <load_address>0x64cc</load_address>
         <run_address>0x64cc</run_address>
         <size>0x4</size>
         <input_file_ref idref="fl-e3"/>
      </object_component>
      <object_component id="oc-176">
         <name>.text:abort:abort</name>
         <load_address>0x64d0</load_address>
         <run_address>0x64d0</run_address>
         <size>0x4</size>
         <input_file_ref idref="fl-e5"/>
      </object_component>
      <object_component id="oc-377">
         <name>.const:.string:_ctypes_</name>
         <load_address>0x64d4</load_address>
         <run_address>0x64d4</run_address>
         <size>0x101</size>
         <input_file_ref idref="fl-ea"/>
      </object_component>
      <object_component id="oc-21a">
         <name>.const:$P$T0$1</name>
         <load_address>0x65d5</load_address>
         <run_address>0x65d5</run_address>
         <size>0xc</size>
         <input_file_ref idref="fl-5"/>
      </object_component>
      <object_component id="oc-22d">
         <name>.const:.string:LCD_init_sequense</name>
         <load_address>0x65e1</load_address>
         <run_address>0x65e1</run_address>
         <size>0xa</size>
         <input_file_ref idref="fl-6"/>
      </object_component>
      <object_component id="oc-7c">
         <name>.const</name>
         <load_address>0x65ec</load_address>
         <run_address>0x65ec</run_address>
         <size>0x4</size>
         <input_file_ref idref="fl-c"/>
      </object_component>
      <object_component id="oc-46c">
         <name>.cinit..data.load</name>
         <load_address>0x65f0</load_address>
         <run_address>0x65f0</run_address>
         <size>0x12</size>
      </object_component>
      <object_component id="oc-46a">
         <name>__TI_handler_table</name>
         <load_address>0x6604</load_address>
         <run_address>0x6604</run_address>
         <size>0xc</size>
      </object_component>
      <object_component id="oc-46d">
         <name>.cinit..bss.load</name>
         <load_address>0x6610</load_address>
         <run_address>0x6610</run_address>
         <size>0x8</size>
      </object_component>
      <object_component id="oc-46b">
         <name>__TI_cinit_table</name>
         <load_address>0x6618</load_address>
         <run_address>0x6618</run_address>
         <size>0x10</size>
      </object_component>
      <object_component id="oc-1cf">
         <name>.data</name>
         <load_address>0x2000209c</load_address>
         <run_address>0x2000209c</run_address>
         <size>0x8</size>
         <input_file_ref idref="fl-4"/>
      </object_component>
      <object_component id="oc-229">
         <name>.data</name>
         <load_address>0x200020ac</load_address>
         <run_address>0x200020ac</run_address>
         <size>0x2</size>
         <input_file_ref idref="fl-6"/>
      </object_component>
      <object_component id="oc-86">
         <name>.data</name>
         <load_address>0x200020a4</load_address>
         <run_address>0x200020a4</run_address>
         <size>0x4</size>
         <input_file_ref idref="fl-c"/>
      </object_component>
      <object_component id="oc-79">
         <name>.data</name>
         <load_address>0x20002068</load_address>
         <run_address>0x20002068</run_address>
         <size>0x34</size>
         <input_file_ref idref="fl-13"/>
      </object_component>
      <object_component id="oc-3de">
         <name>.data</name>
         <load_address>0x200020a8</load_address>
         <run_address>0x200020a8</run_address>
         <size>0x4</size>
         <input_file_ref idref="fl-ee"/>
      </object_component>
      <object_component id="oc-1d8">
         <name>.bss:ucHeap</name>
         <uninitialized>true</uninitialized>
         <run_address>0x20000000</run_address>
         <size>0x1b58</size>
         <input_file_ref idref="fl-4"/>
      </object_component>
      <object_component id="oc-1d2">
         <name>.bss:xStart</name>
         <uninitialized>true</uninitialized>
         <run_address>0x20001e14</run_address>
         <size>0x8</size>
         <input_file_ref idref="fl-4"/>
      </object_component>
      <object_component id="oc-1d5">
         <name>.bss:xEnd</name>
         <uninitialized>true</uninitialized>
         <run_address>0x20001e0c</run_address>
         <size>0x8</size>
         <input_file_ref idref="fl-4"/>
      </object_component>
      <object_component id="oc-ea">
         <name>.bss:pxReadyTasksLists</name>
         <uninitialized>true</uninitialized>
         <run_address>0x20001b58</run_address>
         <size>0xc8</size>
         <input_file_ref idref="fl-13"/>
      </object_component>
      <object_component id="oc-f9">
         <name>.bss:xDelayedTaskList1</name>
         <uninitialized>true</uninitialized>
         <run_address>0x20001da0</run_address>
         <size>0x14</size>
         <input_file_ref idref="fl-13"/>
      </object_component>
      <object_component id="oc-fc">
         <name>.bss:xDelayedTaskList2</name>
         <uninitialized>true</uninitialized>
         <run_address>0x20001db4</run_address>
         <size>0x14</size>
         <input_file_ref idref="fl-13"/>
      </object_component>
      <object_component id="oc-f6">
         <name>.bss</name>
         <uninitialized>true</uninitialized>
         <run_address>0x20001e04</run_address>
         <size>0x8</size>
         <input_file_ref idref="fl-13"/>
      </object_component>
      <object_component id="oc-f3">
         <name>.bss:xPendingReadyList</name>
         <uninitialized>true</uninitialized>
         <run_address>0x20001dc8</run_address>
         <size>0x14</size>
         <input_file_ref idref="fl-13"/>
      </object_component>
      <object_component id="oc-ed">
         <name>.bss:xTasksWaitingTermination</name>
         <uninitialized>true</uninitialized>
         <run_address>0x20001df0</run_address>
         <size>0x14</size>
         <input_file_ref idref="fl-13"/>
      </object_component>
      <object_component id="oc-f0">
         <name>.bss:xSuspendedTaskList</name>
         <uninitialized>true</uninitialized>
         <run_address>0x20001ddc</run_address>
         <size>0x14</size>
         <input_file_ref idref="fl-13"/>
      </object_component>
      <object_component id="oc-245">
         <name>.common:coffee_types</name>
         <uninitialized>true</uninitialized>
         <run_address>0x20001c20</run_address>
         <size>0xa0</size>
      </object_component>
      <object_component id="oc-244">
         <name>.common:coffee_types_mutex</name>
         <uninitialized>true</uninitialized>
         <run_address>0x20001e3c</run_address>
         <size>0x4</size>
      </object_component>
      <object_component id="oc-246">
         <name>.common:current_coffee</name>
         <uninitialized>true</uninitialized>
         <run_address>0x20001d80</run_address>
         <size>0x20</size>
      </object_component>
      <object_component id="oc-234">
         <name>.common:active_semaphore</name>
         <uninitialized>true</uninitialized>
         <run_address>0x20001e2c</run_address>
         <size>0x4</size>
      </object_component>
      <object_component id="oc-224">
         <name>.common:digiswitch_t</name>
         <uninitialized>true</uninitialized>
         <run_address>0x20001e40</run_address>
         <size>0x4</size>
      </object_component>
      <object_component id="oc-221">
         <name>.common:ds_input_queue</name>
         <uninitialized>true</uninitialized>
         <run_address>0x20001e44</run_address>
         <size>0x4</size>
      </object_component>
      <object_component id="oc-21d">
         <name>.common:Q_KEY</name>
         <uninitialized>true</uninitialized>
         <run_address>0x20001e24</run_address>
         <size>0x4</size>
      </object_component>
      <object_component id="oc-22c">
         <name>.common:LCD_init</name>
         <uninitialized>true</uninitialized>
         <run_address>0x20001e60</run_address>
         <size>0x1</size>
      </object_component>
      <object_component id="oc-226">
         <name>.common:Q_LCD</name>
         <uninitialized>true</uninitialized>
         <run_address>0x20001e28</run_address>
         <size>0x4</size>
      </object_component>
      <object_component id="oc-255">
         <name>.common:log_coffee_q</name>
         <uninitialized>true</uninitialized>
         <run_address>0x20001e4c</run_address>
         <size>0x4</size>
      </object_component>
      <object_component id="oc-258">
         <name>.common:log_payment_q</name>
         <uninitialized>true</uninitialized>
         <run_address>0x20001e50</run_address>
         <size>0x4</size>
      </object_component>
      <object_component id="oc-25a">
         <name>.common:log_array</name>
         <uninitialized>true</uninitialized>
         <run_address>0x20001cc0</run_address>
         <size>0x78</size>
      </object_component>
      <object_component id="oc-259">
         <name>.common:log_array_semaphore</name>
         <uninitialized>true</uninitialized>
         <run_address>0x20001e48</run_address>
         <size>0x4</size>
      </object_component>
      <object_component id="oc-16e">
         <name>.common:payment_t</name>
         <uninitialized>true</uninitialized>
         <run_address>0x20001e54</run_address>
         <size>0x4</size>
      </object_component>
      <object_component id="oc-16b">
         <name>.common:coffee_t</name>
         <uninitialized>true</uninitialized>
         <run_address>0x20001e38</run_address>
         <size>0x4</size>
      </object_component>
      <object_component id="oc-235">
         <name>.common:cardnumber</name>
         <uninitialized>true</uninitialized>
         <run_address>0x20001e1c</run_address>
         <size>0x8</size>
      </object_component>
      <object_component id="oc-237">
         <name>.common:balance</name>
         <uninitialized>true</uninitialized>
         <run_address>0x20001e61</run_address>
         <size>0x1</size>
      </object_component>
      <object_component id="oc-236">
         <name>.common:balance_mutex</name>
         <uninitialized>true</uninitialized>
         <run_address>0x20001e30</run_address>
         <size>0x4</size>
      </object_component>
      <object_component id="oc-231">
         <name>.common:cash_set</name>
         <uninitialized>true</uninitialized>
         <run_address>0x20001e34</run_address>
         <size>0x4</size>
      </object_component>
      <object_component id="oc-263">
         <name>.common:buffer</name>
         <uninitialized>true</uninitialized>
         <run_address>0x20001d38</run_address>
         <size>0x48</size>
      </object_component>
      <object_component id="oc-20f">
         <name>.common:uart0_rx_queue</name>
         <uninitialized>true</uninitialized>
         <run_address>0x20001e58</run_address>
         <size>0x4</size>
      </object_component>
      <object_component id="oc-212">
         <name>.common:uart0_tx_queue</name>
         <uninitialized>true</uninitialized>
         <run_address>0x20001e5c</run_address>
         <size>0x4</size>
      </object_component>
      <object_component id="oc-24">
         <name>.stack</name>
         <uninitialized>true</uninitialized>
         <run_address>0x20001e68</run_address>
         <size>0x4</size>
         <input_file_ref idref="fl-d5"/>
      </object_component>
      <object_component id="oc-46f">
         <name>.stack</name>
         <uninitialized>true</uninitialized>
         <run_address>0x20001e68</run_address>
         <size>0x0</size>
      </object_component>
      <object_component id="oc-118">
         <name>.debug_info</name>
         <load_address>0x0</load_address>
         <run_address>0x0</run_address>
         <size>0x83b</size>
         <input_file_ref idref="fl-2"/>
      </object_component>
      <object_component id="oc-154">
         <name>.debug_info</name>
         <load_address>0x83b</load_address>
         <run_address>0x83b</run_address>
         <size>0x706</size>
         <input_file_ref idref="fl-2"/>
      </object_component>
      <object_component id="oc-109">
         <name>.debug_info</name>
         <load_address>0xf41</load_address>
         <run_address>0xf41</run_address>
         <size>0x315</size>
         <input_file_ref idref="fl-2"/>
      </object_component>
      <object_component id="oc-97">
         <name>.debug_info</name>
         <load_address>0x1256</load_address>
         <run_address>0x1256</run_address>
         <size>0x26b</size>
         <input_file_ref idref="fl-2"/>
      </object_component>
      <object_component id="oc-113">
         <name>.debug_info</name>
         <load_address>0x14c1</load_address>
         <run_address>0x14c1</run_address>
         <size>0x3f8</size>
         <input_file_ref idref="fl-2"/>
      </object_component>
      <object_component id="oc-248">
         <name>.debug_info</name>
         <load_address>0x18b9</load_address>
         <run_address>0x18b9</run_address>
         <size>0x55</size>
         <input_file_ref idref="fl-2"/>
      </object_component>
      <object_component id="oc-29d">
         <name>.debug_info</name>
         <load_address>0x190e</load_address>
         <run_address>0x190e</run_address>
         <size>0xb9</size>
         <input_file_ref idref="fl-2"/>
      </object_component>
      <object_component id="oc-1ef">
         <name>.debug_info</name>
         <load_address>0x19c7</load_address>
         <run_address>0x19c7</run_address>
         <size>0x97</size>
         <input_file_ref idref="fl-2"/>
      </object_component>
      <object_component id="oc-239">
         <name>.debug_info</name>
         <load_address>0x1a5e</load_address>
         <run_address>0x1a5e</run_address>
         <size>0x82</size>
         <input_file_ref idref="fl-2"/>
      </object_component>
      <object_component id="oc-1f4">
         <name>.debug_info</name>
         <load_address>0x1ae0</load_address>
         <run_address>0x1ae0</run_address>
         <size>0x4f</size>
         <input_file_ref idref="fl-2"/>
      </object_component>
      <object_component id="oc-1f9">
         <name>.debug_info</name>
         <load_address>0x1b2f</load_address>
         <run_address>0x1b2f</run_address>
         <size>0x2c</size>
         <input_file_ref idref="fl-2"/>
      </object_component>
      <object_component id="oc-41">
         <name>.debug_info</name>
         <load_address>0x1b5b</load_address>
         <run_address>0x1b5b</run_address>
         <size>0x84</size>
         <input_file_ref idref="fl-2"/>
      </object_component>
      <object_component id="oc-8b">
         <name>.debug_info</name>
         <load_address>0x1bdf</load_address>
         <run_address>0x1bdf</run_address>
         <size>0x2c</size>
         <input_file_ref idref="fl-2"/>
      </object_component>
      <object_component id="oc-1fe">
         <name>.debug_info</name>
         <load_address>0x1c0b</load_address>
         <run_address>0x1c0b</run_address>
         <size>0xae</size>
         <input_file_ref idref="fl-2"/>
      </object_component>
      <object_component id="oc-11a">
         <name>.debug_info</name>
         <load_address>0x1cb9</load_address>
         <run_address>0x1cb9</run_address>
         <size>0x2a4</size>
         <input_file_ref idref="fl-2"/>
      </object_component>
      <object_component id="oc-9c">
         <name>.debug_info</name>
         <load_address>0x1f5d</load_address>
         <run_address>0x1f5d</run_address>
         <size>0xbb</size>
         <input_file_ref idref="fl-2"/>
      </object_component>
      <object_component id="oc-104">
         <name>.debug_info</name>
         <load_address>0x2018</load_address>
         <run_address>0x2018</run_address>
         <size>0x53</size>
         <input_file_ref idref="fl-2"/>
      </object_component>
      <object_component id="oc-90">
         <name>.debug_info</name>
         <load_address>0x206b</load_address>
         <run_address>0x206b</run_address>
         <size>0x53</size>
         <input_file_ref idref="fl-2"/>
      </object_component>
      <object_component id="oc-214">
         <name>.debug_info</name>
         <load_address>0x20be</load_address>
         <run_address>0x20be</run_address>
         <size>0x2c</size>
         <input_file_ref idref="fl-2"/>
      </object_component>
      <object_component id="oc-1c0">
         <name>.debug_info</name>
         <load_address>0x20ea</load_address>
         <run_address>0x20ea</run_address>
         <size>0x35</size>
         <input_file_ref idref="fl-2"/>
      </object_component>
      <object_component id="oc-10e">
         <name>.debug_info</name>
         <load_address>0x211f</load_address>
         <run_address>0x211f</run_address>
         <size>0x14c</size>
         <input_file_ref idref="fl-2"/>
      </object_component>
      <object_component id="oc-222">
         <name>.debug_info</name>
         <load_address>0x226b</load_address>
         <run_address>0x226b</run_address>
         <size>0x5cf</size>
         <input_file_ref idref="fl-3"/>
      </object_component>
      <object_component id="oc-142">
         <name>.debug_info</name>
         <load_address>0x283a</load_address>
         <run_address>0x283a</run_address>
         <size>0x3e2</size>
         <input_file_ref idref="fl-3"/>
      </object_component>
      <object_component id="oc-1dc">
         <name>.debug_info</name>
         <load_address>0x2c1c</load_address>
         <run_address>0x2c1c</run_address>
         <size>0x453</size>
         <input_file_ref idref="fl-4"/>
      </object_component>
      <object_component id="oc-1d9">
         <name>.debug_info</name>
         <load_address>0x306f</load_address>
         <run_address>0x306f</run_address>
         <size>0x12e</size>
         <input_file_ref idref="fl-4"/>
      </object_component>
      <object_component id="oc-1d3">
         <name>.debug_info</name>
         <load_address>0x319d</load_address>
         <run_address>0x319d</run_address>
         <size>0x12e</size>
         <input_file_ref idref="fl-4"/>
      </object_component>
      <object_component id="oc-1d6">
         <name>.debug_info</name>
         <load_address>0x32cb</load_address>
         <run_address>0x32cb</run_address>
         <size>0x12a</size>
         <input_file_ref idref="fl-4"/>
      </object_component>
      <object_component id="oc-1d0">
         <name>.debug_info</name>
         <load_address>0x33f5</load_address>
         <run_address>0x33f5</run_address>
         <size>0x148</size>
         <input_file_ref idref="fl-4"/>
      </object_component>
      <object_component id="oc-df">
         <name>.debug_info</name>
         <load_address>0x353d</load_address>
         <run_address>0x353d</run_address>
         <size>0x81a</size>
         <input_file_ref idref="fl-4"/>
      </object_component>
      <object_component id="oc-1bb">
         <name>.debug_info</name>
         <load_address>0x3d57</load_address>
         <run_address>0x3d57</run_address>
         <size>0x110</size>
         <input_file_ref idref="fl-4"/>
      </object_component>
      <object_component id="oc-1ca">
         <name>.debug_info</name>
         <load_address>0x3e67</load_address>
         <run_address>0x3e67</run_address>
         <size>0x3f8</size>
         <input_file_ref idref="fl-4"/>
      </object_component>
      <object_component id="oc-290">
         <name>.debug_info</name>
         <load_address>0x425f</load_address>
         <run_address>0x425f</run_address>
         <size>0x62</size>
         <input_file_ref idref="fl-4"/>
      </object_component>
      <object_component id="oc-21e">
         <name>.debug_info</name>
         <load_address>0x42c1</load_address>
         <run_address>0x42c1</run_address>
         <size>0x4d5</size>
         <input_file_ref idref="fl-5"/>
      </object_component>
      <object_component id="oc-21b">
         <name>.debug_info</name>
         <load_address>0x4796</load_address>
         <run_address>0x4796</run_address>
         <size>0xee</size>
         <input_file_ref idref="fl-5"/>
      </object_component>
      <object_component id="oc-13d">
         <name>.debug_info</name>
         <load_address>0x4884</load_address>
         <run_address>0x4884</run_address>
         <size>0x44e</size>
         <input_file_ref idref="fl-5"/>
      </object_component>
      <object_component id="oc-227">
         <name>.debug_info</name>
         <load_address>0x4cd2</load_address>
         <run_address>0x4cd2</run_address>
         <size>0x54c</size>
         <input_file_ref idref="fl-6"/>
      </object_component>
      <object_component id="oc-22e">
         <name>.debug_info</name>
         <load_address>0x521e</load_address>
         <run_address>0x521e</run_address>
         <size>0x103</size>
         <input_file_ref idref="fl-6"/>
      </object_component>
      <object_component id="oc-22a">
         <name>.debug_info</name>
         <load_address>0x5321</load_address>
         <run_address>0x5321</run_address>
         <size>0xf3</size>
         <input_file_ref idref="fl-6"/>
      </object_component>
      <object_component id="oc-149">
         <name>.debug_info</name>
         <load_address>0x5414</load_address>
         <run_address>0x5414</run_address>
         <size>0x97a</size>
         <input_file_ref idref="fl-6"/>
      </object_component>
      <object_component id="oc-2c4">
         <name>.debug_info</name>
         <load_address>0x5d8e</load_address>
         <run_address>0x5d8e</run_address>
         <size>0x3f8</size>
         <input_file_ref idref="fl-6"/>
      </object_component>
      <object_component id="oc-2d3">
         <name>.debug_info</name>
         <load_address>0x6186</load_address>
         <run_address>0x6186</run_address>
         <size>0x51</size>
         <input_file_ref idref="fl-6"/>
      </object_component>
      <object_component id="oc-2bf">
         <name>.debug_info</name>
         <load_address>0x61d7</load_address>
         <run_address>0x61d7</run_address>
         <size>0xcc</size>
         <input_file_ref idref="fl-6"/>
      </object_component>
      <object_component id="oc-162">
         <name>.debug_info</name>
         <load_address>0x62a3</load_address>
         <run_address>0x62a3</run_address>
         <size>0x21f</size>
         <input_file_ref idref="fl-7"/>
      </object_component>
      <object_component id="oc-1de">
         <name>.debug_info</name>
         <load_address>0x64c2</load_address>
         <run_address>0x64c2</run_address>
         <size>0x3b1</size>
         <input_file_ref idref="fl-8"/>
      </object_component>
      <object_component id="oc-e5">
         <name>.debug_info</name>
         <load_address>0x6873</load_address>
         <run_address>0x6873</run_address>
         <size>0x6b9</size>
         <input_file_ref idref="fl-8"/>
      </object_component>
      <object_component id="oc-256">
         <name>.debug_info</name>
         <load_address>0x6f2c</load_address>
         <run_address>0x6f2c</run_address>
         <size>0x6cd</size>
         <input_file_ref idref="fl-9"/>
      </object_component>
      <object_component id="oc-166">
         <name>.debug_info</name>
         <load_address>0x75f9</load_address>
         <run_address>0x75f9</run_address>
         <size>0x4b0</size>
         <input_file_ref idref="fl-9"/>
      </object_component>
      <object_component id="oc-25c">
         <name>.debug_info</name>
         <load_address>0x7aa9</load_address>
         <run_address>0x7aa9</run_address>
         <size>0xc6</size>
         <input_file_ref idref="fl-9"/>
      </object_component>
      <object_component id="oc-2e2">
         <name>.debug_info</name>
         <load_address>0x7b6f</load_address>
         <run_address>0x7b6f</run_address>
         <size>0x8a</size>
         <input_file_ref idref="fl-9"/>
      </object_component>
      <object_component id="oc-16c">
         <name>.debug_info</name>
         <load_address>0x7bf9</load_address>
         <run_address>0x7bf9</run_address>
         <size>0x71f</size>
         <input_file_ref idref="fl-a"/>
      </object_component>
      <object_component id="oc-c3">
         <name>.debug_info</name>
         <load_address>0x8318</load_address>
         <run_address>0x8318</run_address>
         <size>0x27d</size>
         <input_file_ref idref="fl-a"/>
      </object_component>
      <object_component id="oc-267">
         <name>.debug_info</name>
         <load_address>0x8595</load_address>
         <run_address>0x8595</run_address>
         <size>0x55</size>
         <input_file_ref idref="fl-a"/>
      </object_component>
      <object_component id="oc-232">
         <name>.debug_info</name>
         <load_address>0x85ea</load_address>
         <run_address>0x85ea</run_address>
         <size>0x7d5</size>
         <input_file_ref idref="fl-b"/>
      </object_component>
      <object_component id="oc-14f">
         <name>.debug_info</name>
         <load_address>0x8dbf</load_address>
         <run_address>0x8dbf</run_address>
         <size>0x93a</size>
         <input_file_ref idref="fl-b"/>
      </object_component>
      <object_component id="oc-8a">
         <name>.debug_info</name>
         <load_address>0x96f9</load_address>
         <run_address>0x96f9</run_address>
         <size>0x43e</size>
         <input_file_ref idref="fl-c"/>
      </object_component>
      <object_component id="oc-7d">
         <name>.debug_info</name>
         <load_address>0x9b37</load_address>
         <run_address>0x9b37</run_address>
         <size>0x15a</size>
         <input_file_ref idref="fl-c"/>
      </object_component>
      <object_component id="oc-87">
         <name>.debug_info</name>
         <load_address>0x9c91</load_address>
         <run_address>0x9c91</run_address>
         <size>0x141</size>
         <input_file_ref idref="fl-c"/>
      </object_component>
      <object_component id="oc-34">
         <name>.debug_info</name>
         <load_address>0x9dd2</load_address>
         <run_address>0x9dd2</run_address>
         <size>0x8e1</size>
         <input_file_ref idref="fl-c"/>
      </object_component>
      <object_component id="oc-2e">
         <name>.debug_info</name>
         <load_address>0xa6b3</load_address>
         <run_address>0xa6b3</run_address>
         <size>0x28f</size>
         <input_file_ref idref="fl-d"/>
      </object_component>
      <object_component id="oc-2a8">
         <name>.debug_info</name>
         <load_address>0xa942</load_address>
         <run_address>0xa942</run_address>
         <size>0x84a</size>
         <input_file_ref idref="fl-e"/>
      </object_component>
      <object_component id="oc-204">
         <name>.debug_info</name>
         <load_address>0xb18c</load_address>
         <run_address>0xb18c</run_address>
         <size>0x42e3</size>
         <input_file_ref idref="fl-e"/>
      </object_component>
      <object_component id="oc-30c">
         <name>.debug_info</name>
         <load_address>0xf46f</load_address>
         <run_address>0xf46f</run_address>
         <size>0x1db</size>
         <input_file_ref idref="fl-e"/>
      </object_component>
      <object_component id="oc-2a3">
         <name>.debug_info</name>
         <load_address>0xf64a</load_address>
         <run_address>0xf64a</run_address>
         <size>0x46</size>
         <input_file_ref idref="fl-e"/>
      </object_component>
      <object_component id="oc-264">
         <name>.debug_info</name>
         <load_address>0xf690</load_address>
         <run_address>0xf690</run_address>
         <size>0x5f7</size>
         <input_file_ref idref="fl-f"/>
      </object_component>
      <object_component id="oc-173">
         <name>.debug_info</name>
         <load_address>0xfc87</load_address>
         <run_address>0xfc87</run_address>
         <size>0x5cb</size>
         <input_file_ref idref="fl-f"/>
      </object_component>
      <object_component id="oc-3a">
         <name>.debug_info</name>
         <load_address>0x10252</load_address>
         <run_address>0x10252</run_address>
         <size>0x380</size>
         <input_file_ref idref="fl-10"/>
      </object_component>
      <object_component id="oc-13">
         <name>.debug_info</name>
         <load_address>0x105d2</load_address>
         <run_address>0x105d2</run_address>
         <size>0x13f</size>
         <input_file_ref idref="fl-10"/>
      </object_component>
      <object_component id="oc-2a">
         <name>.debug_info</name>
         <load_address>0x10711</load_address>
         <run_address>0x10711</run_address>
         <size>0x443</size>
         <input_file_ref idref="fl-10"/>
      </object_component>
      <object_component id="oc-15b">
         <name>.debug_info</name>
         <load_address>0x10b54</load_address>
         <run_address>0x10b54</run_address>
         <size>0x1ba</size>
         <input_file_ref idref="fl-11"/>
      </object_component>
      <object_component id="oc-137">
         <name>.debug_info</name>
         <load_address>0x10d0e</load_address>
         <run_address>0x10d0e</run_address>
         <size>0x1f3</size>
         <input_file_ref idref="fl-12"/>
      </object_component>
      <object_component id="oc-d6">
         <name>.debug_info</name>
         <load_address>0x10f01</load_address>
         <run_address>0x10f01</run_address>
         <size>0x741</size>
         <input_file_ref idref="fl-13"/>
      </object_component>
      <object_component id="oc-7a">
         <name>.debug_info</name>
         <load_address>0x11642</load_address>
         <run_address>0x11642</run_address>
         <size>0x394</size>
         <input_file_ref idref="fl-13"/>
      </object_component>
      <object_component id="oc-eb">
         <name>.debug_info</name>
         <load_address>0x119d6</load_address>
         <run_address>0x119d6</run_address>
         <size>0x13b</size>
         <input_file_ref idref="fl-13"/>
      </object_component>
      <object_component id="oc-fa">
         <name>.debug_info</name>
         <load_address>0x11b11</load_address>
         <run_address>0x11b11</run_address>
         <size>0x13b</size>
         <input_file_ref idref="fl-13"/>
      </object_component>
      <object_component id="oc-fd">
         <name>.debug_info</name>
         <load_address>0x11c4c</load_address>
         <run_address>0x11c4c</run_address>
         <size>0x13b</size>
         <input_file_ref idref="fl-13"/>
      </object_component>
      <object_component id="oc-f7">
         <name>.debug_info</name>
         <load_address>0x11d87</load_address>
         <run_address>0x11d87</run_address>
         <size>0x17e</size>
         <input_file_ref idref="fl-13"/>
      </object_component>
      <object_component id="oc-f4">
         <name>.debug_info</name>
         <load_address>0x11f05</load_address>
         <run_address>0x11f05</run_address>
         <size>0x13b</size>
         <input_file_ref idref="fl-13"/>
      </object_component>
      <object_component id="oc-ee">
         <name>.debug_info</name>
         <load_address>0x12040</load_address>
         <run_address>0x12040</run_address>
         <size>0x149</size>
         <input_file_ref idref="fl-13"/>
      </object_component>
      <object_component id="oc-f1">
         <name>.debug_info</name>
         <load_address>0x12189</load_address>
         <run_address>0x12189</run_address>
         <size>0x13d</size>
         <input_file_ref idref="fl-13"/>
      </object_component>
      <object_component id="oc-81">
         <name>.debug_info</name>
         <load_address>0x122c6</load_address>
         <run_address>0x122c6</run_address>
         <size>0x4ec8</size>
         <input_file_ref idref="fl-13"/>
      </object_component>
      <object_component id="oc-d7">
         <name>.debug_info</name>
         <load_address>0x1718e</load_address>
         <run_address>0x1718e</run_address>
         <size>0x30c</size>
         <input_file_ref idref="fl-13"/>
      </object_component>
      <object_component id="oc-1b6">
         <name>.debug_info</name>
         <load_address>0x1749a</load_address>
         <run_address>0x1749a</run_address>
         <size>0x4f</size>
         <input_file_ref idref="fl-13"/>
      </object_component>
      <object_component id="oc-1c5">
         <name>.debug_info</name>
         <load_address>0x174e9</load_address>
         <run_address>0x174e9</run_address>
         <size>0x11a</size>
         <input_file_ref idref="fl-13"/>
      </object_component>
      <object_component id="oc-210">
         <name>.debug_info</name>
         <load_address>0x17603</load_address>
         <run_address>0x17603</run_address>
         <size>0x60a</size>
         <input_file_ref idref="fl-14"/>
      </object_component>
      <object_component id="oc-132">
         <name>.debug_info</name>
         <load_address>0x17c0d</load_address>
         <run_address>0x17c0d</run_address>
         <size>0x7be</size>
         <input_file_ref idref="fl-14"/>
      </object_component>
      <object_component id="oc-2bc">
         <name>.debug_info</name>
         <load_address>0x183cb</load_address>
         <run_address>0x183cb</run_address>
         <size>0x339</size>
         <input_file_ref idref="fl-ce"/>
      </object_component>
      <object_component id="oc-20c">
         <name>.debug_info</name>
         <load_address>0x18704</load_address>
         <run_address>0x18704</run_address>
         <size>0x1fa</size>
         <input_file_ref idref="fl-ce"/>
      </object_component>
      <object_component id="oc-2b2">
         <name>.debug_info</name>
         <load_address>0x188fe</load_address>
         <run_address>0x188fe</run_address>
         <size>0x190</size>
         <input_file_ref idref="fl-ce"/>
      </object_component>
      <object_component id="oc-2b6">
         <name>.debug_info</name>
         <load_address>0x18a8e</load_address>
         <run_address>0x18a8e</run_address>
         <size>0x170</size>
         <input_file_ref idref="fl-ce"/>
      </object_component>
      <object_component id="oc-3e5">
         <name>.debug_info</name>
         <load_address>0x18bfe</load_address>
         <run_address>0x18bfe</run_address>
         <size>0x2c</size>
         <input_file_ref idref="fl-ce"/>
      </object_component>
      <object_component id="oc-47">
         <name>.debug_info</name>
         <load_address>0x18c2a</load_address>
         <run_address>0x18c2a</run_address>
         <size>0x119</size>
         <input_file_ref idref="fl-cf"/>
      </object_component>
      <object_component id="oc-b5">
         <name>.debug_info</name>
         <load_address>0x18d43</load_address>
         <run_address>0x18d43</run_address>
         <size>0x2d4</size>
         <input_file_ref idref="fl-d0"/>
      </object_component>
      <object_component id="oc-5a">
         <name>.debug_info</name>
         <load_address>0x19017</load_address>
         <run_address>0x19017</run_address>
         <size>0x1b5</size>
         <input_file_ref idref="fl-d0"/>
      </object_component>
      <object_component id="oc-b0">
         <name>.debug_info</name>
         <load_address>0x191cc</load_address>
         <run_address>0x191cc</run_address>
         <size>0x46</size>
         <input_file_ref idref="fl-d0"/>
      </object_component>
      <object_component id="oc-126">
         <name>.debug_info</name>
         <load_address>0x19212</load_address>
         <run_address>0x19212</run_address>
         <size>0x2c</size>
         <input_file_ref idref="fl-d0"/>
      </object_component>
      <object_component id="oc-51">
         <name>.debug_info</name>
         <load_address>0x1923e</load_address>
         <run_address>0x1923e</run_address>
         <size>0x2a8</size>
         <input_file_ref idref="fl-d1"/>
      </object_component>
      <object_component id="oc-1c">
         <name>.debug_info</name>
         <load_address>0x194e6</load_address>
         <run_address>0x194e6</run_address>
         <size>0x1ea</size>
         <input_file_ref idref="fl-d1"/>
      </object_component>
      <object_component id="oc-4c">
         <name>.debug_info</name>
         <load_address>0x196d0</load_address>
         <run_address>0x196d0</run_address>
         <size>0x46</size>
         <input_file_ref idref="fl-d1"/>
      </object_component>
      <object_component id="oc-a8">
         <name>.debug_info</name>
         <load_address>0x19716</load_address>
         <run_address>0x19716</run_address>
         <size>0x2c</size>
         <input_file_ref idref="fl-d1"/>
      </object_component>
      <object_component id="oc-a6">
         <name>.debug_info</name>
         <load_address>0x19742</load_address>
         <run_address>0x19742</run_address>
         <size>0x29e</size>
         <input_file_ref idref="fl-d2"/>
      </object_component>
      <object_component id="oc-18">
         <name>.debug_info</name>
         <load_address>0x199e0</load_address>
         <run_address>0x199e0</run_address>
         <size>0x250</size>
         <input_file_ref idref="fl-d2"/>
      </object_component>
      <object_component id="oc-3c">
         <name>.debug_info</name>
         <load_address>0x19c30</load_address>
         <run_address>0x19c30</run_address>
         <size>0x60</size>
         <input_file_ref idref="fl-d2"/>
      </object_component>
      <object_component id="oc-11f">
         <name>.debug_info</name>
         <load_address>0x19c90</load_address>
         <run_address>0x19c90</run_address>
         <size>0x46</size>
         <input_file_ref idref="fl-d2"/>
      </object_component>
      <object_component id="oc-a1">
         <name>.debug_info</name>
         <load_address>0x19cd6</load_address>
         <run_address>0x19cd6</run_address>
         <size>0x39</size>
         <input_file_ref idref="fl-d2"/>
      </object_component>
      <object_component id="oc-2df">
         <name>.debug_info</name>
         <load_address>0x19d0f</load_address>
         <run_address>0x19d0f</run_address>
         <size>0x28a</size>
         <input_file_ref idref="fl-d3"/>
      </object_component>
      <object_component id="oc-251">
         <name>.debug_info</name>
         <load_address>0x19f99</load_address>
         <run_address>0x19f99</run_address>
         <size>0x273</size>
         <input_file_ref idref="fl-d3"/>
      </object_component>
      <object_component id="oc-2dd">
         <name>.debug_info</name>
         <load_address>0x1a20c</load_address>
         <run_address>0x1a20c</run_address>
         <size>0x2a4</size>
         <input_file_ref idref="fl-d4"/>
      </object_component>
      <object_component id="oc-241">
         <name>.debug_info</name>
         <load_address>0x1a4b0</load_address>
         <run_address>0x1a4b0</run_address>
         <size>0x24d</size>
         <input_file_ref idref="fl-d4"/>
      </object_component>
      <object_component id="oc-25">
         <name>.debug_info</name>
         <load_address>0x1a6fd</load_address>
         <run_address>0x1a6fd</run_address>
         <size>0x10b</size>
         <input_file_ref idref="fl-d5"/>
      </object_component>
      <object_component id="oc-67">
         <name>.debug_info</name>
         <load_address>0x1a808</load_address>
         <run_address>0x1a808</run_address>
         <size>0x1a9</size>
         <input_file_ref idref="fl-d5"/>
      </object_component>
      <object_component id="oc-353">
         <name>.debug_info</name>
         <load_address>0x1a9b1</load_address>
         <run_address>0x1a9b1</run_address>
         <size>0x590</size>
         <input_file_ref idref="fl-d6"/>
      </object_component>
      <object_component id="oc-31f">
         <name>.debug_info</name>
         <load_address>0x1af41</load_address>
         <run_address>0x1af41</run_address>
         <size>0x21e</size>
         <input_file_ref idref="fl-d6"/>
      </object_component>
      <object_component id="oc-3a9">
         <name>.debug_info</name>
         <load_address>0x1b15f</load_address>
         <run_address>0x1b15f</run_address>
         <size>0x1b3</size>
         <input_file_ref idref="fl-d6"/>
      </object_component>
      <object_component id="oc-3ae">
         <name>.debug_info</name>
         <load_address>0x1b312</load_address>
         <run_address>0x1b312</run_address>
         <size>0x21b</size>
         <input_file_ref idref="fl-d6"/>
      </object_component>
      <object_component id="oc-329">
         <name>.debug_info</name>
         <load_address>0x1b52d</load_address>
         <run_address>0x1b52d</run_address>
         <size>0x3c0</size>
         <input_file_ref idref="fl-d6"/>
      </object_component>
      <object_component id="oc-3b5">
         <name>.debug_info</name>
         <load_address>0x1b8ed</load_address>
         <run_address>0x1b8ed</run_address>
         <size>0x30a</size>
         <input_file_ref idref="fl-d6"/>
      </object_component>
      <object_component id="oc-3bb">
         <name>.debug_info</name>
         <load_address>0x1bbf7</load_address>
         <run_address>0x1bbf7</run_address>
         <size>0x215</size>
         <input_file_ref idref="fl-d6"/>
      </object_component>
      <object_component id="oc-32f">
         <name>.debug_info</name>
         <load_address>0x1be0c</load_address>
         <run_address>0x1be0c</run_address>
         <size>0x215</size>
         <input_file_ref idref="fl-d6"/>
      </object_component>
      <object_component id="oc-335">
         <name>.debug_info</name>
         <load_address>0x1c021</load_address>
         <run_address>0x1c021</run_address>
         <size>0x304</size>
         <input_file_ref idref="fl-d6"/>
      </object_component>
      <object_component id="oc-33b">
         <name>.debug_info</name>
         <load_address>0x1c325</load_address>
         <run_address>0x1c325</run_address>
         <size>0x4b5</size>
         <input_file_ref idref="fl-d6"/>
      </object_component>
      <object_component id="oc-2aa">
         <name>.debug_info</name>
         <load_address>0x1c7da</load_address>
         <run_address>0x1c7da</run_address>
         <size>0x5f4</size>
         <input_file_ref idref="fl-d6"/>
      </object_component>
      <object_component id="oc-354">
         <name>.debug_info</name>
         <load_address>0x1cdce</load_address>
         <run_address>0x1cdce</run_address>
         <size>0x86</size>
         <input_file_ref idref="fl-d6"/>
      </object_component>
      <object_component id="oc-3ea">
         <name>.debug_info</name>
         <load_address>0x1ce54</load_address>
         <run_address>0x1ce54</run_address>
         <size>0x39</size>
         <input_file_ref idref="fl-d6"/>
      </object_component>
      <object_component id="oc-42b">
         <name>.debug_info</name>
         <load_address>0x1ce8d</load_address>
         <run_address>0x1ce8d</run_address>
         <size>0xb6</size>
         <input_file_ref idref="fl-d6"/>
      </object_component>
      <object_component id="oc-3ef">
         <name>.debug_info</name>
         <load_address>0x1cf43</load_address>
         <run_address>0x1cf43</run_address>
         <size>0x46</size>
         <input_file_ref idref="fl-d6"/>
      </object_component>
      <object_component id="oc-359">
         <name>.debug_info</name>
         <load_address>0x1cf89</load_address>
         <run_address>0x1cf89</run_address>
         <size>0x46</size>
         <input_file_ref idref="fl-d6"/>
      </object_component>
      <object_component id="oc-40e">
         <name>.debug_info</name>
         <load_address>0x1cfcf</load_address>
         <run_address>0x1cfcf</run_address>
         <size>0x295</size>
         <input_file_ref idref="fl-d7"/>
      </object_component>
      <object_component id="oc-3c6">
         <name>.debug_info</name>
         <load_address>0x1d264</load_address>
         <run_address>0x1d264</run_address>
         <size>0x195</size>
         <input_file_ref idref="fl-d7"/>
      </object_component>
      <object_component id="oc-437">
         <name>.debug_info</name>
         <load_address>0x1d3f9</load_address>
         <run_address>0x1d3f9</run_address>
         <size>0x39</size>
         <input_file_ref idref="fl-d7"/>
      </object_component>
      <object_component id="oc-40f">
         <name>.debug_info</name>
         <load_address>0x1d432</load_address>
         <run_address>0x1d432</run_address>
         <size>0x2c</size>
         <input_file_ref idref="fl-d7"/>
      </object_component>
      <object_component id="oc-41b">
         <name>.debug_info</name>
         <load_address>0x1d45e</load_address>
         <run_address>0x1d45e</run_address>
         <size>0x2f8</size>
         <input_file_ref idref="fl-d8"/>
      </object_component>
      <object_component id="oc-3c9">
         <name>.debug_info</name>
         <load_address>0x1d756</load_address>
         <run_address>0x1d756</run_address>
         <size>0x225</size>
         <input_file_ref idref="fl-d8"/>
      </object_component>
      <object_component id="oc-3dd">
         <name>.debug_info</name>
         <load_address>0x1d97b</load_address>
         <run_address>0x1d97b</run_address>
         <size>0x28f</size>
         <input_file_ref idref="fl-d9"/>
      </object_component>
      <object_component id="oc-34a">
         <name>.debug_info</name>
         <load_address>0x1dc0a</load_address>
         <run_address>0x1dc0a</run_address>
         <size>0x15a</size>
         <input_file_ref idref="fl-d9"/>
      </object_component>
      <object_component id="oc-420">
         <name>.debug_info</name>
         <load_address>0x1dd64</load_address>
         <run_address>0x1dd64</run_address>
         <size>0x46</size>
         <input_file_ref idref="fl-d9"/>
      </object_component>
      <object_component id="oc-3d8">
         <name>.debug_info</name>
         <load_address>0x1ddaa</load_address>
         <run_address>0x1ddaa</run_address>
         <size>0x39</size>
         <input_file_ref idref="fl-d9"/>
      </object_component>
      <object_component id="oc-3a3">
         <name>.debug_info</name>
         <load_address>0x1dde3</load_address>
         <run_address>0x1dde3</run_address>
         <size>0x14c</size>
         <input_file_ref idref="fl-da"/>
      </object_component>
      <object_component id="oc-326">
         <name>.debug_info</name>
         <load_address>0x1df2f</load_address>
         <run_address>0x1df2f</run_address>
         <size>0x128</size>
         <input_file_ref idref="fl-db"/>
      </object_component>
      <object_component id="oc-390">
         <name>.debug_info</name>
         <load_address>0x1e057</load_address>
         <run_address>0x1e057</run_address>
         <size>0x12a</size>
         <input_file_ref idref="fl-db"/>
      </object_component>
      <object_component id="oc-389">
         <name>.debug_info</name>
         <load_address>0x1e181</load_address>
         <run_address>0x1e181</run_address>
         <size>0x13a</size>
         <input_file_ref idref="fl-dc"/>
      </object_component>
      <object_component id="oc-386">
         <name>.debug_info</name>
         <load_address>0x1e2bb</load_address>
         <run_address>0x1e2bb</run_address>
         <size>0x13a</size>
         <input_file_ref idref="fl-dd"/>
      </object_component>
      <object_component id="oc-393">
         <name>.debug_info</name>
         <load_address>0x1e3f5</load_address>
         <run_address>0x1e3f5</run_address>
         <size>0x12e</size>
         <input_file_ref idref="fl-de"/>
      </object_component>
      <object_component id="oc-39f">
         <name>.debug_info</name>
         <load_address>0x1e523</load_address>
         <run_address>0x1e523</run_address>
         <size>0x12c</size>
         <input_file_ref idref="fl-df"/>
      </object_component>
      <object_component id="oc-37d">
         <name>.debug_info</name>
         <load_address>0x1e64f</load_address>
         <run_address>0x1e64f</run_address>
         <size>0x134</size>
         <input_file_ref idref="fl-e0"/>
      </object_component>
      <object_component id="oc-b7">
         <name>.debug_info</name>
         <load_address>0x1e783</load_address>
         <run_address>0x1e783</run_address>
         <size>0x147</size>
         <input_file_ref idref="fl-e1"/>
      </object_component>
      <object_component id="oc-277">
         <name>.debug_info</name>
         <load_address>0x1e8ca</load_address>
         <run_address>0x1e8ca</run_address>
         <size>0x4b3</size>
         <input_file_ref idref="fl-e2"/>
      </object_component>
      <object_component id="oc-183">
         <name>.debug_info</name>
         <load_address>0x1ed7d</load_address>
         <run_address>0x1ed7d</run_address>
         <size>0x1a6</size>
         <input_file_ref idref="fl-e2"/>
      </object_component>
      <object_component id="oc-2f9">
         <name>.debug_info</name>
         <load_address>0x1ef23</load_address>
         <run_address>0x1ef23</run_address>
         <size>0x39</size>
         <input_file_ref idref="fl-e2"/>
      </object_component>
      <object_component id="oc-369">
         <name>.debug_info</name>
         <load_address>0x1ef5c</load_address>
         <run_address>0x1ef5c</run_address>
         <size>0x39</size>
         <input_file_ref idref="fl-e2"/>
      </object_component>
      <object_component id="oc-2fe">
         <name>.debug_info</name>
         <load_address>0x1ef95</load_address>
         <run_address>0x1ef95</run_address>
[...]
         <value>0x239d</value>
         <object_component_ref idref="oc-203"/>
      </symbol>
      <symbol id="sm-435">
         <name>xQueueReceive</name>
         <value>0x1c37</value>
         <object_component_ref idref="oc-203"/>
      </symbol>
      <symbol id="sm-436">
         <name>xQueueCreateSet</name>
         <value>0x2389</value>
         <object_component_ref idref="oc-203"/>
      </symbol>
      <symbol id="sm-437">
         <name>xQueueRemoveFromSet</name>
         <value>0x23d1</value>
         <object_component_ref idref="oc-203"/>
      </symbol>
      <symbol id="sm-476">
         <name>buffer</name>
         <value>0x20001d38</value>
      </symbol>
      <symbol id="sm-477">
         <name>sales_report_menu</name>
         <value>0x3f7f</value>
         <object_component_ref idref="oc-16f"/>
      </symbol>
      <symbol id="sm-478">
         <name>main_menu</name>
         <value>0x3e39</value>
         <object_component_ref idref="oc-16f"/>
      </symbol>
      <symbol id="sm-479">
         <name>log_list_menu</name>
         <value>0x3e9d</value>
         <object_component_ref idref="oc-16f"/>
      </symbol>
      <symbol id="sm-47a">
         <name>ui_task</name>
         <value>0x3dfd</value>
         <object_component_ref idref="oc-16f"/>
      </symbol>
      <symbol id="sm-47b">
         <name>ui_clear_screen</name>
         <value>0x3de5</value>
         <object_component_ref idref="oc-16f"/>
      </symbol>
      <symbol id="sm-497">
         <name>ResetISR</name>
         <value>0x64ad</value>
         <object_component_ref idref="oc-27"/>
      </symbol>
      <symbol id="sm-498">
         <name>g_pfnVectors</name>
         <value>0x0</value>
         <object_component_ref idref="oc-12"/>
      </symbol>
      <symbol id="sm-4b0">
         <name>get_sw1</name>
         <value>0x5ef1</value>
         <object_component_ref idref="oc-159"/>
      </symbol>
      <symbol id="sm-4b1">
         <name>get_sw2</name>
         <value>0x5f05</value>
         <object_component_ref idref="oc-159"/>
      </symbol>
      <symbol id="sm-4b2">
         <name>switch_init</name>
         <value>0x5ec5</value>
         <object_component_ref idref="oc-159"/>
      </symbol>
      <symbol id="sm-4c3">
         <name>init_systick</name>
         <value>0x5fa5</value>
         <object_component_ref idref="oc-135"/>
      </symbol>
      <symbol id="sm-670">
         <name>vTaskDelay</name>
         <value>0x599</value>
         <object_component_ref idref="oc-7f"/>
      </symbol>
      <symbol id="sm-671">
         <name>vTaskSuspendAll</name>
         <value>0x9df</value>
         <object_component_ref idref="oc-7f"/>
      </symbol>
      <symbol id="sm-672">
         <name>vTaskPlaceOnEventList</name>
         <value>0xcb9</value>
         <object_component_ref idref="oc-7f"/>
      </symbol>
      <symbol id="sm-673">
         <name>uxTaskPriorityGetFromISR</name>
         <value>0x5f3</value>
         <object_component_ref idref="oc-7f"/>
      </symbol>
      <symbol id="sm-674">
         <name>ulTaskNotifyTake</name>
         <value>0x12ad</value>
         <object_component_ref idref="oc-7f"/>
      </symbol>
      <symbol id="sm-675">
         <name>pcTaskGetName</name>
         <value>0xb07</value>
         <object_component_ref idref="oc-7f"/>
      </symbol>
      <symbol id="sm-676">
         <name>xTaskCheckForTimeOut</name>
         <value>0xe39</value>
         <object_component_ref idref="oc-7f"/>
      </symbol>
      <symbol id="sm-677">
         <name>vTaskRemoveFromUnorderedEventList</name>
         <value>0xd91</value>
         <object_component_ref idref="oc-7f"/>
      </symbol>
      <symbol id="sm-678">
         <name>vTaskPrioritySet</name>
         <value>0x651</value>
         <object_component_ref idref="oc-7f"/>
      </symbol>
      <symbol id="sm-679">
         <name>xTaskPriorityDisinherit</name>
         <value>0x10cd</value>
         <object_component_ref idref="oc-7f"/>
      </symbol>
      <symbol id="sm-67a">
         <name>vTaskStartScheduler</name>
         <value>0x979</value>
         <object_component_ref idref="oc-7f"/>
      </symbol>
      <symbol id="sm-67b">
         <name>vTaskInternalSetTimeOutState</name>
         <value>0xe19</value>
         <object_component_ref idref="oc-7f"/>
      </symbol>
      <symbol id="sm-67c">
         <name>xTaskNotifyStateClear</name>
         <value>0x1665</value>
         <object_component_ref idref="oc-7f"/>
      </symbol>
      <symbol id="sm-67d">
         <name>pvTaskIncrementMutexHeldCount</name>
         <value>0x128d</value>
         <object_component_ref idref="oc-7f"/>
      </symbol>
      <symbol id="sm-67e">
         <name>xTaskGenericNotify</name>
         <value>0x13c3</value>
         <object_component_ref idref="oc-7f"/>
      </symbol>
      <symbol id="sm-67f">
         <name>vTaskPriorityDisinheritAfterTimeout</name>
         <value>0x1191</value>
         <object_component_ref idref="oc-7f"/>
      </symbol>
      <symbol id="sm-680">
         <name>xTaskCreate</name>
         <value>0x26d</value>
         <object_component_ref idref="oc-7f"/>
      </symbol>
      <symbol id="sm-681">
         <name>vTaskDelayUntil</name>
         <value>0x509</value>
         <object_component_ref idref="oc-7f"/>
      </symbol>
      <symbol id="sm-682">
         <name>vTaskEndScheduler</name>
         <value>0x9c3</value>
         <object_component_ref idref="oc-7f"/>
      </symbol>
      <symbol id="sm-683">
         <name>xTaskNotifyWait</name>
         <value>0x1323</value>
         <object_component_ref idref="oc-7f"/>
      </symbol>
      <symbol id="sm-684">
         <name>vTaskMissedYield</name>
         <value>0xeb7</value>
         <object_component_ref idref="oc-7f"/>
      </symbol>
      <symbol id="sm-685">
         <name>uxTaskGetNumberOfTasks</name>
         <value>0xb01</value>
         <object_component_ref idref="oc-7f"/>
      </symbol>
      <symbol id="sm-686">
         <name>xTaskGenericNotifyFromISR</name>
         <value>0x14b1</value>
         <object_component_ref idref="oc-7f"/>
      </symbol>
      <symbol id="sm-687">
         <name>uxTaskPriorityGet</name>
         <value>0x5cf</value>
         <object_component_ref idref="oc-7f"/>
      </symbol>
      <symbol id="sm-688">
         <name>xTaskResumeAll</name>
         <value>0x9f5</value>
         <object_component_ref idref="oc-7f"/>
      </symbol>
      <symbol id="sm-689">
         <name>xTaskGetTickCount</name>
         <value>0xad7</value>
         <object_component_ref idref="oc-7f"/>
      </symbol>
      <symbol id="sm-68a">
         <name>vTaskDelete</name>
         <value>0x45b</value>
         <object_component_ref idref="oc-7f"/>
      </symbol>
      <symbol id="sm-68b">
         <name>pxCurrentTCB</name>
         <value>0x20002068</value>
         <object_component_ref idref="oc-79"/>
      </symbol>
      <symbol id="sm-68c">
         <name>vTaskNotifyGiveFromISR</name>
         <value>0x15b9</value>
         <object_component_ref idref="oc-7f"/>
      </symbol>
      <symbol id="sm-68d">
         <name>vTaskSuspend</name>
         <value>0x765</value>
         <object_component_ref idref="oc-7f"/>
      </symbol>
      <symbol id="sm-68e">
         <name>xTaskGetTickCountFromISR</name>
         <value>0xaed</value>
         <object_component_ref idref="oc-7f"/>
      </symbol>
      <symbol id="sm-68f">
         <name>vTaskResume</name>
         <value>0x86d</value>
         <object_component_ref idref="oc-7f"/>
      </symbol>
      <symbol id="sm-690">
         <name>vTaskSetTimeOutState</name>
         <value>0xdf3</value>
         <object_component_ref idref="oc-7f"/>
      </symbol>
      <symbol id="sm-691">
         <name>xTaskIncrementTick</name>
         <value>0xb39</value>
         <object_component_ref idref="oc-7f"/>
      </symbol>
      <symbol id="sm-692">
         <name>vTaskSwitchContext</name>
         <value>0xc51</value>
         <object_component_ref idref="oc-7f"/>
      </symbol>
      <symbol id="sm-693">
         <name>uxTaskResetEventItemValue</name>
         <value>0x1265</value>
         <object_component_ref idref="oc-7f"/>
      </symbol>
      <symbol id="sm-694">
         <name>xTaskResumeFromISR</name>
         <value>0x8e9</value>
         <object_component_ref idref="oc-7f"/>
      </symbol>
      <symbol id="sm-695">
         <name>xTaskGetCurrentTaskHandle</name>
         <value>0xfc9</value>
         <object_component_ref idref="oc-7f"/>
      </symbol>
      <symbol id="sm-696">
         <name>vTaskPlaceOnUnorderedEventList</name>
         <value>0xcdd</value>
         <object_component_ref idref="oc-7f"/>
      </symbol>
      <symbol id="sm-697">
         <name>xTaskRemoveFromEventList</name>
         <value>0xd15</value>
         <object_component_ref idref="oc-7f"/>
      </symbol>
      <symbol id="sm-698">
         <name>xTaskPriorityInherit</name>
         <value>0xfed</value>
         <object_component_ref idref="oc-7f"/>
      </symbol>
      <symbol id="sm-6d2">
         <name>uart0_rx_queue</name>
         <value>0x20001e58</value>
      </symbol>
      <symbol id="sm-6d3">
         <name>uart0_tx_queue</name>
         <value>0x20001e5c</value>
      </symbol>
      <symbol id="sm-6d4">
         <name>uart0_init</name>
         <value>0x4265</value>
         <object_component_ref idref="oc-12f"/>
      </symbol>
      <symbol id="sm-6d5">
         <name>uart0_sendstring</name>
         <value>0x43a3</value>
         <object_component_ref idref="oc-12f"/>
      </symbol>
      <symbol id="sm-6d6">
         <name>lcrh_parity</name>
         <value>0x4211</value>
         <object_component_ref idref="oc-12f"/>
      </symbol>
      <symbol id="sm-6d7">
         <name>lcrh_stopbits</name>
         <value>0x41f7</value>
         <object_component_ref idref="oc-12f"/>
      </symbol>
      <symbol id="sm-6d8">
         <name>lcrh_databits</name>
         <value>0x41cd</value>
         <object_component_ref idref="oc-12f"/>
      </symbol>
      <symbol id="sm-6d9">
         <name>uprintf</name>
         <value>0x43df</value>
         <object_component_ref idref="oc-12f"/>
      </symbol>
      <symbol id="sm-6da">
         <name>uart0_tx_rdy</name>
         <value>0x4259</value>
         <object_component_ref idref="oc-12f"/>
      </symbol>
      <symbol id="sm-6db">
         <name>uart0_write_task</name>
         <value>0x437f</value>
         <object_component_ref idref="oc-12f"/>
      </symbol>
      <symbol id="sm-6dc">
         <name>uart0_read_isr</name>
         <value>0x4341</value>
         <object_component_ref idref="oc-12f"/>
      </symbol>
      <symbol id="sm-703">
         <name>vsprintf</name>
         <value>0x63b5</value>
         <object_component_ref idref="oc-209"/>
      </symbol>
      <symbol id="sm-71e">
         <name>memcpy</name>
         <value>0x5c0b</value>
         <object_component_ref idref="oc-46"/>
      </symbol>
      <symbol id="sm-71f">
         <name>__aeabi_memcpy</name>
         <value>0x5c0b</value>
         <object_component_ref idref="oc-46"/>
      </symbol>
      <symbol id="sm-720">
         <name>__aeabi_memcpy8</name>
         <value>0x5c0b</value>
         <object_component_ref idref="oc-46"/>
      </symbol>
      <symbol id="sm-721">
         <name>__aeabi_memcpy4</name>
         <value>0x5c0b</value>
         <object_component_ref idref="oc-46"/>
      </symbol>
      <symbol id="sm-738">
         <name>__TI_zero_init</name>
         <value>0x64a1</value>
         <object_component_ref idref="oc-58"/>
      </symbol>
      <symbol id="sm-74f">
         <name>__TI_decompress_none</name>
         <value>0x6493</value>
         <object_component_ref idref="oc-1b"/>
      </symbol>
      <symbol id="sm-772">
         <name>__TI_decompress_lzss</name>
         <value>0x6011</value>
         <object_component_ref idref="oc-15"/>
      </symbol>
      <symbol id="sm-781">
         <name>strcmp</name>
         <value>0x642b</value>
         <object_component_ref idref="oc-24f"/>
      </symbol>
      <symbol id="sm-78f">
         <name>strcpy</name>
         <value>0x6459</value>
         <object_component_ref idref="oc-23e"/>
      </symbol>
      <symbol id="sm-7a2">
         <name>__stack</name>
         <value>0x20001e68</value>
         <object_component_ref idref="oc-24"/>
      </symbol>
      <symbol id="sm-7a3">
         <name>_c_int00_noargs</name>
         <value>0x6351</value>
         <object_component_ref idref="oc-64"/>
      </symbol>
      <symbol id="sm-908">
         <name>__TI_printfi</name>
         <value>0x24b1</value>
         <object_component_ref idref="oc-2a9"/>
      </symbol>
      <symbol id="sm-928">
         <name>frexpl</name>
         <value>0x6079</value>
         <object_component_ref idref="oc-3c2"/>
      </symbol>
      <symbol id="sm-929">
         <name>frexp</name>
         <value>0x6079</value>
         <object_component_ref idref="oc-3c2"/>
      </symbol>
      <symbol id="sm-946">
         <name>scalbn</name>
         <value>0x5871</value>
         <object_component_ref idref="oc-3c8"/>
      </symbol>
      <symbol id="sm-947">
         <name>scalbnl</name>
         <value>0x5871</value>
         <object_component_ref idref="oc-3c8"/>
      </symbol>
      <symbol id="sm-948">
         <name>ldexpl</name>
         <value>0x5871</value>
         <object_component_ref idref="oc-3c8"/>
      </symbol>
      <symbol id="sm-949">
         <name>ldexp</name>
         <value>0x5871</value>
         <object_component_ref idref="oc-3c8"/>
      </symbol>
      <symbol id="sm-962">
         <name>wcslen</name>
         <value>0x6481</value>
         <object_component_ref idref="oc-346"/>
      </symbol>
      <symbol id="sm-979">
         <name>__aeabi_dsub</name>
         <value>0x4df9</value>
         <object_component_ref idref="oc-3a2"/>
      </symbol>
      <symbol id="sm-97a">
         <name>__aeabi_dadd</name>
         <value>0x4e03</value>
         <object_component_ref idref="oc-3a2"/>
      </symbol>
      <symbol id="sm-99c">
         <name>__aeabi_cdcmpeq</name>
         <value>0x5d3d</value>
         <object_component_ref idref="oc-323"/>
      </symbol>
      <symbol id="sm-99d">
         <name>__aeabi_cdcmple</name>
         <value>0x5d3d</value>
         <object_component_ref idref="oc-323"/>
      </symbol>
      <symbol id="sm-99e">
         <name>__aeabi_cdrcmple</name>
         <value>0x5dc3</value>
         <object_component_ref idref="oc-38d"/>
      </symbol>
      <symbol id="sm-9b2">
         <name>__aeabi_ddiv</name>
         <value>0x54ed</value>
         <object_component_ref idref="oc-388"/>
      </symbol>
      <symbol id="sm-9bd">
         <name>__aeabi_dmul</name>
         <value>0x5981</value>
         <object_component_ref idref="oc-383"/>
      </symbol>
      <symbol id="sm-9c7">
         <name>__aeabi_d2iz</name>
         <value>0x6285</value>
         <object_component_ref idref="oc-392"/>
      </symbol>
      <symbol id="sm-9d1">
         <name>__aeabi_i2d</name>
         <value>0x6385</value>
         <object_component_ref idref="oc-39d"/>
      </symbol>
      <symbol id="sm-9de">
         <name>__aeabi_uldivmod</name>
         <value>0x5ca7</value>
         <object_component_ref idref="oc-37c"/>
      </symbol>
      <symbol id="sm-9ed">
         <name>__aeabi_memset</name>
         <value>0x5e4b</value>
         <object_component_ref idref="oc-b6"/>
      </symbol>
      <symbol id="sm-9ee">
         <name>memset</name>
         <value>0x5e51</value>
         <object_component_ref idref="oc-b6"/>
      </symbol>
      <symbol id="sm-9ef">
         <name>__aeabi_memset8</name>
         <value>0x5e4b</value>
         <object_component_ref idref="oc-b6"/>
      </symbol>
      <symbol id="sm-9f0">
         <name>__aeabi_memset4</name>
         <value>0x5e4b</value>
         <object_component_ref idref="oc-b6"/>
      </symbol>
      <symbol id="sm-9f1">
         <name>__aeabi_memclr8</name>
         <value>0x5e49</value>
         <object_component_ref idref="oc-b6"/>
      </symbol>
      <symbol id="sm-9f2">
         <name>__aeabi_memclr4</name>
         <value>0x5e49</value>
         <object_component_ref idref="oc-b6"/>
      </symbol>
      <symbol id="sm-9f3">
         <name>__aeabi_memclr</name>
         <value>0x5e49</value>
         <object_component_ref idref="oc-b6"/>
      </symbol>
      <symbol id="sm-a1b">
         <name>__TI_auto_init_nobinit_nopinit</name>
         <value>0x62cd</value>
         <object_component_ref idref="oc-182"/>
      </symbol>
      <symbol id="sm-a25">
         <name>_system_pre_init</name>
         <value>0x64cd</value>
         <object_component_ref idref="oc-bc"/>
      </symbol>
      <symbol id="sm-a31">
         <name>C$$EXIT</name>
         <value>0x64d1</value>
         <object_component_ref idref="oc-176"/>
      </symbol>
      <symbol id="sm-a32">
         <name>abort</name>
         <value>0x64d1</value>
         <object_component_ref idref="oc-176"/>
      </symbol>
      <symbol id="sm-a42">
         <name>__TI_ltoa</name>
         <value>0x6193</value>
         <object_component_ref idref="oc-397"/>
      </symbol>
      <symbol id="sm-a59">
         <name>atoi</name>
         <value>0x6239</value>
         <object_component_ref idref="oc-317"/>
      </symbol>
      <symbol id="sm-a64">
         <name>_ctypes_</name>
         <value>0x64d4</value>
         <object_component_ref idref="oc-377"/>
      </symbol>
      <symbol id="sm-a74">
         <name>memccpy</name>
         <value>0x63dd</value>
         <object_component_ref idref="oc-340"/>
      </symbol>
      <symbol id="sm-a84">
         <name>strchr</name>
         <value>0x6443</value>
         <object_component_ref idref="oc-3ce"/>
      </symbol>
      <symbol id="sm-a92">
         <name>strlen</name>
         <value>0x646d</value>
         <object_component_ref idref="oc-311"/>
      </symbol>
      <symbol id="sm-aa8">
         <name>__aeabi_errno_addr</name>
         <value>0x64c5</value>
         <object_component_ref idref="oc-34c"/>
      </symbol>
      <symbol id="sm-aa9">
         <name>errno</name>
         <value>0x200020a8</value>
         <object_component_ref idref="oc-3de"/>
      </symbol>
      <symbol id="sm-ab3">
         <name>copysign</name>
         <value>0x63f9</value>
         <object_component_ref idref="oc-414"/>
      </symbol>
      <symbol id="sm-ab4">
         <name>copysignl</name>
         <value>0x63f9</value>
         <object_component_ref idref="oc-414"/>
      </symbol>
      <symbol id="sm-abe">
         <name>__aeabi_idiv0</name>
         <value>0x2eff</value>
         <object_component_ref idref="oc-3fb"/>
      </symbol>
      <symbol id="sm-abf">
         <name>__aeabi_ldiv0</name>
         <value>0x2eff</value>
         <object_component_ref idref="oc-3fb"/>
      </symbol>
      <symbol id="sm-ac0">
         <name>__TI_static_base__</name>
         <value>0x0</value>
      </symbol>
      <symbol id="sm-ac3">
         <name>__mpu_init</name>
         <value>0x0</value>
      </symbol>
      <symbol id="sm-ac4">
         <name>_system_post_cinit</name>
         <value>0x0</value>
      </symbol>
   </symbol_table>
   <title>Link successful</title>
</link_info>
