<?xml version="1.0" encoding="ISO-8859-1" ?>
<link_info>
   <banner>TI ARM Linker PC v20.2.5.LTS</banner>
   <copyright>Copyright (c) 1996-2018 Texas Instruments Incorporated</copyright>
   <link_time>0x62852e25</link_time>
   <link_errors>0x0</link_errors>
   <output_file>COFFEE_MACHINE.out</output_file>
   <entry_point>
      <name>_c_int00_noargs</name>
      <address>0x63f5</address>
   </entry_point>
   <input_file_list>
      <input_file id="fl-2">
         <path>.\</path>
         <kind>object</kind>
         <file>coffee.obj</file>
         <name>coffee.obj</name>
      </input_file>
      <input_file id="fl-3">
         <path>.\</path>
         <kind>object</kind>
         <file>digiswitch.obj</file>
         <name>digiswitch.obj</name>
      </input_file>
      <input_file id="fl-4">
         <path>.\</path>
         <kind>object</kind>
         <file>heap_2.obj</file>
         <name>heap_2.obj</name>
      </input_file>
      <input_file id="fl-5">
         <path>.\</path>
         <kind>object</kind>
         <file>key.obj</file>
         <name>key.obj</name>
      </input_file>
      <input_file id="fl-6">
         <path>.\</path>
         <kind>object</kind>
         <file>lcd.obj</file>
         <name>lcd.obj</name>
      </input_file>
      <input_file id="fl-7">
         <path>.\</path>
         <kind>object</kind>
         <file>led.obj</file>
         <name>led.obj</name>
      </input_file>
      <input_file id="fl-8">
         <path>.\</path>
         <kind>object</kind>
         <file>list.obj</file>
         <name>list.obj</name>
      </input_file>
      <input_file id="fl-9">
         <path>.\</path>
         <kind>object</kind>
         <file>log.obj</file>
         <name>log.obj</name>
      </input_file>
      <input_file id="fl-a">
         <path>.\</path>
         <kind>object</kind>
         <file>main.obj</file>
         <name>main.obj</name>
      </input_file>
      <input_file id="fl-b">
         <path>.\</path>
         <kind>object</kind>
         <file>payment.obj</file>
         <name>payment.obj</name>
      </input_file>
      <input_file id="fl-c">
         <path>.\</path>
         <kind>object</kind>
         <file>port.obj</file>
         <name>port.obj</name>
      </input_file>
      <input_file id="fl-d">
         <path>.\</path>
         <kind>object</kind>
         <file>portasm.obj</file>
         <name>portasm.obj</name>
      </input_file>
      <input_file id="fl-e">
         <path>.\</path>
         <kind>object</kind>
         <file>queue.obj</file>
         <name>queue.obj</name>
      </input_file>
      <input_file id="fl-f">
         <path>.\</path>
         <kind>object</kind>
         <file>report.obj</file>
         <name>report.obj</name>
      </input_file>
      <input_file id="fl-10">
         <path>.\</path>
         <kind>object</kind>
         <file>startup_frt.obj</file>
         <name>startup_frt.obj</name>
      </input_file>
      <input_file id="fl-11">
         <path>.\</path>
         <kind>object</kind>
         <file>switch.obj</file>
         <name>switch.obj</name>
      </input_file>
      <input_file id="fl-12">
         <path>.\</path>
         <kind>object</kind>
         <file>systick_frt.obj</file>
         <name>systick_frt.obj</name>
      </input_file>
      <input_file id="fl-13">
         <path>.\</path>
         <kind>object</kind>
         <file>tasks.obj</file>
         <name>tasks.obj</name>
      </input_file>
      <input_file id="fl-14">
         <path>.\</path>
         <kind>object</kind>
         <file>uart0.obj</file>
         <name>uart0.obj</name>
      </input_file>
      <input_file id="fl-18">
         <kind>object</kind>
         <file>&lt;internal&gt;</file>
         <name>&lt;internal&gt;</name>
      </input_file>
      <input_file id="fl-ce">
         <path>C:\ti\ccs1110\ccs\tools\compiler\ti-cgt-arm_20.2.5.LTS\lib\</path>
         <kind>archive</kind>
         <file>rtsv7M4_T_le_v4SPD16_eabi.lib</file>
         <name>vsprintf.c.obj</name>
      </input_file>
      <input_file id="fl-cf">
         <path>C:\ti\ccs1110\ccs\tools\compiler\ti-cgt-arm_20.2.5.LTS\lib\</path>
         <kind>archive</kind>
         <file>rtsv7M4_T_le_v4SPD16_eabi.lib</file>
         <name>memcpy_t2.asm.obj</name>
      </input_file>
      <input_file id="fl-d0">
         <path>C:\ti\ccs1110\ccs\tools\compiler\ti-cgt-arm_20.2.5.LTS\lib\</path>
         <kind>archive</kind>
         <file>rtsv7M4_T_le_v4SPD16_eabi.lib</file>
         <name>copy_zero_init.c.obj</name>
      </input_file>
      <input_file id="fl-d1">
         <path>C:\ti\ccs1110\ccs\tools\compiler\ti-cgt-arm_20.2.5.LTS\lib\</path>
         <kind>archive</kind>
         <file>rtsv7M4_T_le_v4SPD16_eabi.lib</file>
         <name>copy_decompress_none.c.obj</name>
      </input_file>
      <input_file id="fl-d2">
         <path>C:\ti\ccs1110\ccs\tools\compiler\ti-cgt-arm_20.2.5.LTS\lib\</path>
         <kind>archive</kind>
         <file>rtsv7M4_T_le_v4SPD16_eabi.lib</file>
         <name>copy_decompress_lzss.c.obj</name>
      </input_file>
      <input_file id="fl-d3">
         <path>C:\ti\ccs1110\ccs\tools\compiler\ti-cgt-arm_20.2.5.LTS\lib\</path>
         <kind>archive</kind>
         <file>rtsv7M4_T_le_v4SPD16_eabi.lib</file>
         <name>strcmp.c.obj</name>
      </input_file>
      <input_file id="fl-d4">
         <path>C:\ti\ccs1110\ccs\tools\compiler\ti-cgt-arm_20.2.5.LTS\lib\</path>
         <kind>archive</kind>
         <file>rtsv7M4_T_le_v4SPD16_eabi.lib</file>
         <name>strcpy.c.obj</name>
      </input_file>
      <input_file id="fl-d5">
         <path>C:\ti\ccs1110\ccs\tools\compiler\ti-cgt-arm_20.2.5.LTS\lib\</path>
         <kind>archive</kind>
         <file>rtsv7M4_T_le_v4SPD16_eabi.lib</file>
         <name>boot_cortex_m.c.obj</name>
      </input_file>
      <input_file id="fl-d6">
         <path>C:\ti\ccs1110\ccs\tools\compiler\ti-cgt-arm_20.2.5.LTS\lib\</path>
         <kind>archive</kind>
         <file>rtsv7M4_T_le_v4SPD16_eabi.lib</file>
         <name>_printfi.c.obj</name>
      </input_file>
      <input_file id="fl-d7">
         <path>C:\ti\ccs1110\ccs\tools\compiler\ti-cgt-arm_20.2.5.LTS\lib\</path>
         <kind>archive</kind>
         <file>rtsv7M4_T_le_v4SPD16_eabi.lib</file>
         <name>s_frexp.c.obj</name>
      </input_file>
      <input_file id="fl-d8">
         <path>C:\ti\ccs1110\ccs\tools\compiler\ti-cgt-arm_20.2.5.LTS\lib\</path>
         <kind>archive</kind>
         <file>rtsv7M4_T_le_v4SPD16_eabi.lib</file>
         <name>s_scalbn.c.obj</name>
      </input_file>
      <input_file id="fl-d9">
         <path>C:\ti\ccs1110\ccs\tools\compiler\ti-cgt-arm_20.2.5.LTS\lib\</path>
         <kind>archive</kind>
         <file>rtsv7M4_T_le_v4SPD16_eabi.lib</file>
         <name>wcslen.c.obj</name>
      </input_file>
      <input_file id="fl-da">
         <path>C:\ti\ccs1110\ccs\tools\compiler\ti-cgt-arm_20.2.5.LTS\lib\</path>
         <kind>archive</kind>
         <file>rtsv7M4_T_le_v4SPD16_eabi.lib</file>
         <name>fd_add_t2.asm.obj</name>
      </input_file>
      <input_file id="fl-db">
         <path>C:\ti\ccs1110\ccs\tools\compiler\ti-cgt-arm_20.2.5.LTS\lib\</path>
         <kind>archive</kind>
         <file>rtsv7M4_T_le_v4SPD16_eabi.lib</file>
         <name>fd_cmp_t2.asm.obj</name>
      </input_file>
      <input_file id="fl-dc">
         <path>C:\ti\ccs1110\ccs\tools\compiler\ti-cgt-arm_20.2.5.LTS\lib\</path>
         <kind>archive</kind>
         <file>rtsv7M4_T_le_v4SPD16_eabi.lib</file>
         <name>fd_div_t2.asm.obj</name>
      </input_file>
      <input_file id="fl-dd">
         <path>C:\ti\ccs1110\ccs\tools\compiler\ti-cgt-arm_20.2.5.LTS\lib\</path>
         <kind>archive</kind>
         <file>rtsv7M4_T_le_v4SPD16_eabi.lib</file>
         <name>fd_mul_t2.asm.obj</name>
      </input_file>
      <input_file id="fl-de">
         <path>C:\ti\ccs1110\ccs\tools\compiler\ti-cgt-arm_20.2.5.LTS\lib\</path>
         <kind>archive</kind>
         <file>rtsv7M4_T_le_v4SPD16_eabi.lib</file>
         <name>fd_toi_t2.asm.obj</name>
      </input_file>
      <input_file id="fl-df">
         <path>C:\ti\ccs1110\ccs\tools\compiler\ti-cgt-arm_20.2.5.LTS\lib\</path>
         <kind>archive</kind>
         <file>rtsv7M4_T_le_v4SPD16_eabi.lib</file>
         <name>i_tofd_t2.asm.obj</name>
      </input_file>
      <input_file id="fl-e0">
         <path>C:\ti\ccs1110\ccs\tools\compiler\ti-cgt-arm_20.2.5.LTS\lib\</path>
         <kind>archive</kind>
         <file>rtsv7M4_T_le_v4SPD16_eabi.lib</file>
         <name>ull_div_t2.asm.obj</name>
      </input_file>
      <input_file id="fl-e1">
         <path>C:\ti\ccs1110\ccs\tools\compiler\ti-cgt-arm_20.2.5.LTS\lib\</path>
         <kind>archive</kind>
         <file>rtsv7M4_T_le_v4SPD16_eabi.lib</file>
         <name>memset_t2.asm.obj</name>
      </input_file>
      <input_file id="fl-e2">
         <path>C:\ti\ccs1110\ccs\tools\compiler\ti-cgt-arm_20.2.5.LTS\lib\</path>
         <kind>archive</kind>
         <file>rtsv7M4_T_le_v4SPD16_eabi.lib</file>
         <name>autoinit.c.obj</name>
      </input_file>
      <input_file id="fl-e3">
         <path>C:\ti\ccs1110\ccs\tools\compiler\ti-cgt-arm_20.2.5.LTS\lib\</path>
         <kind>archive</kind>
         <file>rtsv7M4_T_le_v4SPD16_eabi.lib</file>
         <name>pre_init.c.obj</name>
      </input_file>
      <input_file id="fl-e4">
         <path>C:\ti\ccs1110\ccs\tools\compiler\ti-cgt-arm_20.2.5.LTS\lib\</path>
         <kind>archive</kind>
         <file>rtsv7M4_T_le_v4SPD16_eabi.lib</file>
         <name>cpy_tbl.c.obj</name>
      </input_file>
      <input_file id="fl-e5">
         <path>C:\ti\ccs1110\ccs\tools\compiler\ti-cgt-arm_20.2.5.LTS\lib\</path>
         <kind>archive</kind>
         <file>rtsv7M4_T_le_v4SPD16_eabi.lib</file>
         <name>exit.c.obj</name>
      </input_file>
      <input_file id="fl-e6">
         <path>C:\ti\ccs1110\ccs\tools\compiler\ti-cgt-arm_20.2.5.LTS\lib\</path>
         <kind>archive</kind>
         <file>rtsv7M4_T_le_v4SPD16_eabi.lib</file>
         <name>_lock.c.obj</name>
      </input_file>
      <input_file id="fl-e7">
         <path>C:\ti\ccs1110\ccs\tools\compiler\ti-cgt-arm_20.2.5.LTS\lib\</path>
         <kind>archive</kind>
         <file>rtsv7M4_T_le_v4SPD16_eabi.lib</file>
         <name>_ltoa.c.obj</name>
      </input_file>
      <input_file id="fl-e8">
         <path>C:\ti\ccs1110\ccs\tools\compiler\ti-cgt-arm_20.2.5.LTS\lib\</path>
         <kind>archive</kind>
         <file>rtsv7M4_T_le_v4SPD16_eabi.lib</file>
         <name>args_main.c.obj</name>
      </input_file>
      <input_file id="fl-e9">
         <path>C:\ti\ccs1110\ccs\tools\compiler\ti-cgt-arm_20.2.5.LTS\lib\</path>
         <kind>archive</kind>
         <file>rtsv7M4_T_le_v4SPD16_eabi.lib</file>
         <name>atoi.c.obj</name>
      </input_file>
      <input_file id="fl-ea">
         <path>C:\ti\ccs1110\ccs\tools\compiler\ti-cgt-arm_20.2.5.LTS\lib\</path>
         <kind>archive</kind>
         <file>rtsv7M4_T_le_v4SPD16_eabi.lib</file>
         <name>ctype.c.obj</name>
      </input_file>
      <input_file id="fl-eb">
         <path>C:\ti\ccs1110\ccs\tools\compiler\ti-cgt-arm_20.2.5.LTS\lib\</path>
         <kind>archive</kind>
         <file>rtsv7M4_T_le_v4SPD16_eabi.lib</file>
         <name>memccpy.c.obj</name>
      </input_file>
      <input_file id="fl-ec">
         <path>C:\ti\ccs1110\ccs\tools\compiler\ti-cgt-arm_20.2.5.LTS\lib\</path>
         <kind>archive</kind>
         <file>rtsv7M4_T_le_v4SPD16_eabi.lib</file>
         <name>strchr.c.obj</name>
      </input_file>
      <input_file id="fl-ed">
         <path>C:\ti\ccs1110\ccs\tools\compiler\ti-cgt-arm_20.2.5.LTS\lib\</path>
         <kind>archive</kind>
         <file>rtsv7M4_T_le_v4SPD16_eabi.lib</file>
         <name>strlen.c.obj</name>
      </input_file>
      <input_file id="fl-ee">
         <path>C:\ti\ccs1110\ccs\tools\compiler\ti-cgt-arm_20.2.5.LTS\lib\</path>
         <kind>archive</kind>
         <file>rtsv7M4_T_le_v4SPD16_eabi.lib</file>
         <name>errno.c.obj</name>
      </input_file>
      <input_file id="fl-ef">
         <path>C:\ti\ccs1110\ccs\tools\compiler\ti-cgt-arm_20.2.5.LTS\lib\</path>
         <kind>archive</kind>
         <file>rtsv7M4_T_le_v4SPD16_eabi.lib</file>
         <name>s_copysign.c.obj</name>
      </input_file>
      <input_file id="fl-f0">
         <path>C:\ti\ccs1110\ccs\tools\compiler\ti-cgt-arm_20.2.5.LTS\lib\</path>
         <kind>archive</kind>
         <file>rtsv7M4_T_le_v4SPD16_eabi.lib</file>
         <name>div0.asm.obj</name>
      </input_file>
   </input_file_list>
   <object_component_list>
      <object_component id="oc-12">
         <name>.intvecs</name>
         <load_address>0x0</load_address>
         <run_address>0x0</run_address>
         <size>0x26c</size>
         <input_file_ref idref="fl-10"/>
      </object_component>
      <object_component id="oc-7f">
         <name>.text</name>
         <load_address>0x26c</load_address>
         <run_address>0x26c</run_address>
         <size>0x14f4</size>
         <input_file_ref idref="fl-13"/>
      </object_component>
      <object_component id="oc-203">
         <name>.text</name>
         <load_address>0x1760</load_address>
         <run_address>0x1760</run_address>
         <size>0xd50</size>
         <input_file_ref idref="fl-e"/>
      </object_component>
      <object_component id="oc-2aa">
         <name>.text:__TI_printfi</name>
         <load_address>0x24b0</load_address>
         <run_address>0x24b0</run_address>
         <size>0xa4e</size>
         <input_file_ref idref="fl-d6"/>
      </object_component>
      <object_component id="oc-3fc">
         <name>.text</name>
         <load_address>0x2efe</load_address>
         <run_address>0x2efe</run_address>
         <size>0x2</size>
         <input_file_ref idref="fl-f0"/>
      </object_component>
      <object_component id="oc-15f">
         <name>.text</name>
         <load_address>0x2f00</load_address>
         <run_address>0x2f00</run_address>
         <size>0x64c</size>
         <input_file_ref idref="fl-2"/>
      </object_component>
      <object_component id="oc-159">
         <name>.text</name>
         <load_address>0x354c</load_address>
         <run_address>0x354c</run_address>
         <size>0x500</size>
         <input_file_ref idref="fl-b"/>
      </object_component>
      <object_component id="oc-147">
         <name>.text</name>
         <load_address>0x3a4c</load_address>
         <run_address>0x3a4c</run_address>
         <size>0x420</size>
         <input_file_ref idref="fl-6"/>
      </object_component>
      <object_component id="oc-16f">
         <name>.text</name>
         <load_address>0x3e6c</load_address>
         <run_address>0x3e6c</run_address>
         <size>0x3e8</size>
         <input_file_ref idref="fl-f"/>
      </object_component>
      <object_component id="oc-12f">
         <name>.text</name>
         <load_address>0x4254</load_address>
         <run_address>0x4254</run_address>
         <size>0x290</size>
         <input_file_ref idref="fl-14"/>
      </object_component>
      <object_component id="oc-33b">
         <name>.text:_pconv_a</name>
         <load_address>0x44e4</load_address>
         <run_address>0x44e4</run_address>
         <size>0x270</size>
         <input_file_ref idref="fl-d6"/>
      </object_component>
      <object_component id="oc-165">
         <name>.text</name>
         <load_address>0x4754</load_address>
         <run_address>0x4754</run_address>
         <size>0x1e4</size>
         <input_file_ref idref="fl-9"/>
      </object_component>
      <object_component id="oc-13b">
         <name>.text</name>
         <load_address>0x4938</load_address>
         <run_address>0x4938</run_address>
         <size>0x1dc</size>
         <input_file_ref idref="fl-5"/>
      </object_component>
      <object_component id="oc-329">
         <name>.text:_pconv_g</name>
         <load_address>0x4b14</load_address>
         <run_address>0x4b14</run_address>
         <size>0x1d0</size>
         <input_file_ref idref="fl-d6"/>
      </object_component>
      <object_component id="oc-de">
         <name>.text</name>
         <load_address>0x4ce4</load_address>
         <run_address>0x4ce4</run_address>
         <size>0x1b8</size>
         <input_file_ref idref="fl-4"/>
      </object_component>
      <object_component id="oc-3a3">
         <name>.text</name>
         <load_address>0x4e9c</load_address>
         <run_address>0x4e9c</run_address>
         <size>0x1b6</size>
         <input_file_ref idref="fl-da"/>
      </object_component>
      <object_component id="oc-c2">
         <name>.text</name>
         <load_address>0x5054</load_address>
         <run_address>0x5054</run_address>
         <size>0x174</size>
         <input_file_ref idref="fl-a"/>
      </object_component>
      <object_component id="oc-141">
         <name>.text</name>
         <load_address>0x51c8</load_address>
         <run_address>0x51c8</run_address>
         <size>0x150</size>
         <input_file_ref idref="fl-3"/>
      </object_component>
      <object_component id="oc-335">
         <name>.text:_pconv_e</name>
         <load_address>0x5318</load_address>
         <run_address>0x5318</run_address>
         <size>0x13c</size>
         <input_file_ref idref="fl-d6"/>
      </object_component>
      <object_component id="oc-32">
         <name>.text</name>
         <load_address>0x5454</load_address>
         <run_address>0x5454</run_address>
         <size>0x13c</size>
         <input_file_ref idref="fl-c"/>
      </object_component>
      <object_component id="oc-389">
         <name>.text</name>
         <load_address>0x5590</load_address>
         <run_address>0x5590</run_address>
         <size>0x136</size>
         <input_file_ref idref="fl-dc"/>
      </object_component>
      <object_component id="oc-e4">
         <name>.text</name>
         <load_address>0x56c6</load_address>
         <run_address>0x56c6</run_address>
         <size>0x12a</size>
         <input_file_ref idref="fl-8"/>
      </object_component>
      <object_component id="oc-3b5">
         <name>.text:fcvt</name>
         <load_address>0x57f0</load_address>
         <run_address>0x57f0</run_address>
         <size>0x124</size>
         <input_file_ref idref="fl-d6"/>
      </object_component>
      <object_component id="oc-3c9">
         <name>.text:scalbn</name>
         <load_address>0x5914</load_address>
         <run_address>0x5914</run_address>
         <size>0x110</size>
         <input_file_ref idref="fl-d8"/>
      </object_component>
      <object_component id="oc-384">
         <name>.text</name>
         <load_address>0x5a24</load_address>
         <run_address>0x5a24</run_address>
         <size>0xfc</size>
         <input_file_ref idref="fl-dd"/>
      </object_component>
      <object_component id="oc-2d">
         <name>.text</name>
         <load_address>0x5b20</load_address>
         <run_address>0x5b20</run_address>
         <size>0xda</size>
         <input_file_ref idref="fl-d"/>
      </object_component>
      <object_component id="oc-31e">
         <name>.text:_ltostr</name>
         <load_address>0x5bfc</load_address>
         <run_address>0x5bfc</run_address>
         <size>0xb1</size>
         <input_file_ref idref="fl-d6"/>
      </object_component>
      <object_component id="oc-46">
         <name>.text</name>
         <load_address>0x5cae</load_address>
         <run_address>0x5cae</run_address>
         <size>0x9c</size>
         <input_file_ref idref="fl-cf"/>
      </object_component>
      <object_component id="oc-37d">
         <name>.text</name>
         <load_address>0x5d4a</load_address>
         <run_address>0x5d4a</run_address>
         <size>0x96</size>
         <input_file_ref idref="fl-e0"/>
      </object_component>
      <object_component id="oc-324">
         <name>.text:__aeabi_cdcmple</name>
         <load_address>0x5de0</load_address>
         <run_address>0x5de0</run_address>
         <size>0x86</size>
         <input_file_ref idref="fl-db"/>
      </object_component>
      <object_component id="oc-38e">
         <name>.text:__aeabi_cdrcmple</name>
         <load_address>0x5e66</load_address>
         <run_address>0x5e66</run_address>
         <size>0x86</size>
         <input_file_ref idref="fl-db"/>
      </object_component>
      <object_component id="oc-b6">
         <name>.text</name>
         <load_address>0x5eec</load_address>
         <run_address>0x5eec</run_address>
         <size>0x7a</size>
         <input_file_ref idref="fl-e1"/>
      </object_component>
      <object_component id="oc-14d">
         <name>.text</name>
         <load_address>0x5f68</load_address>
         <run_address>0x5f68</run_address>
         <size>0x70</size>
         <input_file_ref idref="fl-11"/>
      </object_component>
      <object_component id="oc-3ae">
         <name>.text:_mcpy</name>
         <load_address>0x5fd8</load_address>
         <run_address>0x5fd8</run_address>
         <size>0x6e</size>
         <input_file_ref idref="fl-d6"/>
      </object_component>
      <object_component id="oc-135">
         <name>.text</name>
         <load_address>0x6048</load_address>
         <run_address>0x6048</run_address>
         <size>0x6c</size>
         <input_file_ref idref="fl-12"/>
      </object_component>
      <object_component id="oc-15">
         <name>.text:decompress:lzss:__TI_decompress_lzss</name>
         <load_address>0x60b4</load_address>
         <run_address>0x60b4</run_address>
         <size>0x68</size>
         <input_file_ref idref="fl-d2"/>
      </object_component>
      <object_component id="oc-3c3">
         <name>.text:frexp</name>
         <load_address>0x611c</load_address>
         <run_address>0x611c</run_address>
         <size>0x64</size>
         <input_file_ref idref="fl-d7"/>
      </object_component>
      <object_component id="oc-153">
         <name>.text</name>
         <load_address>0x6180</load_address>
         <run_address>0x6180</run_address>
         <size>0x60</size>
         <input_file_ref idref="fl-7"/>
      </object_component>
      <object_component id="oc-32f">
         <name>.text:_pconv_f</name>
         <load_address>0x61e0</load_address>
         <run_address>0x61e0</run_address>
         <size>0x56</size>
         <input_file_ref idref="fl-d6"/>
      </object_component>
      <object_component id="oc-398">
         <name>.text:__TI_ltoa</name>
         <load_address>0x6236</load_address>
         <run_address>0x6236</run_address>
         <size>0x54</size>
         <input_file_ref idref="fl-e7"/>
      </object_component>
      <object_component id="oc-3a8">
         <name>.text:_ecpy</name>
         <load_address>0x628a</load_address>
         <run_address>0x628a</run_address>
         <size>0x52</size>
         <input_file_ref idref="fl-d6"/>
      </object_component>
      <object_component id="oc-318">
         <name>.text:atoi</name>
         <load_address>0x62dc</load_address>
         <run_address>0x62dc</run_address>
         <size>0x4c</size>
         <input_file_ref idref="fl-e9"/>
      </object_component>
      <object_component id="oc-393">
         <name>.text</name>
         <load_address>0x6328</load_address>
         <run_address>0x6328</run_address>
         <size>0x48</size>
         <input_file_ref idref="fl-de"/>
      </object_component>
      <object_component id="oc-182">
         <name>.text:__TI_auto_init_nobinit_nopinit:__TI_auto_init_nobinit_nopinit</name>
         <load_address>0x6370</load_address>
         <run_address>0x6370</run_address>
         <size>0x44</size>
         <input_file_ref idref="fl-e2"/>
      </object_component>
      <object_component id="oc-3bb">
         <name>.text:_fcpy</name>
         <load_address>0x63b4</load_address>
         <run_address>0x63b4</run_address>
         <size>0x3e</size>
         <input_file_ref idref="fl-d6"/>
      </object_component>
      <object_component id="oc-64">
         <name>.text:_c_int00_noargs:_c_int00_noargs</name>
         <load_address>0x63f4</load_address>
         <run_address>0x63f4</run_address>
         <size>0x34</size>
         <input_file_ref idref="fl-d5"/>
      </object_component>
      <object_component id="oc-39e">
         <name>.text</name>
         <load_address>0x6428</load_address>
         <run_address>0x6428</run_address>
         <size>0x2e</size>
         <input_file_ref idref="fl-df"/>
      </object_component>
      <object_component id="oc-209">
         <name>.text:vsprintf</name>
         <load_address>0x6458</load_address>
         <run_address>0x6458</run_address>
         <size>0x28</size>
         <input_file_ref idref="fl-ce"/>
      </object_component>
      <object_component id="oc-341">
         <name>.text:memccpy</name>
         <load_address>0x6480</load_address>
         <run_address>0x6480</run_address>
         <size>0x1c</size>
         <input_file_ref idref="fl-eb"/>
      </object_component>
      <object_component id="oc-415">
         <name>.text:copysign</name>
         <load_address>0x649c</load_address>
         <run_address>0x649c</run_address>
         <size>0x1a</size>
         <input_file_ref idref="fl-ef"/>
      </object_component>
      <object_component id="oc-2b0">
         <name>.text:_outs</name>
         <load_address>0x64b6</load_address>
         <run_address>0x64b6</run_address>
         <size>0x18</size>
         <input_file_ref idref="fl-ce"/>
      </object_component>
      <object_component id="oc-24f">
         <name>.text:strcmp</name>
         <load_address>0x64ce</load_address>
         <run_address>0x64ce</run_address>
         <size>0x18</size>
         <input_file_ref idref="fl-d3"/>
      </object_component>
      <object_component id="oc-3cf">
         <name>.text:strchr</name>
         <load_address>0x64e6</load_address>
         <run_address>0x64e6</run_address>
         <size>0x16</size>
         <input_file_ref idref="fl-ec"/>
      </object_component>
      <object_component id="oc-240">
         <name>.text:strcpy</name>
         <load_address>0x64fc</load_address>
         <run_address>0x64fc</run_address>
         <size>0x14</size>
         <input_file_ref idref="fl-d4"/>
      </object_component>
      <object_component id="oc-312">
         <name>.text:strlen</name>
         <load_address>0x6510</load_address>
         <run_address>0x6510</run_address>
         <size>0x14</size>
         <input_file_ref idref="fl-ed"/>
      </object_component>
      <object_component id="oc-347">
         <name>.text:wcslen</name>
         <load_address>0x6524</load_address>
         <run_address>0x6524</run_address>
         <size>0x12</size>
         <input_file_ref idref="fl-d9"/>
      </object_component>
      <object_component id="oc-1b">
         <name>.text:decompress:none:__TI_decompress_none</name>
         <load_address>0x6536</load_address>
         <run_address>0x6536</run_address>
         <size>0xe</size>
         <input_file_ref idref="fl-d1"/>
      </object_component>
      <object_component id="oc-58">
         <name>.text:decompress:ZI:__TI_zero_init</name>
         <load_address>0x6544</load_address>
         <run_address>0x6544</run_address>
         <size>0xc</size>
         <input_file_ref idref="fl-d0"/>
      </object_component>
      <object_component id="oc-27">
         <name>.text</name>
         <load_address>0x6550</load_address>
         <run_address>0x6550</run_address>
         <size>0xc</size>
         <input_file_ref idref="fl-10"/>
      </object_component>
      <object_component id="oc-2b6">
         <name>.text:_outc</name>
         <load_address>0x655c</load_address>
         <run_address>0x655c</run_address>
         <size>0xa</size>
         <input_file_ref idref="fl-ce"/>
      </object_component>
      <object_component id="oc-34d">
         <name>.text:__aeabi_errno_addr</name>
         <load_address>0x6568</load_address>
         <run_address>0x6568</run_address>
         <size>0x8</size>
         <input_file_ref idref="fl-ee"/>
      </object_component>
      <object_component id="oc-bc">
         <name>.text:_system_pre_init</name>
         <load_address>0x6570</load_address>
         <run_address>0x6570</run_address>
         <size>0x4</size>
         <input_file_ref idref="fl-e3"/>
      </object_component>
      <object_component id="oc-176">
         <name>.text:abort:abort</name>
         <load_address>0x6574</load_address>
         <run_address>0x6574</run_address>
         <size>0x4</size>
         <input_file_ref idref="fl-e5"/>
      </object_component>
      <object_component id="oc-378">
         <name>.const:.string:_ctypes_</name>
         <load_address>0x6578</load_address>
         <run_address>0x6578</run_address>
         <size>0x101</size>
         <input_file_ref idref="fl-ea"/>
      </object_component>
      <object_component id="oc-21a">
         <name>.const:$P$T0$1</name>
         <load_address>0x6679</load_address>
         <run_address>0x6679</run_address>
         <size>0xc</size>
         <input_file_ref idref="fl-5"/>
      </object_component>
      <object_component id="oc-22d">
         <name>.const:.string:LCD_init_sequense</name>
         <load_address>0x6685</load_address>
         <run_address>0x6685</run_address>
         <size>0xa</size>
         <input_file_ref idref="fl-6"/>
      </object_component>
      <object_component id="oc-7c">
         <name>.const</name>
         <load_address>0x6690</load_address>
         <run_address>0x6690</run_address>
         <size>0x4</size>
         <input_file_ref idref="fl-c"/>
      </object_component>
      <object_component id="oc-46d">
         <name>.cinit..data.load</name>
         <load_address>0x6698</load_address>
         <run_address>0x6698</run_address>
         <size>0x12</size>
      </object_component>
      <object_component id="oc-46b">
         <name>__TI_handler_table</name>
         <load_address>0x66ac</load_address>
         <run_address>0x66ac</run_address>
         <size>0xc</size>
      </object_component>
      <object_component id="oc-46e">
         <name>.cinit..bss.load</name>
         <load_address>0x66b8</load_address>
         <run_address>0x66b8</run_address>
         <size>0x8</size>
      </object_component>
      <object_component id="oc-46c">
         <name>__TI_cinit_table</name>
         <load_address>0x66c0</load_address>
         <run_address>0x66c0</run_address>
         <size>0x10</size>
      </object_component>
      <object_component id="oc-1cf">
         <name>.data</name>
         <load_address>0x200020f4</load_address>
         <run_address>0x200020f4</run_address>
         <size>0x8</size>
         <input_file_ref idref="fl-4"/>
      </object_component>
      <object_component id="oc-229">
         <name>.data</name>
         <load_address>0x20002104</load_address>
         <run_address>0x20002104</run_address>
         <size>0x2</size>
         <input_file_ref idref="fl-6"/>
      </object_component>
      <object_component id="oc-86">
         <name>.data</name>
         <load_address>0x200020fc</load_address>
         <run_address>0x200020fc</run_address>
         <size>0x4</size>
         <input_file_ref idref="fl-c"/>
      </object_component>
      <object_component id="oc-79">
         <name>.data</name>
         <load_address>0x200020c0</load_address>
         <run_address>0x200020c0</run_address>
         <size>0x34</size>
         <input_file_ref idref="fl-13"/>
      </object_component>
      <object_component id="oc-3df">
         <name>.data</name>
         <load_address>0x20002100</load_address>
         <run_address>0x20002100</run_address>
         <size>0x4</size>
         <input_file_ref idref="fl-ee"/>
      </object_component>
      <object_component id="oc-1d8">
         <name>.bss:ucHeap</name>
         <uninitialized>true</uninitialized>
         <run_address>0x20000000</run_address>
         <size>0x1b58</size>
         <input_file_ref idref="fl-4"/>
      </object_component>
      <object_component id="oc-1d2">
         <name>.bss:xStart</name>
         <uninitialized>true</uninitialized>
         <run_address>0x20001e74</run_address>
         <size>0x8</size>
         <input_file_ref idref="fl-4"/>
      </object_component>
      <object_component id="oc-1d5">
         <name>.bss:xEnd</name>
         <uninitialized>true</uninitialized>
         <run_address>0x20001e6c</run_address>
         <size>0x8</size>
         <input_file_ref idref="fl-4"/>
      </object_component>
      <object_component id="oc-ea">
         <name>.bss:pxReadyTasksLists</name>
         <uninitialized>true</uninitialized>
         <run_address>0x20001b58</run_address>
         <size>0xc8</size>
         <input_file_ref idref="fl-13"/>
      </object_component>
      <object_component id="oc-f9">
         <name>.bss:xDelayedTaskList1</name>
         <uninitialized>true</uninitialized>
         <run_address>0x20001df0</run_address>
         <size>0x14</size>
         <input_file_ref idref="fl-13"/>
      </object_component>
      <object_component id="oc-fc">
         <name>.bss:xDelayedTaskList2</name>
         <uninitialized>true</uninitialized>
         <run_address>0x20001e04</run_address>
         <size>0x14</size>
         <input_file_ref idref="fl-13"/>
      </object_component>
      <object_component id="oc-f6">
         <name>.bss</name>
         <uninitialized>true</uninitialized>
         <run_address>0x20001e64</run_address>
         <size>0x8</size>
         <input_file_ref idref="fl-13"/>
      </object_component>
      <object_component id="oc-f3">
         <name>.bss:xPendingReadyList</name>
         <uninitialized>true</uninitialized>
         <run_address>0x20001e18</run_address>
         <size>0x14</size>
         <input_file_ref idref="fl-13"/>
      </object_component>
      <object_component id="oc-ed">
         <name>.bss:xTasksWaitingTermination</name>
         <uninitialized>true</uninitialized>
         <run_address>0x20001e40</run_address>
         <size>0x14</size>
         <input_file_ref idref="fl-13"/>
      </object_component>
      <object_component id="oc-f0">
         <name>.bss:xSuspendedTaskList</name>
         <uninitialized>true</uninitialized>
         <run_address>0x20001e2c</run_address>
         <size>0x14</size>
         <input_file_ref idref="fl-13"/>
      </object_component>
      <object_component id="oc-247">
         <name>.common:coffee_types</name>
         <uninitialized>true</uninitialized>
         <run_address>0x20001ce8</run_address>
         <size>0xa0</size>
      </object_component>
      <object_component id="oc-246">
         <name>.common:coffee_types_mutex</name>
         <uninitialized>true</uninitialized>
         <run_address>0x20001e94</run_address>
         <size>0x4</size>
      </object_component>
      <object_component id="oc-248">
         <name>.common:current_coffee</name>
         <uninitialized>true</uninitialized>
         <run_address>0x20001dd0</run_address>
         <size>0x20</size>
      </object_component>
      <object_component id="oc-237">
         <name>.common:active_semaphore</name>
         <uninitialized>true</uninitialized>
         <run_address>0x20001e84</run_address>
         <size>0x4</size>
      </object_component>
      <object_component id="oc-224">
         <name>.common:digiswitch_t</name>
         <uninitialized>true</uninitialized>
         <run_address>0x20001e98</run_address>
         <size>0x4</size>
      </object_component>
      <object_component id="oc-221">
         <name>.common:ds_input_queue</name>
         <uninitialized>true</uninitialized>
         <run_address>0x20001e9c</run_address>
         <size>0x4</size>
      </object_component>
      <object_component id="oc-21d">
         <name>.common:Q_KEY</name>
         <uninitialized>true</uninitialized>
         <run_address>0x20001e7c</run_address>
         <size>0x4</size>
      </object_component>
      <object_component id="oc-22c">
         <name>.common:LCD_init</name>
         <uninitialized>true</uninitialized>
         <run_address>0x20001ebc</run_address>
         <size>0x1</size>
      </object_component>
      <object_component id="oc-226">
         <name>.common:Q_LCD</name>
         <uninitialized>true</uninitialized>
         <run_address>0x20001e80</run_address>
         <size>0x4</size>
      </object_component>
      <object_component id="oc-255">
         <name>.common:log_coffee_q</name>
         <uninitialized>true</uninitialized>
         <run_address>0x20001ea4</run_address>
         <size>0x4</size>
      </object_component>
      <object_component id="oc-258">
         <name>.common:log_payment_q</name>
         <uninitialized>true</uninitialized>
         <run_address>0x20001ea8</run_address>
         <size>0x4</size>
      </object_component>
      <object_component id="oc-25a">
         <name>.common:log_time_q</name>
         <uninitialized>true</uninitialized>
         <run_address>0x20001eac</run_address>
         <size>0x4</size>
      </object_component>
      <object_component id="oc-25b">
         <name>.common:log_array</name>
         <uninitialized>true</uninitialized>
         <run_address>0x20001c20</run_address>
         <size>0xc8</size>
      </object_component>
      <object_component id="oc-259">
         <name>.common:log_array_semaphore</name>
         <uninitialized>true</uninitialized>
         <run_address>0x20001ea0</run_address>
         <size>0x4</size>
      </object_component>
      <object_component id="oc-16e">
         <name>.common:payment_t</name>
         <uninitialized>true</uninitialized>
         <run_address>0x20001eb0</run_address>
         <size>0x4</size>
      </object_component>
      <object_component id="oc-16b">
         <name>.common:coffee_t</name>
         <uninitialized>true</uninitialized>
         <run_address>0x20001e90</run_address>
         <size>0x4</size>
      </object_component>
      <object_component id="oc-238">
         <name>.common:cardnumber</name>
         <uninitialized>true</uninitialized>
         <run_address>0x20001e54</run_address>
         <size>0x10</size>
      </object_component>
      <object_component id="oc-239">
         <name>.common:balance</name>
         <uninitialized>true</uninitialized>
         <run_address>0x20001ebd</run_address>
         <size>0x1</size>
      </object_component>
      <object_component id="oc-233">
         <name>.common:balance_mutex</name>
         <uninitialized>true</uninitialized>
         <run_address>0x20001e88</run_address>
         <size>0x4</size>
      </object_component>
      <object_component id="oc-236">
         <name>.common:cash_set_q</name>
         <uninitialized>true</uninitialized>
         <run_address>0x20001e8c</run_address>
         <size>0x4</size>
      </object_component>
      <object_component id="oc-264">
         <name>.common:buffer</name>
         <uninitialized>true</uninitialized>
         <run_address>0x20001d88</run_address>
         <size>0x48</size>
      </object_component>
      <object_component id="oc-20f">
         <name>.common:uart0_rx_queue</name>
         <uninitialized>true</uninitialized>
         <run_address>0x20001eb4</run_address>
         <size>0x4</size>
      </object_component>
      <object_component id="oc-212">
         <name>.common:uart0_tx_queue</name>
         <uninitialized>true</uninitialized>
         <run_address>0x20001eb8</run_address>
         <size>0x4</size>
      </object_component>
      <object_component id="oc-24">
         <name>.stack</name>
         <uninitialized>true</uninitialized>
         <run_address>0x20001ec0</run_address>
         <size>0x4</size>
         <input_file_ref idref="fl-d5"/>
      </object_component>
      <object_component id="oc-470">
         <name>.stack</name>
         <uninitialized>true</uninitialized>
         <run_address>0x20001ec0</run_address>
         <size>0x0</size>
      </object_component>
      <object_component id="oc-118">
         <name>.debug_info</name>
         <load_address>0x0</load_address>
         <run_address>0x0</run_address>
         <size>0x823</size>
         <input_file_ref idref="fl-2"/>
      </object_component>
      <object_component id="oc-162">
         <name>.debug_info</name>
         <load_address>0x823</load_address>
         <run_address>0x823</run_address>
         <size>0x748</size>
         <input_file_ref idref="fl-2"/>
      </object_component>
      <object_component id="oc-109">
         <name>.debug_info</name>
         <load_address>0xf6b</load_address>
         <run_address>0xf6b</run_address>
         <size>0x315</size>
         <input_file_ref idref="fl-2"/>
      </object_component>
      <object_component id="oc-97">
         <name>.debug_info</name>
         <load_address>0x1280</load_address>
         <run_address>0x1280</run_address>
         <size>0x26b</size>
         <input_file_ref idref="fl-2"/>
      </object_component>
      <object_component id="oc-113">
         <name>.debug_info</name>
         <load_address>0x14eb</load_address>
         <run_address>0x14eb</run_address>
         <size>0x3f8</size>
         <input_file_ref idref="fl-2"/>
      </object_component>
      <object_component id="oc-24a">
         <name>.debug_info</name>
         <load_address>0x18e3</load_address>
         <run_address>0x18e3</run_address>
         <size>0x55</size>
         <input_file_ref idref="fl-2"/>
      </object_component>
      <object_component id="oc-29e">
         <name>.debug_info</name>
         <load_address>0x1938</load_address>
         <run_address>0x1938</run_address>
         <size>0xb9</size>
         <input_file_ref idref="fl-2"/>
      </object_component>
      <object_component id="oc-1ef">
         <name>.debug_info</name>
         <load_address>0x19f1</load_address>
         <run_address>0x19f1</run_address>
         <size>0x97</size>
         <input_file_ref idref="fl-2"/>
      </object_component>
      <object_component id="oc-23b">
         <name>.debug_info</name>
         <load_address>0x1a88</load_address>
         <run_address>0x1a88</run_address>
         <size>0x82</size>
         <input_file_ref idref="fl-2"/>
      </object_component>
      <object_component id="oc-1f4">
         <name>.debug_info</name>
         <load_address>0x1b0a</load_address>
         <run_address>0x1b0a</run_address>
         <size>0x4f</size>
         <input_file_ref idref="fl-2"/>
      </object_component>
      <object_component id="oc-1f9">
         <name>.debug_info</name>
         <load_address>0x1b59</load_address>
         <run_address>0x1b59</run_address>
         <size>0x2c</size>
         <input_file_ref idref="fl-2"/>
      </object_component>
      <object_component id="oc-41">
         <name>.debug_info</name>
         <load_address>0x1b85</load_address>
         <run_address>0x1b85</run_address>
         <size>0x84</size>
         <input_file_ref idref="fl-2"/>
      </object_component>
      <object_component id="oc-8b">
         <name>.debug_info</name>
         <load_address>0x1c09</load_address>
         <run_address>0x1c09</run_address>
         <size>0x2c</size>
         <input_file_ref idref="fl-2"/>
      </object_component>
      <object_component id="oc-1fe">
         <name>.debug_info</name>
         <load_address>0x1c35</load_address>
         <run_address>0x1c35</run_address>
         <size>0xae</size>
         <input_file_ref idref="fl-2"/>
      </object_component>
      <object_component id="oc-11a">
         <name>.debug_info</name>
         <load_address>0x1ce3</load_address>
         <run_address>0x1ce3</run_address>
         <size>0x2a4</size>
         <input_file_ref idref="fl-2"/>
      </object_component>
      <object_component id="oc-9c">
         <name>.debug_info</name>
         <load_address>0x1f87</load_address>
         <run_address>0x1f87</run_address>
         <size>0xbb</size>
         <input_file_ref idref="fl-2"/>
      </object_component>
      <object_component id="oc-104">
         <name>.debug_info</name>
         <load_address>0x2042</load_address>
         <run_address>0x2042</run_address>
         <size>0x53</size>
         <input_file_ref idref="fl-2"/>
      </object_component>
      <object_component id="oc-90">
         <name>.debug_info</name>
         <load_address>0x2095</load_address>
         <run_address>0x2095</run_address>
         <size>0x53</size>
         <input_file_ref idref="fl-2"/>
      </object_component>
      <object_component id="oc-214">
         <name>.debug_info</name>
         <load_address>0x20e8</load_address>
         <run_address>0x20e8</run_address>
         <size>0x2c</size>
         <input_file_ref idref="fl-2"/>
      </object_component>
      <object_component id="oc-1c0">
         <name>.debug_info</name>
         <load_address>0x2114</load_address>
         <run_address>0x2114</run_address>
         <size>0x35</size>
         <input_file_ref idref="fl-2"/>
      </object_component>
      <object_component id="oc-10e">
         <name>.debug_info</name>
         <load_address>0x2149</load_address>
         <run_address>0x2149</run_address>
         <size>0x14c</size>
         <input_file_ref idref="fl-2"/>
      </object_component>
      <object_component id="oc-222">
         <name>.debug_info</name>
         <load_address>0x2295</load_address>
         <run_address>0x2295</run_address>
         <size>0x5b4</size>
         <input_file_ref idref="fl-3"/>
      </object_component>
      <object_component id="oc-142">
         <name>.debug_info</name>
         <load_address>0x2849</load_address>
         <run_address>0x2849</run_address>
         <size>0x3af</size>
         <input_file_ref idref="fl-3"/>
      </object_component>
      <object_component id="oc-1dc">
         <name>.debug_info</name>
         <load_address>0x2bf8</load_address>
         <run_address>0x2bf8</run_address>
         <size>0x435</size>
         <input_file_ref idref="fl-4"/>
      </object_component>
      <object_component id="oc-1d9">
         <name>.debug_info</name>
         <load_address>0x302d</load_address>
         <run_address>0x302d</run_address>
         <size>0x110</size>
         <input_file_ref idref="fl-4"/>
      </object_component>
      <object_component id="oc-1d3">
         <name>.debug_info</name>
         <load_address>0x313d</load_address>
         <run_address>0x313d</run_address>
         <size>0x110</size>
         <input_file_ref idref="fl-4"/>
      </object_component>
      <object_component id="oc-1d6">
         <name>.debug_info</name>
         <load_address>0x324d</load_address>
         <run_address>0x324d</run_address>
         <size>0x10c</size>
         <input_file_ref idref="fl-4"/>
      </object_component>
      <object_component id="oc-1d0">
         <name>.debug_info</name>
         <load_address>0x3359</load_address>
         <run_address>0x3359</run_address>
         <size>0x12a</size>
         <input_file_ref idref="fl-4"/>
      </object_component>
      <object_component id="oc-e0">
         <name>.debug_info</name>
         <load_address>0x3483</load_address>
         <run_address>0x3483</run_address>
         <size>0x7c0</size>
         <input_file_ref idref="fl-4"/>
      </object_component>
      <object_component id="oc-1b6">
         <name>.debug_info</name>
         <load_address>0x3c43</load_address>
         <run_address>0x3c43</run_address>
         <size>0x110</size>
         <input_file_ref idref="fl-4"/>
      </object_component>
      <object_component id="oc-1ca">
         <name>.debug_info</name>
         <load_address>0x3d53</load_address>
         <run_address>0x3d53</run_address>
         <size>0x3f8</size>
         <input_file_ref idref="fl-4"/>
      </object_component>
      <object_component id="oc-291">
         <name>.debug_info</name>
         <load_address>0x414b</load_address>
         <run_address>0x414b</run_address>
         <size>0x62</size>
         <input_file_ref idref="fl-4"/>
      </object_component>
      <object_component id="oc-21e">
         <name>.debug_info</name>
         <load_address>0x41ad</load_address>
         <run_address>0x41ad</run_address>
         <size>0x4bd</size>
         <input_file_ref idref="fl-5"/>
      </object_component>
      <object_component id="oc-21b">
         <name>.debug_info</name>
         <load_address>0x466a</load_address>
         <run_address>0x466a</run_address>
         <size>0xd6</size>
         <input_file_ref idref="fl-5"/>
      </object_component>
      <object_component id="oc-13d">
         <name>.debug_info</name>
         <load_address>0x4740</load_address>
         <run_address>0x4740</run_address>
         <size>0x436</size>
         <input_file_ref idref="fl-5"/>
      </object_component>
      <object_component id="oc-227">
         <name>.debug_info</name>
         <load_address>0x4b76</load_address>
         <run_address>0x4b76</run_address>
         <size>0x534</size>
         <input_file_ref idref="fl-6"/>
      </object_component>
      <object_component id="oc-22e">
         <name>.debug_info</name>
         <load_address>0x50aa</load_address>
         <run_address>0x50aa</run_address>
         <size>0xeb</size>
         <input_file_ref idref="fl-6"/>
      </object_component>
      <object_component id="oc-22a">
         <name>.debug_info</name>
         <load_address>0x5195</load_address>
         <run_address>0x5195</run_address>
         <size>0xdb</size>
         <input_file_ref idref="fl-6"/>
      </object_component>
      <object_component id="oc-14a">
         <name>.debug_info</name>
         <load_address>0x5270</load_address>
         <run_address>0x5270</run_address>
         <size>0x962</size>
         <input_file_ref idref="fl-6"/>
      </object_component>
      <object_component id="oc-2c5">
         <name>.debug_info</name>
         <load_address>0x5bd2</load_address>
         <run_address>0x5bd2</run_address>
         <size>0x3f8</size>
         <input_file_ref idref="fl-6"/>
      </object_component>
      <object_component id="oc-2d4">
         <name>.debug_info</name>
         <load_address>0x5fca</load_address>
         <run_address>0x5fca</run_address>
         <size>0x51</size>
         <input_file_ref idref="fl-6"/>
      </object_component>
      <object_component id="oc-2c0">
         <name>.debug_info</name>
         <load_address>0x601b</load_address>
         <run_address>0x601b</run_address>
         <size>0xcc</size>
         <input_file_ref idref="fl-6"/>
      </object_component>
      <object_component id="oc-155">
         <name>.debug_info</name>
         <load_address>0x60e7</load_address>
         <run_address>0x60e7</run_address>
         <size>0x207</size>
         <input_file_ref idref="fl-7"/>
      </object_component>
      <object_component id="oc-1de">
         <name>.debug_info</name>
         <load_address>0x62ee</load_address>
         <run_address>0x62ee</run_address>
         <size>0x393</size>
         <input_file_ref idref="fl-8"/>
      </object_component>
      <object_component id="oc-e5">
         <name>.debug_info</name>
         <load_address>0x6681</load_address>
         <run_address>0x6681</run_address>
         <size>0x65f</size>
         <input_file_ref idref="fl-8"/>
      </object_component>
      <object_component id="oc-256">
         <name>.debug_info</name>
         <load_address>0x6ce0</load_address>
         <run_address>0x6ce0</run_address>
         <size>0x6da</size>
         <input_file_ref idref="fl-9"/>
      </object_component>
      <object_component id="oc-166">
         <name>.debug_info</name>
         <load_address>0x73ba</load_address>
         <run_address>0x73ba</run_address>
         <size>0x51a</size>
         <input_file_ref idref="fl-9"/>
      </object_component>
      <object_component id="oc-25d">
         <name>.debug_info</name>
         <load_address>0x78d4</load_address>
         <run_address>0x78d4</run_address>
         <size>0xc6</size>
         <input_file_ref idref="fl-9"/>
      </object_component>
      <object_component id="oc-2e3">
         <name>.debug_info</name>
         <load_address>0x799a</load_address>
         <run_address>0x799a</run_address>
         <size>0x8a</size>
         <input_file_ref idref="fl-9"/>
      </object_component>
      <object_component id="oc-16c">
         <name>.debug_info</name>
         <load_address>0x7a24</load_address>
         <run_address>0x7a24</run_address>
         <size>0x707</size>
         <input_file_ref idref="fl-a"/>
      </object_component>
      <object_component id="oc-c3">
         <name>.debug_info</name>
         <load_address>0x812b</load_address>
         <run_address>0x812b</run_address>
         <size>0x265</size>
         <input_file_ref idref="fl-a"/>
      </object_component>
      <object_component id="oc-268">
         <name>.debug_info</name>
         <load_address>0x8390</load_address>
         <run_address>0x8390</run_address>
         <size>0x55</size>
         <input_file_ref idref="fl-a"/>
      </object_component>
      <object_component id="oc-234">
         <name>.debug_info</name>
         <load_address>0x83e5</load_address>
         <run_address>0x83e5</run_address>
         <size>0x7c1</size>
         <input_file_ref idref="fl-b"/>
      </object_component>
      <object_component id="oc-15a">
         <name>.debug_info</name>
         <load_address>0x8ba6</load_address>
         <run_address>0x8ba6</run_address>
         <size>0x994</size>
         <input_file_ref idref="fl-b"/>
      </object_component>
      <object_component id="oc-8a">
         <name>.debug_info</name>
         <load_address>0x953a</load_address>
         <run_address>0x953a</run_address>
         <size>0x420</size>
         <input_file_ref idref="fl-c"/>
      </object_component>
      <object_component id="oc-7d">
         <name>.debug_info</name>
         <load_address>0x995a</load_address>
         <run_address>0x995a</run_address>
         <size>0x13c</size>
         <input_file_ref idref="fl-c"/>
      </object_component>
      <object_component id="oc-87">
         <name>.debug_info</name>
         <load_address>0x9a96</load_address>
         <run_address>0x9a96</run_address>
         <size>0x123</size>
         <input_file_ref idref="fl-c"/>
      </object_component>
      <object_component id="oc-35">
         <name>.debug_info</name>
         <load_address>0x9bb9</load_address>
         <run_address>0x9bb9</run_address>
         <size>0x863</size>
         <input_file_ref idref="fl-c"/>
      </object_component>
      <object_component id="oc-2f">
         <name>.debug_info</name>
         <load_address>0xa41c</load_address>
         <run_address>0xa41c</run_address>
         <size>0x271</size>
         <input_file_ref idref="fl-d"/>
      </object_component>
      <object_component id="oc-2a9">
         <name>.debug_info</name>
         <load_address>0xa68d</load_address>
         <run_address>0xa68d</run_address>
         <size>0x82c</size>
         <input_file_ref idref="fl-e"/>
      </object_component>
      <object_component id="oc-204">
         <name>.debug_info</name>
         <load_address>0xaeb9</load_address>
         <run_address>0xaeb9</run_address>
         <size>0x4139</size>
         <input_file_ref idref="fl-e"/>
      </object_component>
      <object_component id="oc-30d">
         <name>.debug_info</name>
         <load_address>0xeff2</load_address>
         <run_address>0xeff2</run_address>
         <size>0x1db</size>
         <input_file_ref idref="fl-e"/>
      </object_component>
      <object_component id="oc-2a4">
         <name>.debug_info</name>
         <load_address>0xf1cd</load_address>
         <run_address>0xf1cd</run_address>
         <size>0x46</size>
         <input_file_ref idref="fl-e"/>
      </object_component>
      <object_component id="oc-265">
         <name>.debug_info</name>
         <load_address>0xf213</load_address>
         <run_address>0xf213</run_address>
         <size>0x5df</size>
         <input_file_ref idref="fl-f"/>
      </object_component>
      <object_component id="oc-173">
         <name>.debug_info</name>
         <load_address>0xf7f2</load_address>
         <run_address>0xf7f2</run_address>
         <size>0x5b3</size>
         <input_file_ref idref="fl-f"/>
      </object_component>
      <object_component id="oc-3a">
         <name>.debug_info</name>
         <load_address>0xfda5</load_address>
         <run_address>0xfda5</run_address>
         <size>0x362</size>
         <input_file_ref idref="fl-10"/>
      </object_component>
      <object_component id="oc-13">
         <name>.debug_info</name>
         <load_address>0x10107</load_address>
         <run_address>0x10107</run_address>
         <size>0x121</size>
         <input_file_ref idref="fl-10"/>
      </object_component>
      <object_component id="oc-28">
         <name>.debug_info</name>
         <load_address>0x10228</load_address>
         <run_address>0x10228</run_address>
         <size>0x3f5</size>
         <input_file_ref idref="fl-10"/>
      </object_component>
      <object_component id="oc-150">
         <name>.debug_info</name>
         <load_address>0x1061d</load_address>
         <run_address>0x1061d</run_address>
         <size>0x1a2</size>
         <input_file_ref idref="fl-11"/>
      </object_component>
      <object_component id="oc-138">
         <name>.debug_info</name>
         <load_address>0x107bf</load_address>
         <run_address>0x107bf</run_address>
         <size>0x1c9</size>
         <input_file_ref idref="fl-12"/>
      </object_component>
      <object_component id="oc-d6">
         <name>.debug_info</name>
         <load_address>0x10988</load_address>
         <run_address>0x10988</run_address>
         <size>0x723</size>
         <input_file_ref idref="fl-13"/>
      </object_component>
      <object_component id="oc-7a">
         <name>.debug_info</name>
         <load_address>0x110ab</load_address>
         <run_address>0x110ab</run_address>
         <size>0x376</size>
         <input_file_ref idref="fl-13"/>
      </object_component>
      <object_component id="oc-eb">
         <name>.debug_info</name>
         <load_address>0x11421</load_address>
         <run_address>0x11421</run_address>
         <size>0x11d</size>
         <input_file_ref idref="fl-13"/>
      </object_component>
      <object_component id="oc-fa">
         <name>.debug_info</name>
         <load_address>0x1153e</load_address>
         <run_address>0x1153e</run_address>
         <size>0x11d</size>
         <input_file_ref idref="fl-13"/>
      </object_component>
      <object_component id="oc-fd">
         <name>.debug_info</name>
         <load_address>0x1165b</load_address>
         <run_address>0x1165b</run_address>
         <size>0x11d</size>
         <input_file_ref idref="fl-13"/>
      </object_component>
      <object_component id="oc-f7">
         <name>.debug_info</name>
         <load_address>0x11778</load_address>
         <run_address>0x11778</run_address>
         <size>0x160</size>
         <input_file_ref idref="fl-13"/>
      </object_component>
      <object_component id="oc-f4">
         <name>.debug_info</name>
         <load_address>0x118d8</load_address>
         <run_address>0x118d8</run_address>
         <size>0x11d</size>
         <input_file_ref idref="fl-13"/>
      </object_component>
      <object_component id="oc-ee">
         <name>.debug_info</name>
         <load_address>0x119f5</load_address>
         <run_address>0x119f5</run_address>
         <size>0x12b</size>
         <input_file_ref idref="fl-13"/>
      </object_component>
      <object_component id="oc-f1">
         <name>.debug_info</name>
         <load_address>0x11b20</load_address>
         <run_address>0x11b20</run_address>
         <size>0x11f</size>
         <input_file_ref idref="fl-13"/>
      </object_component>
      <object_component id="oc-82">
         <name>.debug_info</name>
         <load_address>0x11c3f</load_address>
         <run_address>0x11c3f</run_address>
         <size>0x4c5e</size>
         <input_file_ref idref="fl-13"/>
      </object_component>
      <object_component id="oc-d7">
         <name>.debug_info</name>
         <load_address>0x1689d</load_address>
         <run_address>0x1689d</run_address>
         <size>0x30c</size>
         <input_file_ref idref="fl-13"/>
      </object_component>
      <object_component id="oc-1bb">
         <name>.debug_info</name>
         <load_address>0x16ba9</load_address>
         <run_address>0x16ba9</run_address>
         <size>0x4f</size>
         <input_file_ref idref="fl-13"/>
      </object_component>
      <object_component id="oc-1c5">
         <name>.debug_info</name>
         <load_address>0x16bf8</load_address>
         <run_address>0x16bf8</run_address>
         <size>0x11a</size>
         <input_file_ref idref="fl-13"/>
      </object_component>
      <object_component id="oc-210">
         <name>.debug_info</name>
         <load_address>0x16d12</load_address>
         <run_address>0x16d12</run_address>
         <size>0x5f2</size>
         <input_file_ref idref="fl-14"/>
      </object_component>
      <object_component id="oc-131">
         <name>.debug_info</name>
         <load_address>0x17304</load_address>
         <run_address>0x17304</run_address>
         <size>0x7a6</size>
         <input_file_ref idref="fl-14"/>
      </object_component>
      <object_component id="oc-2bd">
         <name>.debug_info</name>
         <load_address>0x17aaa</load_address>
         <run_address>0x17aaa</run_address>
         <size>0x339</size>
         <input_file_ref idref="fl-ce"/>
      </object_component>
      <object_component id="oc-20d">
         <name>.debug_info</name>
         <load_address>0x17de3</load_address>
         <run_address>0x17de3</run_address>
         <size>0x1fa</size>
         <input_file_ref idref="fl-ce"/>
      </object_component>
      <object_component id="oc-2b4">
         <name>.debug_info</name>
         <load_address>0x17fdd</load_address>
         <run_address>0x17fdd</run_address>
         <size>0x190</size>
         <input_file_ref idref="fl-ce"/>
      </object_component>
      <object_component id="oc-2b8">
         <name>.debug_info</name>
         <load_address>0x1816d</load_address>
         <run_address>0x1816d</run_address>
         <size>0x170</size>
         <input_file_ref idref="fl-ce"/>
      </object_component>
      <object_component id="oc-3e6">
         <name>.debug_info</name>
         <load_address>0x182dd</load_address>
         <run_address>0x182dd</run_address>
         <size>0x2c</size>
         <input_file_ref idref="fl-ce"/>
      </object_component>
      <object_component id="oc-47">
         <name>.debug_info</name>
         <load_address>0x18309</load_address>
         <run_address>0x18309</run_address>
         <size>0x119</size>
         <input_file_ref idref="fl-cf"/>
      </object_component>
      <object_component id="oc-b5">
         <name>.debug_info</name>
         <load_address>0x18422</load_address>
         <run_address>0x18422</run_address>
         <size>0x2d4</size>
         <input_file_ref idref="fl-d0"/>
      </object_component>
      <object_component id="oc-5a">
         <name>.debug_info</name>
         <load_address>0x186f6</load_address>
         <run_address>0x186f6</run_address>
         <size>0x1b5</size>
         <input_file_ref idref="fl-d0"/>
      </object_component>
      <object_component id="oc-b0">
         <name>.debug_info</name>
         <load_address>0x188ab</load_address>
         <run_address>0x188ab</run_address>
         <size>0x46</size>
         <input_file_ref idref="fl-d0"/>
      </object_component>
      <object_component id="oc-126">
         <name>.debug_info</name>
         <load_address>0x188f1</load_address>
         <run_address>0x188f1</run_address>
         <size>0x2c</size>
         <input_file_ref idref="fl-d0"/>
      </object_component>
      <object_component id="oc-51">
         <name>.debug_info</name>
         <load_address>0x1891d</load_address>
         <run_address>0x1891d</run_address>
         <size>0x2a8</size>
         <input_file_ref idref="fl-d1"/>
      </object_component>
      <object_component id="oc-1c">
         <name>.debug_info</name>
         <load_address>0x18bc5</load_address>
         <run_address>0x18bc5</run_address>
         <size>0x1ea</size>
         <input_file_ref idref="fl-d1"/>
      </object_component>
      <object_component id="oc-4c">
         <name>.debug_info</name>
         <load_address>0x18daf</load_address>
         <run_address>0x18daf</run_address>
         <size>0x46</size>
         <input_file_ref idref="fl-d1"/>
      </object_component>
      <object_component id="oc-a8">
         <name>.debug_info</name>
         <load_address>0x18df5</load_address>
         <run_address>0x18df5</run_address>
         <size>0x2c</size>
         <input_file_ref idref="fl-d1"/>
      </object_component>
      <object_component id="oc-a6">
         <name>.debug_info</name>
         <load_address>0x18e21</load_address>
         <run_address>0x18e21</run_address>
         <size>0x29e</size>
         <input_file_ref idref="fl-d2"/>
      </object_component>
      <object_component id="oc-17">
         <name>.debug_info</name>
         <load_address>0x190bf</load_address>
         <run_address>0x190bf</run_address>
         <size>0x250</size>
         <input_file_ref idref="fl-d2"/>
      </object_component>
      <object_component id="oc-3c">
         <name>.debug_info</name>
         <load_address>0x1930f</load_address>
         <run_address>0x1930f</run_address>
         <size>0x60</size>
         <input_file_ref idref="fl-d2"/>
      </object_component>
      <object_component id="oc-11f">
         <name>.debug_info</name>
         <load_address>0x1936f</load_address>
         <run_address>0x1936f</run_address>
         <size>0x46</size>
         <input_file_ref idref="fl-d2"/>
      </object_component>
      <object_component id="oc-a1">
         <name>.debug_info</name>
         <load_address>0x193b5</load_address>
         <run_address>0x193b5</run_address>
         <size>0x39</size>
         <input_file_ref idref="fl-d2"/>
      </object_component>
      <object_component id="oc-2e0">
         <name>.debug_info</name>
         <load_address>0x193ee</load_address>
         <run_address>0x193ee</run_address>
         <size>0x28a</size>
         <input_file_ref idref="fl-d3"/>
      </object_component>
      <object_component id="oc-253">
         <name>.debug_info</name>
         <load_address>0x19678</load_address>
         <run_address>0x19678</run_address>
         <size>0x273</size>
         <input_file_ref idref="fl-d3"/>
      </object_component>
      <object_component id="oc-2de">
         <name>.debug_info</name>
         <load_address>0x198eb</load_address>
         <run_address>0x198eb</run_address>
         <size>0x2a4</size>
         <input_file_ref idref="fl-d4"/>
      </object_component>
      <object_component id="oc-243">
         <name>.debug_info</name>
         <load_address>0x19b8f</load_address>
         <run_address>0x19b8f</run_address>
         <size>0x24d</size>
         <input_file_ref idref="fl-d4"/>
      </object_component>
      <object_component id="oc-25">
         <name>.debug_info</name>
         <load_address>0x19ddc</load_address>
         <run_address>0x19ddc</run_address>
         <size>0x10b</size>
         <input_file_ref idref="fl-d5"/>
      </object_component>
      <object_component id="oc-66">
         <name>.debug_info</name>
         <load_address>0x19ee7</load_address>
         <run_address>0x19ee7</run_address>
         <size>0x1a9</size>
         <input_file_ref idref="fl-d5"/>
      </object_component>
      <object_component id="oc-354">
         <name>.debug_info</name>
         <load_address>0x1a090</load_address>
         <run_address>0x1a090</run_address>
         <size>0x590</size>
         <input_file_ref idref="fl-d6"/>
      </object_component>
      <object_component id="oc-322">
         <name>.debug_info</name>
         <load_address>0x1a620</load_address>
         <run_address>0x1a620</run_address>
         <size>0x21e</size>
         <input_file_ref idref="fl-d6"/>
      </object_component>
      <object_component id="oc-3ac">
         <name>.debug_info</name>
         <load_address>0x1a83e</load_address>
         <run_address>0x1a83e</run_address>
         <size>0x1b3</size>
         <input_file_ref idref="fl-d6"/>
      </object_component>
      <object_component id="oc-3b2">
         <name>.debug_info</name>
         <load_address>0x1a9f1</load_address>
         <run_address>0x1a9f1</run_address>
         <size>0x21b</size>
         <input_file_ref idref="fl-d6"/>
      </object_component>
      <object_component id="oc-32d">
         <name>.debug_info</name>
         <load_address>0x1ac0c</load_address>
         <run_address>0x1ac0c</run_address>
         <size>0x3c0</size>
         <input_file_ref idref="fl-d6"/>
      </object_component>
      <object_component id="oc-3b8">
         <name>.debug_info</name>
         <load_address>0x1afcc</load_address>
         <run_address>0x1afcc</run_address>
         <size>0x30a</size>
         <input_file_ref idref="fl-d6"/>
      </object_component>
      <object_component id="oc-3bf">
         <name>.debug_info</name>
         <load_address>0x1b2d6</load_address>
         <run_address>0x1b2d6</run_address>
         <size>0x215</size>
         <input_file_ref idref="fl-d6"/>
      </object_component>
      <object_component id="oc-333">
         <name>.debug_info</name>
         <load_address>0x1b4eb</load_address>
         <run_address>0x1b4eb</run_address>
         <size>0x215</size>
         <input_file_ref idref="fl-d6"/>
      </object_component>
      <object_component id="oc-339">
         <name>.debug_info</name>
         <load_address>0x1b700</load_address>
         <run_address>0x1b700</run_address>
         <size>0x304</size>
         <input_file_ref idref="fl-d6"/>
      </object_component>
      <object_component id="oc-33f">
         <name>.debug_info</name>
         <load_address>0x1ba04</load_address>
         <run_address>0x1ba04</run_address>
         <size>0x4b5</size>
         <input_file_ref idref="fl-d6"/>
      </object_component>
      <object_component id="oc-2ae">
         <name>.debug_info</name>
         <load_address>0x1beb9</load_address>
         <run_address>0x1beb9</run_address>
         <size>0x5f4</size>
         <input_file_ref idref="fl-d6"/>
      </object_component>
      <object_component id="oc-355">
         <name>.debug_info</name>
         <load_address>0x1c4ad</load_address>
         <run_address>0x1c4ad</run_address>
         <size>0x86</size>
         <input_file_ref idref="fl-d6"/>
      </object_component>
      <object_component id="oc-3eb">
         <name>.debug_info</name>
         <load_address>0x1c533</load_address>
         <run_address>0x1c533</run_address>
         <size>0x39</size>
         <input_file_ref idref="fl-d6"/>
      </object_component>
      <object_component id="oc-42c">
         <name>.debug_info</name>
         <load_address>0x1c56c</load_address>
         <run_address>0x1c56c</run_address>
         <size>0xb6</size>
         <input_file_ref idref="fl-d6"/>
      </object_component>
      <object_component id="oc-3f0">
         <name>.debug_info</name>
         <load_address>0x1c622</load_address>
         <run_address>0x1c622</run_address>
         <size>0x46</size>
         <input_file_ref idref="fl-d6"/>
      </object_component>
      <object_component id="oc-35a">
         <name>.debug_info</name>
         <load_address>0x1c668</load_address>
         <run_address>0x1c668</run_address>
         <size>0x46</size>
         <input_file_ref idref="fl-d6"/>
      </object_component>
      <object_component id="oc-40f">
         <name>.debug_info</name>
         <load_address>0x1c6ae</load_address>
         <run_address>0x1c6ae</run_address>
         <size>0x295</size>
         <input_file_ref idref="fl-d7"/>
      </object_component>
      <object_component id="oc-3c6">
         <name>.debug_info</name>
         <load_address>0x1c943</load_address>
         <run_address>0x1c943</run_address>
         <size>0x195</size>
         <input_file_ref idref="fl-d7"/>
      </object_component>
      <object_component id="oc-438">
         <name>.debug_info</name>
         <load_address>0x1cad8</load_address>
         <run_address>0x1cad8</run_address>
         <size>0x39</size>
         <input_file_ref idref="fl-d7"/>
      </object_component>
      <object_component id="oc-410">
         <name>.debug_info</name>
         <load_address>0x1cb11</load_address>
         <run_address>0x1cb11</run_address>
         <size>0x2c</size>
         <input_file_ref idref="fl-d7"/>
      </object_component>
      <object_component id="oc-41c">
         <name>.debug_info</name>
         <load_address>0x1cb3d</load_address>
         <run_address>0x1cb3d</run_address>
         <size>0x2f8</size>
         <input_file_ref idref="fl-d8"/>
      </object_component>
      <object_component id="oc-3ca">
         <name>.debug_info</name>
         <load_address>0x1ce35</load_address>
         <run_address>0x1ce35</run_address>
         <size>0x225</size>
         <input_file_ref idref="fl-d8"/>
      </object_component>
      <object_component id="oc-3de">
         <name>.debug_info</name>
         <load_address>0x1d05a</load_address>
         <run_address>0x1d05a</run_address>
         <size>0x28f</size>
         <input_file_ref idref="fl-d9"/>
      </object_component>
      <object_component id="oc-34b">
         <name>.debug_info</name>
         <load_address>0x1d2e9</load_address>
         <run_address>0x1d2e9</run_address>
         <size>0x15a</size>
         <input_file_ref idref="fl-d9"/>
      </object_component>
      <object_component id="oc-421">
         <name>.debug_info</name>
         <load_address>0x1d443</load_address>
         <run_address>0x1d443</run_address>
         <size>0x46</size>
         <input_file_ref idref="fl-d9"/>
      </object_component>
      <object_component id="oc-3d9">
         <name>.debug_info</name>
         <load_address>0x1d489</load_address>
         <run_address>0x1d489</run_address>
         <size>0x39</size>
         <input_file_ref idref="fl-d9"/>
      </object_component>
      <object_component id="oc-3a5">
         <name>.debug_info</name>
         <load_address>0x1d4c2</load_address>
         <run_address>0x1d4c2</run_address>
         <size>0x14c</size>
         <input_file_ref idref="fl-da"/>
      </object_component>
      <object_component id="oc-326">
         <name>.debug_info</name>
         <load_address>0x1d60e</load_address>
         <run_address>0x1d60e</run_address>
         <size>0x128</size>
         <input_file_ref idref="fl-db"/>
      </object_component>
      <object_component id="oc-391">
         <name>.debug_info</name>
         <load_address>0x1d736</load_address>
         <run_address>0x1d736</run_address>
         <size>0x12a</size>
         <input_file_ref idref="fl-db"/>
      </object_component>
      <object_component id="oc-38c">
         <name>.debug_info</name>
         <load_address>0x1d860</load_address>
         <run_address>0x1d860</run_address>
         <size>0x13a</size>
         <input_file_ref idref="fl-dc"/>
      </object_component>
      <object_component id="oc-385">
         <name>.debug_info</name>
         <load_address>0x1d99a</load_address>
         <run_address>0x1d99a</run_address>
         <size>0x13a</size>
         <input_file_ref idref="fl-dd"/>
      </object_component>
      <object_component id="oc-394">
         <name>.debug_info</name>
         <load_address>0x1dad4</load_address>
         <run_address>0x1dad4</run_address>
         <size>0x12e</size>
         <input_file_ref idref="fl-de"/>
      </object_component>
      <object_component id="oc-39f">
         <name>.debug_info</name>
         <load_address>0x1dc02</load_address>
         <run_address>0x1dc02</run_address>
         <size>0x12c</size>
         <input_file_ref idref="fl-df"/>
      </object_component>
      <object_component id="oc-37e">
         <name>.debug_info</name>
         <load_address>0x1dd2e</load_address>
         <run_address>0x1dd2e</run_address>
         <size>0x134</size>
         <input_file_ref idref="fl-e0"/>
      </object_component>
      <object_component id="oc-b8">
         <name>.debug_info</name>
         <load_address>0x1de62</load_address>
         <run_address>0x1de62</run_address>
         <size>0x147</size>
         <input_file_ref idref="fl-e1"/>
      </object_component>
      <object_component id="oc-278">
         <name>.debug_info</name>
         <load_address>0x1dfa9</load_address>
         <run_address>0x1dfa9</run_address>
         <size>0x4b3</size>
         <input_file_ref idref="fl-e2"/>
      </object_component>
      <object_component id="oc-184">
         <name>.debug_info</name>
         <load_address>0x1e45c</load_address>
         <run_address>0x1e45c</run_address>
         <size>0x1a6</size>
         <input_file_ref idref="fl-e2"/>
      </object_component>
      <object_component id="oc-2fa">
         <name>.debug_info</name>
         <load_address>0x1e602</load_address>
         <run_address>0x1e602</run_address>
         <size>0x39</size>
         <input_file_ref idref="fl-e2"/>
      </object_component>
      <object_component id="oc-36a">
         <name>.debug_info</name>
         <load_address>0x1e63b</load_address>
         <run_address>0x1e63b</run_address>
         <size>0x39</size>
[...]
         <value>0x239d</value>
         <object_component_ref idref="oc-203"/>
      </symbol>
      <symbol id="sm-43d">
         <name>xQueueReceive</name>
         <value>0x1c37</value>
         <object_component_ref idref="oc-203"/>
      </symbol>
      <symbol id="sm-43e">
         <name>xQueueCreateSet</name>
         <value>0x2389</value>
         <object_component_ref idref="oc-203"/>
      </symbol>
      <symbol id="sm-43f">
         <name>xQueueRemoveFromSet</name>
         <value>0x23d1</value>
         <object_component_ref idref="oc-203"/>
      </symbol>
      <symbol id="sm-47e">
         <name>buffer</name>
         <value>0x20001d88</value>
      </symbol>
      <symbol id="sm-47f">
         <name>sales_report_menu</name>
         <value>0x4007</value>
         <object_component_ref idref="oc-16f"/>
      </symbol>
      <symbol id="sm-480">
         <name>main_menu</name>
         <value>0x3ec1</value>
         <object_component_ref idref="oc-16f"/>
      </symbol>
      <symbol id="sm-481">
         <name>log_list_menu</name>
         <value>0x3f25</value>
         <object_component_ref idref="oc-16f"/>
      </symbol>
      <symbol id="sm-482">
         <name>ui_task</name>
         <value>0x3e85</value>
         <object_component_ref idref="oc-16f"/>
      </symbol>
      <symbol id="sm-483">
         <name>ui_clear_screen</name>
         <value>0x3e6d</value>
         <object_component_ref idref="oc-16f"/>
      </symbol>
      <symbol id="sm-49f">
         <name>ResetISR</name>
         <value>0x6551</value>
         <object_component_ref idref="oc-27"/>
      </symbol>
      <symbol id="sm-4a0">
         <name>g_pfnVectors</name>
         <value>0x0</value>
         <object_component_ref idref="oc-12"/>
      </symbol>
      <symbol id="sm-4b8">
         <name>get_sw1</name>
         <value>0x5f95</value>
         <object_component_ref idref="oc-14d"/>
      </symbol>
      <symbol id="sm-4b9">
         <name>get_sw2</name>
         <value>0x5fa9</value>
         <object_component_ref idref="oc-14d"/>
      </symbol>
      <symbol id="sm-4ba">
         <name>switch_init</name>
         <value>0x5f69</value>
         <object_component_ref idref="oc-14d"/>
      </symbol>
      <symbol id="sm-4cb">
         <name>init_systick</name>
         <value>0x6049</value>
         <object_component_ref idref="oc-135"/>
      </symbol>
      <symbol id="sm-678">
         <name>vTaskDelay</name>
         <value>0x599</value>
         <object_component_ref idref="oc-7f"/>
      </symbol>
      <symbol id="sm-679">
         <name>vTaskSuspendAll</name>
         <value>0x9df</value>
         <object_component_ref idref="oc-7f"/>
      </symbol>
      <symbol id="sm-67a">
         <name>vTaskPlaceOnEventList</name>
         <value>0xcb9</value>
         <object_component_ref idref="oc-7f"/>
      </symbol>
      <symbol id="sm-67b">
         <name>uxTaskPriorityGetFromISR</name>
         <value>0x5f3</value>
         <object_component_ref idref="oc-7f"/>
      </symbol>
      <symbol id="sm-67c">
         <name>ulTaskNotifyTake</name>
         <value>0x12ad</value>
         <object_component_ref idref="oc-7f"/>
      </symbol>
      <symbol id="sm-67d">
         <name>pcTaskGetName</name>
         <value>0xb07</value>
         <object_component_ref idref="oc-7f"/>
      </symbol>
      <symbol id="sm-67e">
         <name>xTaskCheckForTimeOut</name>
         <value>0xe39</value>
         <object_component_ref idref="oc-7f"/>
      </symbol>
      <symbol id="sm-67f">
         <name>vTaskRemoveFromUnorderedEventList</name>
         <value>0xd91</value>
         <object_component_ref idref="oc-7f"/>
      </symbol>
      <symbol id="sm-680">
         <name>vTaskPrioritySet</name>
         <value>0x651</value>
         <object_component_ref idref="oc-7f"/>
      </symbol>
      <symbol id="sm-681">
         <name>xTaskPriorityDisinherit</name>
         <value>0x10cd</value>
         <object_component_ref idref="oc-7f"/>
      </symbol>
      <symbol id="sm-682">
         <name>vTaskStartScheduler</name>
         <value>0x979</value>
         <object_component_ref idref="oc-7f"/>
      </symbol>
      <symbol id="sm-683">
         <name>vTaskInternalSetTimeOutState</name>
         <value>0xe19</value>
         <object_component_ref idref="oc-7f"/>
      </symbol>
      <symbol id="sm-684">
         <name>xTaskNotifyStateClear</name>
         <value>0x1665</value>
         <object_component_ref idref="oc-7f"/>
      </symbol>
      <symbol id="sm-685">
         <name>pvTaskIncrementMutexHeldCount</name>
         <value>0x128d</value>
         <object_component_ref idref="oc-7f"/>
      </symbol>
      <symbol id="sm-686">
         <name>xTaskGenericNotify</name>
         <value>0x13c3</value>
         <object_component_ref idref="oc-7f"/>
      </symbol>
      <symbol id="sm-687">
         <name>vTaskPriorityDisinheritAfterTimeout</name>
         <value>0x1191</value>
         <object_component_ref idref="oc-7f"/>
      </symbol>
      <symbol id="sm-688">
         <name>xTaskCreate</name>
         <value>0x26d</value>
         <object_component_ref idref="oc-7f"/>
      </symbol>
      <symbol id="sm-689">
         <name>vTaskDelayUntil</name>
         <value>0x509</value>
         <object_component_ref idref="oc-7f"/>
      </symbol>
      <symbol id="sm-68a">
         <name>vTaskEndScheduler</name>
         <value>0x9c3</value>
         <object_component_ref idref="oc-7f"/>
      </symbol>
      <symbol id="sm-68b">
         <name>xTaskNotifyWait</name>
         <value>0x1323</value>
         <object_component_ref idref="oc-7f"/>
      </symbol>
      <symbol id="sm-68c">
         <name>vTaskMissedYield</name>
         <value>0xeb7</value>
         <object_component_ref idref="oc-7f"/>
      </symbol>
      <symbol id="sm-68d">
         <name>uxTaskGetNumberOfTasks</name>
         <value>0xb01</value>
         <object_component_ref idref="oc-7f"/>
      </symbol>
      <symbol id="sm-68e">
         <name>xTaskGenericNotifyFromISR</name>
         <value>0x14b1</value>
         <object_component_ref idref="oc-7f"/>
      </symbol>
      <symbol id="sm-68f">
         <name>uxTaskPriorityGet</name>
         <value>0x5cf</value>
         <object_component_ref idref="oc-7f"/>
      </symbol>
      <symbol id="sm-690">
         <name>xTaskResumeAll</name>
         <value>0x9f5</value>
         <object_component_ref idref="oc-7f"/>
      </symbol>
      <symbol id="sm-691">
         <name>xTaskGetTickCount</name>
         <value>0xad7</value>
         <object_component_ref idref="oc-7f"/>
      </symbol>
      <symbol id="sm-692">
         <name>vTaskDelete</name>
         <value>0x45b</value>
         <object_component_ref idref="oc-7f"/>
      </symbol>
      <symbol id="sm-693">
         <name>pxCurrentTCB</name>
         <value>0x200020c0</value>
         <object_component_ref idref="oc-79"/>
      </symbol>
      <symbol id="sm-694">
         <name>vTaskNotifyGiveFromISR</name>
         <value>0x15b9</value>
         <object_component_ref idref="oc-7f"/>
      </symbol>
      <symbol id="sm-695">
         <name>vTaskSuspend</name>
         <value>0x765</value>
         <object_component_ref idref="oc-7f"/>
      </symbol>
      <symbol id="sm-696">
         <name>xTaskGetTickCountFromISR</name>
         <value>0xaed</value>
         <object_component_ref idref="oc-7f"/>
      </symbol>
      <symbol id="sm-697">
         <name>vTaskResume</name>
         <value>0x86d</value>
         <object_component_ref idref="oc-7f"/>
      </symbol>
      <symbol id="sm-698">
         <name>vTaskSetTimeOutState</name>
         <value>0xdf3</value>
         <object_component_ref idref="oc-7f"/>
      </symbol>
      <symbol id="sm-699">
         <name>xTaskIncrementTick</name>
         <value>0xb39</value>
         <object_component_ref idref="oc-7f"/>
      </symbol>
      <symbol id="sm-69a">
         <name>vTaskSwitchContext</name>
         <value>0xc51</value>
         <object_component_ref idref="oc-7f"/>
      </symbol>
      <symbol id="sm-69b">
         <name>uxTaskResetEventItemValue</name>
         <value>0x1265</value>
         <object_component_ref idref="oc-7f"/>
      </symbol>
      <symbol id="sm-69c">
         <name>xTaskResumeFromISR</name>
         <value>0x8e9</value>
         <object_component_ref idref="oc-7f"/>
      </symbol>
      <symbol id="sm-69d">
         <name>xTaskGetCurrentTaskHandle</name>
         <value>0xfc9</value>
         <object_component_ref idref="oc-7f"/>
      </symbol>
      <symbol id="sm-69e">
         <name>vTaskPlaceOnUnorderedEventList</name>
         <value>0xcdd</value>
         <object_component_ref idref="oc-7f"/>
      </symbol>
      <symbol id="sm-69f">
         <name>xTaskRemoveFromEventList</name>
         <value>0xd15</value>
         <object_component_ref idref="oc-7f"/>
      </symbol>
      <symbol id="sm-6a0">
         <name>xTaskPriorityInherit</name>
         <value>0xfed</value>
         <object_component_ref idref="oc-7f"/>
      </symbol>
      <symbol id="sm-6da">
         <name>uart0_rx_queue</name>
         <value>0x20001eb4</value>
      </symbol>
      <symbol id="sm-6db">
         <name>uart0_tx_queue</name>
         <value>0x20001eb8</value>
      </symbol>
      <symbol id="sm-6dc">
         <name>uart0_init</name>
         <value>0x42ed</value>
         <object_component_ref idref="oc-12f"/>
      </symbol>
      <symbol id="sm-6dd">
         <name>uart0_sendstring</name>
         <value>0x442b</value>
         <object_component_ref idref="oc-12f"/>
      </symbol>
      <symbol id="sm-6de">
         <name>lcrh_parity</name>
         <value>0x4299</value>
         <object_component_ref idref="oc-12f"/>
      </symbol>
      <symbol id="sm-6df">
         <name>lcrh_stopbits</name>
         <value>0x427f</value>
         <object_component_ref idref="oc-12f"/>
      </symbol>
      <symbol id="sm-6e0">
         <name>lcrh_databits</name>
         <value>0x4255</value>
         <object_component_ref idref="oc-12f"/>
      </symbol>
      <symbol id="sm-6e1">
         <name>uprintf</name>
         <value>0x4467</value>
         <object_component_ref idref="oc-12f"/>
      </symbol>
      <symbol id="sm-6e2">
         <name>uart0_tx_rdy</name>
         <value>0x42e1</value>
         <object_component_ref idref="oc-12f"/>
      </symbol>
      <symbol id="sm-6e3">
         <name>uart0_write_task</name>
         <value>0x4407</value>
         <object_component_ref idref="oc-12f"/>
      </symbol>
      <symbol id="sm-6e4">
         <name>uart0_read_isr</name>
         <value>0x43c9</value>
         <object_component_ref idref="oc-12f"/>
      </symbol>
      <symbol id="sm-70b">
         <name>vsprintf</name>
         <value>0x6459</value>
         <object_component_ref idref="oc-209"/>
      </symbol>
      <symbol id="sm-726">
         <name>memcpy</name>
         <value>0x5caf</value>
         <object_component_ref idref="oc-46"/>
      </symbol>
      <symbol id="sm-727">
         <name>__aeabi_memcpy</name>
         <value>0x5caf</value>
         <object_component_ref idref="oc-46"/>
      </symbol>
      <symbol id="sm-728">
         <name>__aeabi_memcpy8</name>
         <value>0x5caf</value>
         <object_component_ref idref="oc-46"/>
      </symbol>
      <symbol id="sm-729">
         <name>__aeabi_memcpy4</name>
         <value>0x5caf</value>
         <object_component_ref idref="oc-46"/>
      </symbol>
      <symbol id="sm-740">
         <name>__TI_zero_init</name>
         <value>0x6545</value>
         <object_component_ref idref="oc-58"/>
      </symbol>
      <symbol id="sm-757">
         <name>__TI_decompress_none</name>
         <value>0x6537</value>
         <object_component_ref idref="oc-1b"/>
      </symbol>
      <symbol id="sm-77a">
         <name>__TI_decompress_lzss</name>
         <value>0x60b5</value>
         <object_component_ref idref="oc-15"/>
      </symbol>
      <symbol id="sm-789">
         <name>strcmp</name>
         <value>0x64cf</value>
         <object_component_ref idref="oc-24f"/>
      </symbol>
      <symbol id="sm-797">
         <name>strcpy</name>
         <value>0x64fd</value>
         <object_component_ref idref="oc-240"/>
      </symbol>
      <symbol id="sm-7aa">
         <name>__stack</name>
         <value>0x20001ec0</value>
         <object_component_ref idref="oc-24"/>
      </symbol>
      <symbol id="sm-7ab">
         <name>_c_int00_noargs</name>
         <value>0x63f5</value>
         <object_component_ref idref="oc-64"/>
      </symbol>
      <symbol id="sm-910">
         <name>__TI_printfi</name>
         <value>0x24b1</value>
         <object_component_ref idref="oc-2aa"/>
      </symbol>
      <symbol id="sm-930">
         <name>frexpl</name>
         <value>0x611d</value>
         <object_component_ref idref="oc-3c3"/>
      </symbol>
      <symbol id="sm-931">
         <name>frexp</name>
         <value>0x611d</value>
         <object_component_ref idref="oc-3c3"/>
      </symbol>
      <symbol id="sm-94e">
         <name>scalbn</name>
         <value>0x5915</value>
         <object_component_ref idref="oc-3c9"/>
      </symbol>
      <symbol id="sm-94f">
         <name>scalbnl</name>
         <value>0x5915</value>
         <object_component_ref idref="oc-3c9"/>
      </symbol>
      <symbol id="sm-950">
         <name>ldexpl</name>
         <value>0x5915</value>
         <object_component_ref idref="oc-3c9"/>
      </symbol>
      <symbol id="sm-951">
         <name>ldexp</name>
         <value>0x5915</value>
         <object_component_ref idref="oc-3c9"/>
      </symbol>
      <symbol id="sm-96a">
         <name>wcslen</name>
         <value>0x6525</value>
         <object_component_ref idref="oc-347"/>
      </symbol>
      <symbol id="sm-981">
         <name>__aeabi_dsub</name>
         <value>0x4e9d</value>
         <object_component_ref idref="oc-3a3"/>
      </symbol>
      <symbol id="sm-982">
         <name>__aeabi_dadd</name>
         <value>0x4ea7</value>
         <object_component_ref idref="oc-3a3"/>
      </symbol>
      <symbol id="sm-9a4">
         <name>__aeabi_cdcmpeq</name>
         <value>0x5de1</value>
         <object_component_ref idref="oc-324"/>
      </symbol>
      <symbol id="sm-9a5">
         <name>__aeabi_cdcmple</name>
         <value>0x5de1</value>
         <object_component_ref idref="oc-324"/>
      </symbol>
      <symbol id="sm-9a6">
         <name>__aeabi_cdrcmple</name>
         <value>0x5e67</value>
         <object_component_ref idref="oc-38e"/>
      </symbol>
      <symbol id="sm-9ba">
         <name>__aeabi_ddiv</name>
         <value>0x5591</value>
         <object_component_ref idref="oc-389"/>
      </symbol>
      <symbol id="sm-9c5">
         <name>__aeabi_dmul</name>
         <value>0x5a25</value>
         <object_component_ref idref="oc-384"/>
      </symbol>
      <symbol id="sm-9cf">
         <name>__aeabi_d2iz</name>
         <value>0x6329</value>
         <object_component_ref idref="oc-393"/>
      </symbol>
      <symbol id="sm-9d9">
         <name>__aeabi_i2d</name>
         <value>0x6429</value>
         <object_component_ref idref="oc-39e"/>
      </symbol>
      <symbol id="sm-9e6">
         <name>__aeabi_uldivmod</name>
         <value>0x5d4b</value>
         <object_component_ref idref="oc-37d"/>
      </symbol>
      <symbol id="sm-9f5">
         <name>__aeabi_memset</name>
         <value>0x5eef</value>
         <object_component_ref idref="oc-b6"/>
      </symbol>
      <symbol id="sm-9f6">
         <name>memset</name>
         <value>0x5ef5</value>
         <object_component_ref idref="oc-b6"/>
      </symbol>
      <symbol id="sm-9f7">
         <name>__aeabi_memset8</name>
         <value>0x5eef</value>
         <object_component_ref idref="oc-b6"/>
      </symbol>
      <symbol id="sm-9f8">
         <name>__aeabi_memset4</name>
         <value>0x5eef</value>
         <object_component_ref idref="oc-b6"/>
      </symbol>
      <symbol id="sm-9f9">
         <name>__aeabi_memclr8</name>
         <value>0x5eed</value>
         <object_component_ref idref="oc-b6"/>
      </symbol>
      <symbol id="sm-9fa">
         <name>__aeabi_memclr4</name>
         <value>0x5eed</value>
         <object_component_ref idref="oc-b6"/>
      </symbol>
      <symbol id="sm-9fb">
         <name>__aeabi_memclr</name>
         <value>0x5eed</value>
         <object_component_ref idref="oc-b6"/>
      </symbol>
      <symbol id="sm-a23">
         <name>__TI_auto_init_nobinit_nopinit</name>
         <value>0x6371</value>
         <object_component_ref idref="oc-182"/>
      </symbol>
      <symbol id="sm-a2d">
         <name>_system_pre_init</name>
         <value>0x6571</value>
         <object_component_ref idref="oc-bc"/>
      </symbol>
      <symbol id="sm-a39">
         <name>C$$EXIT</name>
         <value>0x6575</value>
         <object_component_ref idref="oc-176"/>
      </symbol>
      <symbol id="sm-a3a">
         <name>abort</name>
         <value>0x6575</value>
         <object_component_ref idref="oc-176"/>
      </symbol>
      <symbol id="sm-a4a">
         <name>__TI_ltoa</name>
         <value>0x6237</value>
         <object_component_ref idref="oc-398"/>
      </symbol>
      <symbol id="sm-a61">
         <name>atoi</name>
         <value>0x62dd</value>
         <object_component_ref idref="oc-318"/>
      </symbol>
      <symbol id="sm-a6c">
         <name>_ctypes_</name>
         <value>0x6578</value>
         <object_component_ref idref="oc-378"/>
      </symbol>
      <symbol id="sm-a7c">
         <name>memccpy</name>
         <value>0x6481</value>
         <object_component_ref idref="oc-341"/>
      </symbol>
      <symbol id="sm-a8c">
         <name>strchr</name>
         <value>0x64e7</value>
         <object_component_ref idref="oc-3cf"/>
      </symbol>
      <symbol id="sm-a9a">
         <name>strlen</name>
         <value>0x6511</value>
         <object_component_ref idref="oc-312"/>
      </symbol>
      <symbol id="sm-ab0">
         <name>__aeabi_errno_addr</name>
         <value>0x6569</value>
         <object_component_ref idref="oc-34d"/>
      </symbol>
      <symbol id="sm-ab1">
         <name>errno</name>
         <value>0x20002100</value>
         <object_component_ref idref="oc-3df"/>
      </symbol>
      <symbol id="sm-abb">
         <name>copysign</name>
         <value>0x649d</value>
         <object_component_ref idref="oc-415"/>
      </symbol>
      <symbol id="sm-abc">
         <name>copysignl</name>
         <value>0x649d</value>
         <object_component_ref idref="oc-415"/>
      </symbol>
      <symbol id="sm-ac6">
         <name>__aeabi_idiv0</name>
         <value>0x2eff</value>
         <object_component_ref idref="oc-3fc"/>
      </symbol>
      <symbol id="sm-ac7">
         <name>__aeabi_ldiv0</name>
         <value>0x2eff</value>
         <object_component_ref idref="oc-3fc"/>
      </symbol>
      <symbol id="sm-ac8">
         <name>__TI_static_base__</name>
         <value>0x0</value>
      </symbol>
      <symbol id="sm-acb">
         <name>__mpu_init</name>
         <value>0x0</value>
      </symbol>
      <symbol id="sm-acc">
         <name>_system_post_cinit</name>
         <value>0x0</value>
      </symbol>
   </symbol_table>
   <title>Link successful</title>
</link_info>
