******************************************************************************
                  TI ARM Linker PC v20.2.5                     
******************************************************************************
>> Linked Thu May 19 04:46:37 2022

OUTPUT FILE NAME:   <COFFEE_MACHINE.out>
ENTRY POINT SYMBOL: "_c_int00_noargs"  address: 00006241


MEMORY CONFIGURATION

         name            origin    length      used     unused   attr    fill
----------------------  --------  ---------  --------  --------  ----  --------
  FLASH                 00000000   00040000  00006518  00039ae8  R  X
  SRAM                  20000000   00008000  000020fc  00005f04  RW X


SEGMENT ALLOCATION MAP

run origin  load origin   length   init length attrs members
----------  ----------- ---------- ----------- ----- -------
00000000    00000000    00006518   00006518    r-x
  00000000    00000000    0000026c   0000026c    r-- .intvecs
  0000026c    0000026c    00006158   00006158    r-x .text
  000063c4    000063c4    0000011c   0000011c    r-- .const
  000064e0    000064e0    00000038   00000038    r-- .cinit
20000000    20000000    000020fe   00000000    rw-
  20000000    20000000    00001eb6   00000000    rw- .bss
  20001eb8    20001eb8    00000200   00000000    rw- .stack
  200020b8    200020b8    00000046   00000000    rw- .data


SECTION ALLOCATION MAP

 output                                  attributes/
section   page    origin      length       input sections
--------  ----  ----------  ----------   ----------------
.intvecs   0    00000000    0000026c     
                  00000000    0000026c     startup_frt.obj (.intvecs)

.text      0    0000026c    00006158     
                  0000026c    000014f4     tasks.obj (.text)
                  00001760    00000d50     queue.obj (.text)
                  000024b0    00000a4e     rtsv7M4_T_le_v4SPD16_eabi.lib : _printfi.c.obj (.text:__TI_printfi)
                  00002efe    00000002                                   : div0.asm.obj (.text)
                  00002f00    0000064c     coffee.obj (.text)
                  0000354c    000004cc     payment.obj (.text)
                  00003a18    00000420     lcd.obj (.text)
                  00003e38    000003e8     report.obj (.text)
                  00004220    00000290     uart0.obj (.text)
                  000044b0    00000270     rtsv7M4_T_le_v4SPD16_eabi.lib : _printfi.c.obj (.text:_pconv_a)
                  00004720    000001e4     log.obj (.text)
                  00004904    000001dc     key.obj (.text)
                  00004ae0    000001d0     rtsv7M4_T_le_v4SPD16_eabi.lib : _printfi.c.obj (.text:_pconv_g)
                  00004cb0    000001b8     heap_2.obj (.text)
                  00004e68    000001b6     rtsv7M4_T_le_v4SPD16_eabi.lib : fd_add_t2.asm.obj (.text)
                  0000501e    00000002     --HOLE-- [fill = 0]
                  00005020    00000144     main.obj (.text)
                  00005164    0000013c     rtsv7M4_T_le_v4SPD16_eabi.lib : _printfi.c.obj (.text:_pconv_e)
                  000052a0    0000013c     port.obj (.text)
                  000053dc    00000136     rtsv7M4_T_le_v4SPD16_eabi.lib : fd_div_t2.asm.obj (.text)
                  00005512    0000012a     list.obj (.text)
                  0000563c    00000124     rtsv7M4_T_le_v4SPD16_eabi.lib : _printfi.c.obj (.text:fcvt)
                  00005760    00000110                                   : s_scalbn.c.obj (.text:scalbn)
                  00005870    000000fc                                   : fd_mul_t2.asm.obj (.text)
                  0000596c    000000da     portasm.obj (.text)
                  00005a46    00000002     --HOLE-- [fill = 0]
                  00005a48    000000b1     rtsv7M4_T_le_v4SPD16_eabi.lib : _printfi.c.obj (.text:_ltostr)
                  00005af9    00000001     --HOLE-- [fill = 0]
                  00005afa    0000009c                                   : memcpy_t2.asm.obj (.text)
                  00005b96    00000096                                   : ull_div_t2.asm.obj (.text)
                  00005c2c    00000086                                   : fd_cmp_t2.asm.obj (.text:__aeabi_cdcmple)
                  00005cb2    00000086                                   : fd_cmp_t2.asm.obj (.text:__aeabi_cdrcmple)
                  00005d38    0000007a                                   : memset_t2.asm.obj (.text)
                  00005db2    00000002     --HOLE-- [fill = 0]
                  00005db4    00000070     switch.obj (.text)
                  00005e24    0000006e     rtsv7M4_T_le_v4SPD16_eabi.lib : _printfi.c.obj (.text:_mcpy)
                  00005e92    00000002     --HOLE-- [fill = 0]
                  00005e94    0000006c     systick_frt.obj (.text)
                  00005f00    00000068     rtsv7M4_T_le_v4SPD16_eabi.lib : copy_decompress_lzss.c.obj (.text:decompress:lzss:__TI_decompress_lzss)
                  00005f68    00000064                                   : s_frexp.c.obj (.text:frexp)
                  00005fcc    00000060     led.obj (.text)
                  0000602c    00000056     rtsv7M4_T_le_v4SPD16_eabi.lib : _printfi.c.obj (.text:_pconv_f)
                  00006082    00000054                                   : _ltoa.c.obj (.text:__TI_ltoa)
                  000060d6    00000052                                   : _printfi.c.obj (.text:_ecpy)
                  00006128    0000004c                                   : atoi.c.obj (.text:atoi)
                  00006174    00000048                                   : fd_toi_t2.asm.obj (.text)
                  000061bc    00000044                                   : autoinit.c.obj (.text:__TI_auto_init_nobinit_nopinit:__TI_auto_init_nobinit_nopinit)
                  00006200    0000003e                                   : _printfi.c.obj (.text:_fcpy)
                  0000623e    00000002     --HOLE-- [fill = 0]
                  00006240    00000034                                   : boot_cortex_m.c.obj (.text:_c_int00_noargs:_c_int00_noargs)
                  00006274    0000002e                                   : i_tofd_t2.asm.obj (.text)
                  000062a2    00000002     --HOLE-- [fill = 0]
                  000062a4    00000028                                   : vsprintf.c.obj (.text:vsprintf)
                  000062cc    0000001c                                   : memccpy.c.obj (.text:memccpy)
                  000062e8    0000001a                                   : s_copysign.c.obj (.text:copysign)
                  00006302    00000018                                   : vsprintf.c.obj (.text:_outs)
                  0000631a    00000018                                   : strcmp.c.obj (.text:strcmp)
                  00006332    00000016                                   : strchr.c.obj (.text:strchr)
                  00006348    00000014                                   : strcpy.c.obj (.text:strcpy)
                  0000635c    00000014                                   : strlen.c.obj (.text:strlen)
                  00006370    00000012                                   : wcslen.c.obj (.text:wcslen)
                  00006382    0000000e                                   : copy_decompress_none.c.obj (.text:decompress:none:__TI_decompress_none)
                  00006390    0000000c                                   : copy_zero_init.c.obj (.text:decompress:ZI:__TI_zero_init)
                  0000639c    0000000c     startup_frt.obj (.text)
                  000063a8    0000000a     rtsv7M4_T_le_v4SPD16_eabi.lib : vsprintf.c.obj (.text:_outc)
                  000063b2    00000002     --HOLE-- [fill = 0]
                  000063b4    00000008                                   : errno.c.obj (.text:__aeabi_errno_addr)
                  000063bc    00000004                                   : pre_init.c.obj (.text:_system_pre_init)
                  000063c0    00000004                                   : exit.c.obj (.text:abort:abort)

.const     0    000063c4    0000011c     
                  000063c4    00000101     rtsv7M4_T_le_v4SPD16_eabi.lib : ctype.c.obj (.const:.string:_ctypes_)
                  000064c5    0000000c     key.obj (.const:$P$T0$1)
                  000064d1    0000000a     lcd.obj (.const:.string:LCD_init_sequense)
                  000064db    00000001     --HOLE-- [fill = 0]
                  000064dc    00000004     port.obj (.const)

.cinit     0    000064e0    00000038     
                  000064e0    00000012     (.cinit..data.load) [load image, compression = lzss]
                  000064f2    00000002     --HOLE-- [fill = 0]
                  000064f4    0000000c     (__TI_handler_table)
                  00006500    00000008     (.cinit..bss.load) [load image, compression = zero_init]
                  00006508    00000010     (__TI_cinit_table)

.init_array 
*          0    00000000    00000000     UNINITIALIZED

.bss       0    20000000    00001eb6     UNINITIALIZED
                  20000000    00001b58     heap_2.obj (.bss:ucHeap)
                  20001b58    000000c8     tasks.obj (.bss:pxReadyTasksLists)
                  20001c20    000000c8     (.common:log_array)
                  20001ce8    000000a0     (.common:coffee_types)
                  20001d88    00000048     (.common:buffer)
                  20001dd0    00000020     (.common:current_coffee)
                  20001df0    00000014     tasks.obj (.bss:xDelayedTaskList1)
                  20001e04    00000014     tasks.obj (.bss:xDelayedTaskList2)
                  20001e18    00000014     tasks.obj (.bss:xPendingReadyList)
                  20001e2c    00000014     tasks.obj (.bss:xSuspendedTaskList)
                  20001e40    00000014     tasks.obj (.bss:xTasksWaitingTermination)
                  20001e54    00000010     (.common:cardnumber)
                  20001e64    00000008     tasks.obj (.bss)
                  20001e6c    00000008     heap_2.obj (.bss:xEnd)
                  20001e74    00000008     heap_2.obj (.bss:xStart)
                  20001e7c    00000004     (.common:Q_KEY)
                  20001e80    00000004     (.common:Q_LCD)
                  20001e84    00000004     (.common:active_semaphore)
                  20001e88    00000004     (.common:balance_mutex)
                  20001e8c    00000004     (.common:cash_set_q)
                  20001e90    00000004     (.common:coffee_t)
                  20001e94    00000004     (.common:coffee_types_mutex)
                  20001e98    00000004     (.common:log_array_semaphore)
                  20001e9c    00000004     (.common:log_coffee_q)
                  20001ea0    00000004     (.common:log_payment_q)
                  20001ea4    00000004     (.common:log_time_q)
                  20001ea8    00000004     (.common:payment_t)
                  20001eac    00000004     (.common:uart0_rx_queue)
                  20001eb0    00000004     (.common:uart0_tx_queue)
                  20001eb4    00000001     (.common:LCD_init)
                  20001eb5    00000001     (.common:balance)

.data      0    200020b8    00000046     UNINITIALIZED
                  200020b8    00000034     tasks.obj (.data)
                  200020ec    00000008     heap_2.obj (.data)
                  200020f4    00000004     port.obj (.data)
                  200020f8    00000004     rtsv7M4_T_le_v4SPD16_eabi.lib : errno.c.obj (.data)
                  200020fc    00000002     lcd.obj (.data)

.stack     0    20001eb8    00000200     UNINITIALIZED
                  20001eb8    00000004     rtsv7M4_T_le_v4SPD16_eabi.lib : boot_cortex_m.c.obj (.stack)
                  20001ebc    000001fc     --HOLE--

__llvm_prf_cnts 
*          0    20000000    00000000     UNINITIALIZED

MODULE SUMMARY

       Module                       code    ro data   rw data
       ------                       ----    -------   -------
    .\
       heap_2.obj                   440     0         7024   
       tasks.obj                    5364    0         360    
       queue.obj                    3408    0         0      
       coffee.obj                   1612    0         200    
       payment.obj                  1228    0         25     
       lcd.obj                      1056    10        7      
       report.obj                   1000    0         72     
       log.obj                      484     0         216    
       uart0.obj                    656     0         8      
       startup_frt.obj              12      620       0      
       key.obj                      476     12        4      
       main.obj                     324     0         8      
       port.obj                     316     4         4      
       list.obj                     298     0         0      
       portasm.obj                  218     0         0      
       switch.obj                   112     0         0      
       systick_frt.obj              108     0         0      
       led.obj                      96      0         0      
    +--+----------------------------+-------+---------+---------+
       Total:                       17208   646       7928   
                                                             
    C:\ti\ccs1110\ccs\tools\compiler\ti-cgt-arm_20.2.5.LTS\lib\rtsv7M4_T_le_v4SPD16_eabi.lib
       _printfi.c.obj               4851    0         0      
       fd_add_t2.asm.obj            438     0         0      
       fd_div_t2.asm.obj            310     0         0      
       s_scalbn.c.obj               272     0         0      
       fd_cmp_t2.asm.obj            268     0         0      
       ctype.c.obj                  0       257       0      
       fd_mul_t2.asm.obj            252     0         0      
       memcpy_t2.asm.obj            156     0         0      
       ull_div_t2.asm.obj           150     0         0      
       memset_t2.asm.obj            122     0         0      
       copy_decompress_lzss.c.obj   104     0         0      
       s_frexp.c.obj                100     0         0      
       _ltoa.c.obj                  84      0         0      
       atoi.c.obj                   76      0         0      
       vsprintf.c.obj               74      0         0      
       fd_toi_t2.asm.obj            72      0         0      
       autoinit.c.obj               68      0         0      
       boot_cortex_m.c.obj          52      0         0      
       i_tofd_t2.asm.obj            46      0         0      
       memccpy.c.obj                28      0         0      
       s_copysign.c.obj             26      0         0      
       strcmp.c.obj                 24      0         0      
       strchr.c.obj                 22      0         0      
       strcpy.c.obj                 20      0         0      
       strlen.c.obj                 20      0         0      
       wcslen.c.obj                 18      0         0      
       copy_decompress_none.c.obj   14      0         0      
       copy_zero_init.c.obj         12      0         0      
       errno.c.obj                  8       0         4      
       exit.c.obj                   4       0         0      
       pre_init.c.obj               4       0         0      
       div0.asm.obj                 2       0         0      
    +--+----------------------------+-------+---------+---------+
       Total:                       7697    257       4      
                                                             
       Stack:                       0       0         512    
       Linker Generated:            0       54        0      
    +--+----------------------------+-------+---------+---------+
       Grand Total:                 24905   957       8444   


LINKER GENERATED COPY TABLES

__TI_cinit_table @ 00006508 records: 2, size/record: 8, table size: 16
	.data: load addr=000064e0, load size=00000012 bytes, run addr=200020b8, run size=00000046 bytes, compression=lzss
	.bss: load addr=00006500, load size=00000008 bytes, run addr=20000000, run size=00001eb6 bytes, compression=zero_init


LINKER GENERATED HANDLER TABLE

__TI_handler_table @ 000064f4 records: 3, size/record: 4, table size: 12
	index: 0, handler: __TI_decompress_lzss
	index: 1, handler: __TI_decompress_none
	index: 2, handler: __TI_zero_init


GLOBAL SYMBOLS: SORTED ALPHABETICALLY BY Name 

address   name                               
-------   ----                               
000063c1  C$$EXIT                            
20001eb4  LCD_init                           
000064d1  LCD_init_sequense                  
200020fc  LCD_state                          
20001e7c  Q_KEY                              
20001e80  Q_LCD                              
0000639d  ResetISR                           
00003c29  Set_cursor                         
200020b8  __STACK_END                        
00000200  __STACK_SIZE                       
200020b8  __STACK_TOP                        
00006508  __TI_CINIT_Base                    
00006518  __TI_CINIT_Limit                   
000064f4  __TI_Handler_Table_Base            
00006500  __TI_Handler_Table_Limit           
000061bd  __TI_auto_init_nobinit_nopinit     
00005f01  __TI_decompress_lzss               
00006383  __TI_decompress_none               
00006083  __TI_ltoa                          
ffffffff  __TI_pprof_out_hndl                
000024b1  __TI_printfi                       
ffffffff  __TI_prof_data_size                
ffffffff  __TI_prof_data_start               
00000000  __TI_static_base__                 
00006391  __TI_zero_init                     
00005c2d  __aeabi_cdcmpeq                    
00005c2d  __aeabi_cdcmple                    
00005cb3  __aeabi_cdrcmple                   
00006175  __aeabi_d2iz                       
00004e73  __aeabi_dadd                       
000053dd  __aeabi_ddiv                       
00005871  __aeabi_dmul                       
00004e69  __aeabi_dsub                       
000063b5  __aeabi_errno_addr                 
00006275  __aeabi_i2d                        
00002eff  __aeabi_idiv0                      
00002eff  __aeabi_ldiv0                      
00005d39  __aeabi_memclr                     
00005d39  __aeabi_memclr4                    
00005d39  __aeabi_memclr8                    
00005afb  __aeabi_memcpy                     
00005afb  __aeabi_memcpy4                    
00005afb  __aeabi_memcpy8                    
00005d3b  __aeabi_memset                     
00005d3b  __aeabi_memset4                    
00005d3b  __aeabi_memset8                    
00005b97  __aeabi_uldivmod                   
ffffffff  __binit__                          
ffffffff  __c_args__                         
UNDEFED   __mpu_init                         
20001eb8  __stack                            
20000000  __start___llvm_prf_cnts            
20000000  __stop___llvm_prf_cnts             
00006241  _c_int00_noargs                    
000063c4  _ctypes_                           
UNDEFED   _system_post_cinit                 
000063bd  _system_pre_init                   
000063c1  abort                              
20001e84  active_semaphore                   
00006129  atoi                               
20001eb5  balance                            
20001e88  balance_mutex                      
ffffffff  binit                              
00003011  brew_state                         
20001d88  buffer                             
20001e54  cardnumber                         
00003635  cardnumber_check_state             
20001e8c  cash_set_q                         
00003855  cash_state                         
00003903  change_state                       
0000499b  check_column                       
00003c15  clr_LCD                            
00002f01  coffee_init                        
20001e90  coffee_t                           
0000346f  coffee_task                        
20001ce8  coffee_types                       
20001e94  coffee_types_mutex                 
000062e9  copysign                           
000062e9  copysignl                          
20001dd0  current_coffee                     
200020f8  errno                              
00005f69  frexp                              
00005f69  frexpl                             
00000000  g_pfnVectors                       
00005de1  get_sw1                            
00005df5  get_sw2                            
00003c1f  home_LCD                           
00005e95  init_systick                       
00003819  key2int                            
00004951  key_catch                          
0000497f  key_get                            
000049df  key_init                           
00004a1f  key_task                           
00003c75  lcd_init                           
00003d1d  lcd_task                           
00004221  lcrh_databits                      
00004265  lcrh_parity                        
0000424b  lcrh_stopbits                      
00005761  ldexp                              
00005761  ldexpl                             
00006005  led_green                          
00005fcd  led_init                           
00006011  led_off                            
00005fed  led_red                            
00005ff9  led_yellow                         
20001c20  log_array                          
20001e98  log_array_semaphore                
0000485d  log_coffee                         
20001e9c  log_coffee_q                       
00004721  log_init                           
00003ef1  log_list_menu                      
0000489f  log_nextlog                        
00004873  log_payment                        
20001ea0  log_payment_q                      
00004759  log_task                           
00004889  log_time                           
20001ea4  log_time_q                         
00003cbf  lprintf                            
00005021  main                               
00003e8d  main_menu                          
000062cd  memccpy                            
00005afb  memcpy                             
00005d41  memset                             
00003a51  move_LCD                           
00003c39  out_LCD                            
00003ba9  out_LCD_high                       
00003b5f  out_LCD_low                        
0000354d  payment_init                       
20001ea8  payment_t                          
00003573  payment_task                       
00003601  paymenttype_state                  
00000b07  pcTaskGetName                      
00003699  pin_check_state                    
00004cb1  pvPortMalloc                       
0000128d  pvTaskIncrementMutexHeldCount      
200020b8  pxCurrentTCB                       
000052a1  pxPortInitialiseStack              
00004905  row                                
00003fd3  sales_report_menu                  
00005761  scalbn                             
00005761  scalbnl                            
00003349  select_coffee_state                
00006333  strchr                             
0000631b  strcmp                             
00006349  strcpy                             
0000635d  strlen                             
00005db5  switch_init                        
000042b9  uart0_init                         
00004395  uart0_read_isr                     
20001eac  uart0_rx_queue                     
000043f7  uart0_sendstring                   
20001eb0  uart0_tx_queue                     
000042ad  uart0_tx_rdy                       
000043d3  uart0_write_task                   
00003e39  ui_clear_screen                    
00003e51  ui_task                            
000064dc  ulMaxSyscallInterruptPriority      
0000597d  ulPortGetIPSR                      
000012ad  ulTaskNotifyTake                   
00004433  uprintf                            
000055f5  uxListRemove                       
000020c1  uxQueueMessagesWaiting             
000020f7  uxQueueMessagesWaitingFromISR      
000020d7  uxQueueSpacesAvailable             
00000b01  uxTaskGetNumberOfTasks             
000005cf  uxTaskPriorityGet                  
000005f3  uxTaskPriorityGetFromISR           
00001265  uxTaskResetEventItemValue          
00005513  vListInitialise                    
00005543  vListInitialiseItem                
0000558f  vListInsert                        
00005553  vListInsertEnd                     
00005a39  vPortEnableVFP                     
00005341  vPortEndScheduler                  
00005343  vPortEnterCritical                 
00005363  vPortExitCritical                  
00004da9  vPortFree                          
00004e0d  vPortInitialiseBlocks              
000059f5  vPortSVCHandler                    
0000539f  vPortSetupTimerInterrupt           
00005a15  vPortStartFirstTask                
0000210d  vQueueDelete                       
00000599  vTaskDelay                         
00000509  vTaskDelayUntil                    
0000045b  vTaskDelete                        
000009c3  vTaskEndScheduler                  
00000e19  vTaskInternalSetTimeOutState       
00000eb7  vTaskMissedYield                   
000015b9  vTaskNotifyGiveFromISR             
00000cb9  vTaskPlaceOnEventList              
00000cdd  vTaskPlaceOnUnorderedEventList     
00001191  vTaskPriorityDisinheritAfterTimeout
00000651  vTaskPrioritySet                   
00000d91  vTaskRemoveFromUnorderedEventList  
0000086d  vTaskResume                        
00000df3  vTaskSetTimeOutState               
00000979  vTaskStartScheduler                
00000765  vTaskSuspend                       
000009df  vTaskSuspendAll                    
00000c51  vTaskSwitchContext                 
000062a5  vsprintf                           
00006371  wcslen                             
00003a19  wr_ch_LCD                          
00003bbf  wr_ctrl_LCD                        
00003b49  wr_ctrl_LCD_high                   
00003a87  wr_ctrl_LCD_low                    
00003a33  wr_str_LCD                         
00004e07  xPortGetFreeHeapSize               
00005995  xPortPendSVHandler                 
0000530b  xPortStartScheduler                
00005379  xPortSysTickHandler                
0000239d  xQueueAddToSet                     
000018bb  xQueueCreateMutex                  
00002389  xQueueCreateSet                    
00001801  xQueueGenericCreate                
00001761  xQueueGenericReset                 
00001967  xQueueGenericSend                  
00001acf  xQueueGenericSendFromISR           
00001b87  xQueueGiveFromISR                  
000018e7  xQueueGiveMutexRecursive           
0000231d  xQueueIsQueueEmptyFromISR          
00002363  xQueueIsQueueFullFromISR           
00001eb1  xQueuePeek                         
0000206f  xQueuePeekFromISR                  
00001c37  xQueueReceive                      
00001fd5  xQueueReceiveFromISR               
000023d1  xQueueRemoveFromSet                
00002413  xQueueSelectFromSet                
0000242b  xQueueSelectFromSetFromISR         
00001d57  xQueueSemaphoreTake                
00001923  xQueueTakeMutexRecursive           
00000e39  xTaskCheckForTimeOut               
0000026d  xTaskCreate                        
000013c3  xTaskGenericNotify                 
000014b1  xTaskGenericNotifyFromISR          
00000fc9  xTaskGetCurrentTaskHandle          
00000ad7  xTaskGetTickCount                  
00000aed  xTaskGetTickCountFromISR           
00000b39  xTaskIncrementTick                 
00001665  xTaskNotifyStateClear              
00001323  xTaskNotifyWait                    
000010cd  xTaskPriorityDisinherit            
00000fed  xTaskPriorityInherit               
00000d15  xTaskRemoveFromEventList           
000009f5  xTaskResumeAll                     
000008e9  xTaskResumeFromISR                 


GLOBAL SYMBOLS: SORTED BY Symbol Address 

address   name                               
-------   ----                               
00000000  __TI_static_base__                 
00000000  g_pfnVectors                       
00000200  __STACK_SIZE                       
0000026d  xTaskCreate                        
0000045b  vTaskDelete                        
00000509  vTaskDelayUntil                    
00000599  vTaskDelay                         
000005cf  uxTaskPriorityGet                  
000005f3  uxTaskPriorityGetFromISR           
00000651  vTaskPrioritySet                   
00000765  vTaskSuspend                       
0000086d  vTaskResume                        
000008e9  xTaskResumeFromISR                 
00000979  vTaskStartScheduler                
000009c3  vTaskEndScheduler                  
000009df  vTaskSuspendAll                    
000009f5  xTaskResumeAll                     
00000ad7  xTaskGetTickCount                  
00000aed  xTaskGetTickCountFromISR           
00000b01  uxTaskGetNumberOfTasks             
00000b07  pcTaskGetName                      
00000b39  xTaskIncrementTick                 
00000c51  vTaskSwitchContext                 
00000cb9  vTaskPlaceOnEventList              
00000cdd  vTaskPlaceOnUnorderedEventList     
00000d15  xTaskRemoveFromEventList           
00000d91  vTaskRemoveFromUnorderedEventList  
00000df3  vTaskSetTimeOutState               
00000e19  vTaskInternalSetTimeOutState       
00000e39  xTaskCheckForTimeOut               
00000eb7  vTaskMissedYield                   
00000fc9  xTaskGetCurrentTaskHandle          
00000fed  xTaskPriorityInherit               
000010cd  xTaskPriorityDisinherit            
00001191  vTaskPriorityDisinheritAfterTimeout
00001265  uxTaskResetEventItemValue          
0000128d  pvTaskIncrementMutexHeldCount      
000012ad  ulTaskNotifyTake                   
00001323  xTaskNotifyWait                    
000013c3  xTaskGenericNotify                 
000014b1  xTaskGenericNotifyFromISR          
000015b9  vTaskNotifyGiveFromISR             
00001665  xTaskNotifyStateClear              
00001761  xQueueGenericReset                 
00001801  xQueueGenericCreate                
000018bb  xQueueCreateMutex                  
000018e7  xQueueGiveMutexRecursive           
00001923  xQueueTakeMutexRecursive           
00001967  xQueueGenericSend                  
00001acf  xQueueGenericSendFromISR           
00001b87  xQueueGiveFromISR                  
00001c37  xQueueReceive                      
00001d57  xQueueSemaphoreTake                
00001eb1  xQueuePeek                         
00001fd5  xQueueReceiveFromISR               
0000206f  xQueuePeekFromISR                  
000020c1  uxQueueMessagesWaiting             
000020d7  uxQueueSpacesAvailable             
000020f7  uxQueueMessagesWaitingFromISR      
0000210d  vQueueDelete                       
0000231d  xQueueIsQueueEmptyFromISR          
00002363  xQueueIsQueueFullFromISR           
00002389  xQueueCreateSet                    
0000239d  xQueueAddToSet                     
000023d1  xQueueRemoveFromSet                
00002413  xQueueSelectFromSet                
0000242b  xQueueSelectFromSetFromISR         
000024b1  __TI_printfi                       
00002eff  __aeabi_idiv0                      
00002eff  __aeabi_ldiv0                      
00002f01  coffee_init                        
00003011  brew_state                         
00003349  select_coffee_state                
0000346f  coffee_task                        
0000354d  payment_init                       
00003573  payment_task                       
00003601  paymenttype_state                  
00003635  cardnumber_check_state             
00003699  pin_check_state                    
00003819  key2int                            
00003855  cash_state                         
00003903  change_state                       
00003a19  wr_ch_LCD                          
00003a33  wr_str_LCD                         
00003a51  move_LCD                           
00003a87  wr_ctrl_LCD_low                    
00003b49  wr_ctrl_LCD_high                   
00003b5f  out_LCD_low                        
00003ba9  out_LCD_high                       
00003bbf  wr_ctrl_LCD                        
00003c15  clr_LCD                            
00003c1f  home_LCD                           
00003c29  Set_cursor                         
00003c39  out_LCD                            
00003c75  lcd_init                           
00003cbf  lprintf                            
00003d1d  lcd_task                           
00003e39  ui_clear_screen                    
00003e51  ui_task                            
00003e8d  main_menu                          
00003ef1  log_list_menu                      
00003fd3  sales_report_menu                  
00004221  lcrh_databits                      
0000424b  lcrh_stopbits                      
00004265  lcrh_parity                        
000042ad  uart0_tx_rdy                       
000042b9  uart0_init                         
00004395  uart0_read_isr                     
000043d3  uart0_write_task                   
000043f7  uart0_sendstring                   
00004433  uprintf                            
00004721  log_init                           
00004759  log_task                           
0000485d  log_coffee                         
00004873  log_payment                        
00004889  log_time                           
0000489f  log_nextlog                        
00004905  row                                
00004951  key_catch                          
0000497f  key_get                            
0000499b  check_column                       
000049df  key_init                           
00004a1f  key_task                           
00004cb1  pvPortMalloc                       
00004da9  vPortFree                          
00004e07  xPortGetFreeHeapSize               
00004e0d  vPortInitialiseBlocks              
00004e69  __aeabi_dsub                       
00004e73  __aeabi_dadd                       
00005021  main                               
000052a1  pxPortInitialiseStack              
0000530b  xPortStartScheduler                
00005341  vPortEndScheduler                  
00005343  vPortEnterCritical                 
00005363  vPortExitCritical                  
00005379  xPortSysTickHandler                
0000539f  vPortSetupTimerInterrupt           
000053dd  __aeabi_ddiv                       
00005513  vListInitialise                    
00005543  vListInitialiseItem                
00005553  vListInsertEnd                     
0000558f  vListInsert                        
000055f5  uxListRemove                       
00005761  ldexp                              
00005761  ldexpl                             
00005761  scalbn                             
00005761  scalbnl                            
00005871  __aeabi_dmul                       
0000597d  ulPortGetIPSR                      
00005995  xPortPendSVHandler                 
000059f5  vPortSVCHandler                    
00005a15  vPortStartFirstTask                
00005a39  vPortEnableVFP                     
00005afb  __aeabi_memcpy                     
00005afb  __aeabi_memcpy4                    
00005afb  __aeabi_memcpy8                    
00005afb  memcpy                             
00005b97  __aeabi_uldivmod                   
00005c2d  __aeabi_cdcmpeq                    
00005c2d  __aeabi_cdcmple                    
00005cb3  __aeabi_cdrcmple                   
00005d39  __aeabi_memclr                     
00005d39  __aeabi_memclr4                    
00005d39  __aeabi_memclr8                    
00005d3b  __aeabi_memset                     
00005d3b  __aeabi_memset4                    
00005d3b  __aeabi_memset8                    
00005d41  memset                             
00005db5  switch_init                        
00005de1  get_sw1                            
00005df5  get_sw2                            
00005e95  init_systick                       
00005f01  __TI_decompress_lzss               
00005f69  frexp                              
00005f69  frexpl                             
00005fcd  led_init                           
00005fed  led_red                            
00005ff9  led_yellow                         
00006005  led_green                          
00006011  led_off                            
00006083  __TI_ltoa                          
00006129  atoi                               
00006175  __aeabi_d2iz                       
000061bd  __TI_auto_init_nobinit_nopinit     
00006241  _c_int00_noargs                    
00006275  __aeabi_i2d                        
000062a5  vsprintf                           
000062cd  memccpy                            
000062e9  copysign                           
000062e9  copysignl                          
0000631b  strcmp                             
00006333  strchr                             
00006349  strcpy                             
0000635d  strlen                             
00006371  wcslen                             
00006383  __TI_decompress_none               
00006391  __TI_zero_init                     
0000639d  ResetISR                           
000063b5  __aeabi_errno_addr                 
000063bd  _system_pre_init                   
000063c1  C$$EXIT                            
000063c1  abort                              
000063c4  _ctypes_                           
000064d1  LCD_init_sequense                  
000064dc  ulMaxSyscallInterruptPriority      
000064f4  __TI_Handler_Table_Base            
00006500  __TI_Handler_Table_Limit           
00006508  __TI_CINIT_Base                    
00006518  __TI_CINIT_Limit                   
20000000  __start___llvm_prf_cnts            
20000000  __stop___llvm_prf_cnts             
20001c20  log_array                          
20001ce8  coffee_types                       
20001d88  buffer                             
20001dd0  current_coffee                     
20001e54  cardnumber                         
20001e7c  Q_KEY                              
20001e80  Q_LCD                              
20001e84  active_semaphore                   
20001e88  balance_mutex                      
20001e8c  cash_set_q                         
20001e90  coffee_t                           
20001e94  coffee_types_mutex                 
20001e98  log_array_semaphore                
20001e9c  log_coffee_q                       
20001ea0  log_payment_q                      
20001ea4  log_time_q                         
20001ea8  payment_t                          
20001eac  uart0_rx_queue                     
20001eb0  uart0_tx_queue                     
20001eb4  LCD_init                           
20001eb5  balance                            
20001eb8  __stack                            
200020b8  __STACK_END                        
200020b8  __STACK_TOP                        
200020b8  pxCurrentTCB                       
200020f8  errno                              
200020fc  LCD_state                          
ffffffff  __TI_pprof_out_hndl                
ffffffff  __TI_prof_data_size                
ffffffff  __TI_prof_data_start               
ffffffff  __binit__                          
ffffffff  __c_args__                         
ffffffff  binit                              
UNDEFED   __mpu_init                         
UNDEFED   _system_post_cinit                 

[246 symbols]
